Archive member included because of file (symbol)

contiki-sky.a(deployment.o)   obj_sky/node-id.o (get_node_id)
contiki-sky.a(deployment-log.)
                              app-rpl-collect-only.co (appdata_copy)
contiki-sky.a(simple-energest)
                              contiki-sky.a(deployment-log.) (simple_energest_init)
contiki-sky.a(contiki-sky-pla)
                              obj_sky/contiki-sky-main.o (init_platform)
contiki-sky.a(button-sensor.o)
                              contiki-sky.a(contiki-sky-pla) (button_sensor)
contiki-sky.a(ds2411.o)       obj_sky/contiki-sky-main.o (ds2411_init)
contiki-sky.a(xmem.o)         obj_sky/contiki-sky-main.o (xmem_init)
contiki-sky.a(sensors.o)      contiki-sky.a(button-sensor.o) (sensors_changed)
contiki-sky.a(cc2420.o)       obj_sky/contiki-sky-main.o (cc2420_set_pan_addr)
contiki-sky.a(cc2420-arch.o)  contiki-sky.a(cc2420.o) (cc2420_arch_init)
contiki-sky.a(cc2420-arch-sfd)
                              contiki-sky.a(cc2420-arch.o) (cc2420_arch_sfd_init)
contiki-sky.a(uart1.o)        obj_sky/contiki-sky-main.o (uart1_active)
contiki-sky.a(msp430.o)       contiki-sky.a(uart1.o) (msp430_add_lpm_req)
contiki-sky.a(clock.o)        obj_sky/contiki-sky-main.o (clock_init)
contiki-sky.a(leds.o)         obj_sky/contiki-sky-main.o (leds_init)
contiki-sky.a(leds-arch.o)    contiki-sky.a(leds.o) (leds_arch_init)
contiki-sky.a(watchdog.o)     obj_sky/contiki-sky-main.o (watchdog_start)
contiki-sky.a(rtimer-arch.o)  obj_sky/contiki-sky-main.o (rtimer_arch_now)
contiki-sky.a(autostart.o)    obj_sky/contiki-sky-main.o (autostart_start)
contiki-sky.a(ctimer.o)       obj_sky/contiki-sky-main.o (ctimer_init)
contiki-sky.a(energest.o)     obj_sky/contiki-sky-main.o (energest_init)
contiki-sky.a(etimer.o)       contiki-sky.a(clock.o) (etimer_request_poll)
contiki-sky.a(process.o)      contiki-sky.a(ctimer.o) (process_current)
contiki-sky.a(rtimer.o)       obj_sky/contiki-sky-main.o (rtimer_init)
contiki-sky.a(timer.o)        contiki-sky.a(button-sensor.o) (timer_set)
contiki-sky.a(list.o)         contiki-sky.a(ctimer.o) (list_init)
contiki-sky.a(memb.o)         obj_sky/orchestra.o (memb_init)
contiki-sky.a(random.o)       obj_sky/contiki-sky-main.o (random_init)
contiki-sky.a(uip-ds6.o)      app-rpl-collect-only.co (uip_ds6_is_addr_onlink)
contiki-sky.a(uip-ds6-route.o)
                              contiki-sky.a(uip-ds6.o) (uip_ds6_route_init)
contiki-sky.a(uip6.o)         contiki-sky.a(deployment-log.) (uip_aligned_buf)
contiki-sky.a(uip-ds6-nbr.o)  contiki-sky.a(uip-ds6.o) (uip_ds6_neighbors_init)
contiki-sky.a(uip-nd6.o)      contiki-sky.a(uip6.o) (uip_nd6_init)
contiki-sky.a(sicslowpan.o)   obj_sky/contiki-sky-main.o (sicslowpan_driver)
contiki-sky.a(tcpip.o)        contiki-sky.a(sicslowpan.o) (tcpip_set_outputfunc)
contiki-sky.a(simple-udp.o)   app-rpl-collect-only.co (simple_udp_sendto)
contiki-sky.a(rpl-dag.o)      contiki-sky.a(deployment-log.) (rpl_parents)
contiki-sky.a(rpl-timers.o)   contiki-sky.a(rpl-dag.o) (rpl_reset_dio_timer)
contiki-sky.a(rpl-ext-header.)
                              contiki-sky.a(uip6.o) (rpl_verify_header)
contiki-sky.a(rpl.o)          contiki-sky.a(rpl-timers.o) (rpl_purge_routes)
contiki-sky.a(rpl-of-etx-exp.)
                              contiki-sky.a(rpl-dag.o) (rpl_of_etx_exp)
contiki-sky.a(nordc.o)        obj_sky/contiki-sky-main.o (nordc_driver)
contiki-sky.a(framer-802154.o)
                              contiki-sky.a(sicslowpan.o) (framer_802154)
contiki-sky.a(framer.o)       contiki-sky.a(framer-802154.o) (framer_canonical_create_and_secure)
contiki-sky.a(queuebuf.o)     obj_sky/contiki-sky-main.o (queuebuf_init)
contiki-sky.a(nbr-table.o)    contiki-sky.a(uip-ds6-nbr.o) (nbr_table_register)
contiki-sky.a(packetbuf.o)    contiki-sky.a(queuebuf.o) (packetbuf_copyto_hdr)
contiki-sky.a(linkaddr.o)     obj_sky/contiki-sky-main.o (linkaddr_copy)
contiki-sky.a(tsch.o)         obj_sky/orchestra.o (tsch_broadcast_address)
contiki-sky.a(tsch-queue.o)   contiki-sky.a(tsch.o) (tsch_queue_get_nbr)
contiki-sky.a(tsch-schedule.o)
                              obj_sky/orchestra.o (tsch_schedule_add_slotframe)
contiki-sky.a(tsch-packet.o)  contiki-sky.a(tsch.o) (tsch_packet_parse_sync_ack)
contiki-sky.a(tsch-rpl.o)     obj_sky/orchestra.o (tsch_rpl_callback_joining_network)
contiki-sky.a(nullsec.o)      obj_sky/contiki-sky-main.o (nullsec_driver)
contiki-sky.a(spi.o)          contiki-sky.a(xmem.o) (spi_init)
contiki-sky.a(stimer.o)       contiki-sky.a(uip-ds6.o) (stimer_set)
contiki-sky.a(ringbufindex.o)
                              contiki-sky.a(tsch.o) (ringbufindex_init)
contiki-sky.a(uip-icmp6.o)    contiki-sky.a(uip6.o) (uip_icmp6_input)
contiki-sky.a(uip-debug.o)    contiki-sky.a(tsch-queue.o) (uip_debug_lladdr_print)
contiki-sky.a(uip-udp-packet.)
                              contiki-sky.a(simple-udp.o) (uip_udp_packet_sendto)
contiki-sky.a(rpl-icmp6.o)    contiki-sky.a(rpl-dag.o) (dio_output)
[...]
Memory Configuration

Name             Origin             Length             Attributes
sfr              0x0000000000000000 0x0000000000000010
peripheral_8bit  0x0000000000000010 0x00000000000000f0
peripheral_16bit 0x0000000000000100 0x0000000000000100
ram_mirror       0x0000000000000200 0x0000000000000800 xw
infomem          0x0000000000001000 0x0000000000000100
infob            0x0000000000001000 0x0000000000000080
infoa            0x0000000000001080 0x0000000000000080
ram              0x0000000000001100 0x0000000000002800 xw
rom              0x0000000000004000 0x000000000000bfe0 xr
vectors          0x000000000000ffe0 0x0000000000000020
bsl              0x0000000000000000 0x0000000000000000
infoc            0x0000000000000000 0x0000000000000000
infod            0x0000000000000000 0x0000000000000000
ram2             0x0000000000000000 0x0000000000000000 xw
usbram           0x0000000000000000 0x0000000000000000 xw
far_rom          0x0000000000000000 0x0000000000000000
*default*        0x0000000000000000 0xffffffffffffffff

Linker script and memory map

LOAD /usr/lib/gcc/msp430/4.6.3/mmpy-16/crt0ivtbl16.o
LOAD app-rpl-collect-only.co
LOAD obj_sky/node-id.o
LOAD obj_sky/orchestra.o
LOAD obj_sky/uart1-putchar.o
LOAD obj_sky/contiki-sky-main.o
LOAD contiki-sky.a
LOAD /usr/lib/gcc/msp430/4.6.3/mmpy-16/libgcc.a
LOAD /usr/lib/gcc/msp430/4.6.3/../../../../msp430/lib/mmpy-16/libc.a
LOAD /usr/lib/gcc/msp430/4.6.3/mmpy-16/libgcc.a
LOAD /usr/lib/gcc/msp430/4.6.3/mmpy-16/libcrt0.a
                0x0000000000000080                PROVIDE (__info_segment_size, 0x80)
                0x0000000000001000                PROVIDE (__infob, 0x1000)
                0x0000000000001080                PROVIDE (__infoa, 0x1080)
                0x0000000000000000                __IE1 = 0x0
                0x0000000000000002                __IFG1 = 0x2
                0x0000000000000004                __ME1 = 0x4
                0x0000000000000001                __IE2 = 0x1
                0x0000000000000003                __IFG2 = 0x3
                0x0000000000000005                __ME2 = 0x5
                0x0000000000000120                __WDTCTL = 0x120
                0x0000000000000130                __MPY = 0x130
                0x0000000000000132                __MPYS = 0x132
                0x0000000000000134                __MAC = 0x134
                0x0000000000000136                __MACS = 0x136
                0x0000000000000138                __OP2 = 0x138
                0x000000000000013a                __RESLO = 0x13a
                0x000000000000013c                __RESHI = 0x13c
                0x000000000000013e                __SUMEXT = 0x13e
                0x0000000000000020                __P1IN = 0x20
                0x0000000000000021                __P1OUT = 0x21
                0x0000000000000022                __P1DIR = 0x22
                0x0000000000000023                __P1IFG = 0x23
                0x0000000000000024                __P1IES = 0x24
                0x0000000000000025                __P1IE = 0x25
                0x0000000000000026                __P1SEL = 0x26
                0x0000000000000028                __P2IN = 0x28
                0x0000000000000029                __P2OUT = 0x29
                0x000000000000002a                __P2DIR = 0x2a
                0x000000000000002b                __P2IFG = 0x2b
                0x000000000000002c                __P2IES = 0x2c
                0x000000000000002d                __P2IE = 0x2d
                0x000000000000002e                __P2SEL = 0x2e
                0x0000000000000018                __P3IN = 0x18
                0x0000000000000019                __P3OUT = 0x19
                0x000000000000001a                __P3DIR = 0x1a
                0x000000000000001b                __P3SEL = 0x1b
                0x000000000000001c                __P4IN = 0x1c
                0x000000000000001d                __P4OUT = 0x1d
                0x000000000000001e                __P4DIR = 0x1e
                0x000000000000001f                __P4SEL = 0x1f
                0x0000000000000030                __P5IN = 0x30
                0x0000000000000031                __P5OUT = 0x31
                0x0000000000000032                __P5DIR = 0x32
                0x0000000000000033                __P5SEL = 0x33
                0x0000000000000034                __P6IN = 0x34
                0x0000000000000035                __P6OUT = 0x35
                0x0000000000000036                __P6DIR = 0x36
                0x0000000000000037                __P6SEL = 0x37
                0x0000000000000070                __U0CTL = 0x70
                0x0000000000000071                __U0TCTL = 0x71
                0x0000000000000072                __U0RCTL = 0x72
                0x0000000000000073                __U0MCTL = 0x73
                0x0000000000000074                __U0BR0 = 0x74
                0x0000000000000075                __U0BR1 = 0x75
                0x0000000000000076                __U0RXBUF = 0x76
                0x0000000000000077                __U0TXBUF = 0x77
                0x0000000000000078                __U1CTL = 0x78
                0x0000000000000079                __U1TCTL = 0x79
                0x000000000000007a                __U1RCTL = 0x7a
                0x000000000000007b                __U1MCTL = 0x7b
                0x000000000000007c                __U1BR0 = 0x7c
                0x000000000000007d                __U1BR1 = 0x7d
                0x000000000000007e                __U1RXBUF = 0x7e
                0x000000000000007f                __U1TXBUF = 0x7f
                0x0000000000000050                __I2CIE = 0x50
                0x0000000000000051                __I2CIFG = 0x51
                0x0000000000000052                __I2CNDAT = 0x52
                0x0000000000000071                __I2CTCTL = 0x71
                0x0000000000000072                __I2CDCTL = 0x72
                0x0000000000000073                __I2CPSC = 0x73
                0x0000000000000074                __I2CSCLH = 0x74
                0x0000000000000075                __I2CSCLL = 0x75
                0x0000000000000076                __I2CDRB = 0x76
                0x0000000000000076                __I2CDRW = 0x76
                0x0000000000000118                __I2COA = 0x118
                0x000000000000011a                __I2CSA = 0x11a
                0x000000000000011c                __I2CIV = 0x11c
                0x000000000000012e                __TAIV = 0x12e
                0x0000000000000160                __TACTL = 0x160
                0x0000000000000162                __TACCTL0 = 0x162
                0x0000000000000164                __TACCTL1 = 0x164
                0x0000000000000166                __TACCTL2 = 0x166
                0x0000000000000170                __TAR = 0x170
                0x0000000000000172                __TACCR0 = 0x172
                0x0000000000000174                __TACCR1 = 0x174
                0x0000000000000176                __TACCR2 = 0x176
                0x000000000000011e                __TBIV = 0x11e
                0x0000000000000180                __TBCTL = 0x180
                0x0000000000000182                __TBCCTL0 = 0x182
                0x0000000000000184                __TBCCTL1 = 0x184
                0x0000000000000186                __TBCCTL2 = 0x186
                0x0000000000000188                __TBCCTL3 = 0x188
                0x000000000000018a                __TBCCTL4 = 0x18a
                0x000000000000018c                __TBCCTL5 = 0x18c
                0x000000000000018e                __TBCCTL6 = 0x18e
                0x0000000000000190                __TBR = 0x190
                0x0000000000000192                __TBCCR0 = 0x192
                0x0000000000000194                __TBCCR1 = 0x194
                0x0000000000000196                __TBCCR2 = 0x196
                0x0000000000000198                __TBCCR3 = 0x198
                0x000000000000019a                __TBCCR4 = 0x19a
                0x000000000000019c                __TBCCR5 = 0x19c
                0x000000000000019e                __TBCCR6 = 0x19e
                0x0000000000000056                __DCOCTL = 0x56
                0x0000000000000057                __BCSCTL1 = 0x57
                0x0000000000000058                __BCSCTL2 = 0x58
                0x0000000000000055                __SVSCTL = 0x55
                0x0000000000000128                __FCTL1 = 0x128
                0x000000000000012a                __FCTL2 = 0x12a
                0x000000000000012c                __FCTL3 = 0x12c
                0x0000000000000059                __CACTL1 = 0x59
                0x000000000000005a                __CACTL2 = 0x5a
                0x000000000000005b                __CAPD = 0x5b
                0x00000000000001a0                __ADC12CTL0 = 0x1a0
                0x00000000000001a2                __ADC12CTL1 = 0x1a2
                0x00000000000001a4                __ADC12IFG = 0x1a4
                0x00000000000001a6                __ADC12IE = 0x1a6
                0x00000000000001a8                __ADC12IV = 0x1a8
                0x0000000000000140                __ADC12MEM0 = 0x140
                0x0000000000000142                __ADC12MEM1 = 0x142
                0x0000000000000144                __ADC12MEM2 = 0x144
                0x0000000000000146                __ADC12MEM3 = 0x146
                0x0000000000000148                __ADC12MEM4 = 0x148
                0x000000000000014a                __ADC12MEM5 = 0x14a
                0x000000000000014c                __ADC12MEM6 = 0x14c
                0x000000000000014e                __ADC12MEM7 = 0x14e
                0x0000000000000150                __ADC12MEM8 = 0x150
                0x0000000000000152                __ADC12MEM9 = 0x152
                0x0000000000000154                __ADC12MEM10 = 0x154
                0x0000000000000156                __ADC12MEM11 = 0x156
                0x0000000000000158                __ADC12MEM12 = 0x158
                0x000000000000015a                __ADC12MEM13 = 0x15a
                0x000000000000015c                __ADC12MEM14 = 0x15c
                0x000000000000015e                __ADC12MEM15 = 0x15e
                0x0000000000000080                __ADC12MCTL0 = 0x80
                0x0000000000000081                __ADC12MCTL1 = 0x81
                0x0000000000000082                __ADC12MCTL2 = 0x82
                0x0000000000000083                __ADC12MCTL3 = 0x83
                0x0000000000000084                __ADC12MCTL4 = 0x84
                0x0000000000000085                __ADC12MCTL5 = 0x85
                0x0000000000000086                __ADC12MCTL6 = 0x86
                0x0000000000000087                __ADC12MCTL7 = 0x87
                0x0000000000000088                __ADC12MCTL8 = 0x88
                0x0000000000000089                __ADC12MCTL9 = 0x89
                0x000000000000008a                __ADC12MCTL10 = 0x8a
                0x000000000000008b                __ADC12MCTL11 = 0x8b
                0x000000000000008c                __ADC12MCTL12 = 0x8c
                0x000000000000008d                __ADC12MCTL13 = 0x8d
                0x000000000000008e                __ADC12MCTL14 = 0x8e
                0x000000000000008f                __ADC12MCTL15 = 0x8f
                0x00000000000001c0                __DAC12_0CTL = 0x1c0
                0x00000000000001c2                __DAC12_1CTL = 0x1c2
                0x00000000000001c8                __DAC12_0DAT = 0x1c8
                0x00000000000001ca                __DAC12_1DAT = 0x1ca
                0x0000000000000122                __DMACTL0 = 0x122
                0x0000000000000124                __DMACTL1 = 0x124
                0x00000000000001e0                __DMA0CTL = 0x1e0
                0x00000000000001e8                __DMA1CTL = 0x1e8
                0x00000000000001f0                __DMA2CTL = 0x1f0
                0x00000000000001e2                __DMA0SA = 0x1e2
                0x00000000000001e4                __DMA0DA = 0x1e4
                0x00000000000001e6                __DMA0SZ = 0x1e6
                0x00000000000001ea                __DMA1SA = 0x1ea
                0x00000000000001ec                __DMA1DA = 0x1ec
                0x00000000000001ee                __DMA1SZ = 0x1ee
                0x00000000000001f2                __DMA2SA = 0x1f2
                0x00000000000001f4                __DMA2DA = 0x1f4
                0x00000000000001f6                __DMA2SZ = 0x1f6

.hash
 *(.hash)

.dynsym
 *(.dynsym)

.dynstr
 *(.dynstr)

.gnu.version
 *(.gnu.version)

.gnu.version_d
 *(.gnu.version_d)

.gnu.version_r
 *(.gnu.version_r)

.rel.init
 *(.rel.init)

.rela.init
 *(.rela.init)

.rel.fini
 *(.rel.fini)

.rela.fini
 *(.rela.fini)

.rel.text
 *(.rel.text .rel.text.* .rel.gnu.linkonce.t.*)

.rela.text
 *(.rela.text .rela.text.* .rela.gnu.linkonce.t.*)

.rel.rodata
 *(.rel.rodata .rel.rodata.* .rel.gnu.linkonce.r.*)

.rela.rodata
 *(.rela.rodata .rela.rodata.* .rela.gnu.linkonce.r.*)

.rel.data
 *(.rel.data .rel.data.* .rel.gnu.linkonce.d.*)

.rela.data
 *(.rela.data .rela.data.* .rela.gnu.linkonce.d.*)

.rel.bss
 *(.rel.bss .rel.bss.* .rel.gnu.linkonce.b.*)

.rela.bss
 *(.rela.bss .rela.bss.* .rela.gnu.linkonce.b.*)

.rel.ctors
 *(.rel.ctors)

.rela.ctors
 *(.rela.ctors)

.rel.dtors
 *(.rel.dtors)

.rela.dtors
 *(.rela.dtors)

.rel.got
 *(.rel.got)

.rela.got
 *(.rela.got)

.rel.plt
 *(.rel.plt)

.rela.plt
 *(.rela.plt)

.text           0x0000000000004000     0xa620
                0x0000000000004000                . = ALIGN (0x2)
 *(.init .init.*)
 *(.init0)
 .init0         0x0000000000004000        0x0 /usr/lib/gcc/msp430/4.6.3/mmpy-16/libcrt0.a(_reset_vector__.o)
                0x0000000000004000                _reset_vector__
 *(.init1)
 .init1         0x0000000000004000        0xc /usr/lib/gcc/msp430/4.6.3/mmpy-16/libcrt0.a(__watchdog_support.o)
                0x0000000000004000                __watchdog_support
 *(.init2)
 .init2         0x000000000000400c        0x4 /usr/lib/gcc/msp430/4.6.3/mmpy-16/libcrt0.a(__init_stack.o)
                0x000000000000400c                __init_stack
 *(.init3)
 .init3         0x0000000000004010        0x0 /usr/lib/gcc/msp430/4.6.3/mmpy-16/libcrt0.a(__low_level_init.o)
                0x0000000000004010                __low_level_init
 *(.init4)
 .init4         0x0000000000004010       0x18 /usr/lib/gcc/msp430/4.6.3/mmpy-16/libcrt0.a(_copy_data.o)
                0x0000000000004010                __do_copy_data
 .init4         0x0000000000004028       0x16 /usr/lib/gcc/msp430/4.6.3/mmpy-16/libcrt0.a(_clear_bss.o)
                0x0000000000004028                __do_clear_bss
 *(.init5)
 *(.init6)
 *(.init7)
 *(.init8)
 *(.init9)
 .init9         0x000000000000403e      0x1d6 obj_sky/contiki-sky-main.o
                0x000000000000403e                main
 *(.fini9)
 .fini9         0x0000000000004214        0x0 /usr/lib/gcc/msp430/4.6.3/mmpy-16/libcrt0.a(__stop_progExec__.o)
                0x0000000000004214                __stop_progExec__
 *(.fini8)
 *(.fini7)
 *(.fini6)
 *(.fini5)
 *(.fini4)
 *(.fini3)
 *(.fini2)
 *(.fini1)
 *(.fini0)
 .fini0         0x0000000000004214        0x6 /usr/lib/gcc/msp430/4.6.3/mmpy-16/libcrt0.a(_endless_loop__.o)
                0x0000000000004214                _endless_loop__
 *(.fini .fini.*)
                0x000000000000421a                . = ALIGN (0x2)
                0x000000000000421a                __ctors_start = .
 *(.ctors)
                0x000000000000421a                __ctors_end = .
                0x000000000000421a                __dtors_start = .
 *(.dtors)
                0x000000000000421a                __dtors_end = .
                0x000000000000421a                . = ALIGN (0x2)
 *(.text .text.* .gnu.linkonce.t.*)
 .text          0x000000000000421a        0x4 /usr/lib/gcc/msp430/4.6.3/mmpy-16/crt0ivtbl16.o
                0x000000000000421a                __isr_14
                0x000000000000421a                __isr_11
                0x000000000000421a                __isr_2
                0x000000000000421a                __isr_7
                0x000000000000421a                __isr_0
                0x000000000000421a                __isr_8
                0x000000000000421a                __isr_3
                0x000000000000421a                __isr_13
                0x000000000000421a                __isr_9
 .text.receiver
                0x000000000000421e       0x3a app-rpl-collect-only.co
 .text.app_send_to
                0x0000000000004258       0xc2 app-rpl-collect-only.co
                0x0000000000004258                app_send_to
 .text.process_thread_unicast_sender_process
                0x000000000000431a      0x148 app-rpl-collect-only.co
 .text.node_id_restore
                0x0000000000004462        0xa obj_sky/node-id.o
                0x0000000000004462                node_id_restore
 .text.orchestra_callback_joining_network
                0x000000000000446c       0x3c obj_sky/orchestra.o
                0x000000000000446c                orchestra_callback_joining_network
 .text.orchestra_callback_new_time_source
                0x00000000000044a8       0x50 obj_sky/orchestra.o
                0x00000000000044a8                orchestra_callback_new_time_source
 .text.orchestra_init
                0x00000000000044f8       0x84 obj_sky/orchestra.o
                0x00000000000044f8                orchestra_init
 .text.putchar  0x000000000000457c       0x10 obj_sky/uart1-putchar.o
                0x000000000000457c                putchar
 .text.start_network_layer
                0x000000000000458c       0x18 obj_sky/contiki-sky-main.o
 .text.get_node_id
                0x00000000000045a4        0x6 contiki-sky.a(deployment.o)
                0x00000000000045a4                get_node_id
 .text.node_id_from_linkaddr
                0x00000000000045aa        0xe contiki-sky.a(deployment.o)
                0x00000000000045aa                node_id_from_linkaddr
 .text.node_id_from_ipaddr
                0x00000000000045b8       0x16 contiki-sky.a(deployment.o)
                0x00000000000045b8                node_id_from_ipaddr
 .text.get_node_index_from_id
                0x00000000000045ce        0x2 contiki-sky.a(deployment.o)
                0x00000000000045ce                get_node_index_from_id
 .text.set_linkaddr_from_id
                0x00000000000045d0       0x26 contiki-sky.a(deployment.o)
                0x00000000000045d0                set_linkaddr_from_id
 .text.set_ipaddr_from_id
                0x00000000000045f6       0x2c contiki-sky.a(deployment.o)
                0x00000000000045f6                set_ipaddr_from_id
 .text.deployment_init
                0x0000000000004622       0xc2 contiki-sky.a(deployment.o)
                0x0000000000004622                deployment_init
 .text.rpl_print_neighbor_list
                0x00000000000046e4       0x36 contiki-sky.a(deployment-log.)
                0x00000000000046e4                rpl_print_neighbor_list
 .text.process_thread_log_process
                0x000000000000471a       0x62 contiki-sky.a(deployment-log.)
 .text.appdata_copy
                0x000000000000477c       0x1c contiki-sky.a(deployment-log.)
                0x000000000000477c                appdata_copy
 .text.appdataptr_from_buffer
                0x0000000000004798       0x38 contiki-sky.a(deployment-log.)
                0x0000000000004798                appdataptr_from_buffer
 .text.appdataptr_from_uip
                0x00000000000047d0        0xe contiki-sky.a(deployment-log.)
                0x00000000000047d0                appdataptr_from_uip
 .text.appdataptr_from_packetbuf
                0x00000000000047de       0x16 contiki-sky.a(deployment-log.)
                0x00000000000047de                appdataptr_from_packetbuf
 .text.log_appdataptr
                0x00000000000047f4       0x96 contiki-sky.a(deployment-log.)
                0x00000000000047f4                log_appdataptr
 .text.log_start
                0x000000000000488a        0xc contiki-sky.a(deployment-log.)
                0x000000000000488a                log_start
 .text.simple_energest_init
                0x0000000000004896       0x4e contiki-sky.a(simple-energest)
                0x0000000000004896                simple_energest_init
 .text.simple_energest_step
                0x00000000000048e4       0xb6 contiki-sky.a(simple-energest)
                0x00000000000048e4                simple_energest_step
 .text.init_platform
                0x000000000000499a        0xc contiki-sky.a(contiki-sky-pla)
                0x000000000000499a                init_platform
 .text.status   0x00000000000049a6       0x16 contiki-sky.a(button-sensor.o)
 .text.configure
                0x00000000000049bc       0x52 contiki-sky.a(button-sensor.o)
 .text.value    0x0000000000004a0e       0x22 contiki-sky.a(button-sensor.o)
 .text.irq_p2   0x0000000000004a30       0x8a contiki-sky.a(button-sensor.o)
                0x0000000000004a30                irq_p2
                0x0000000000004a30                __isr_1
 .text.owreadb  0x0000000000004aba       0x52 contiki-sky.a(ds2411.o)
 .text.ds2411_init
                0x0000000000004b0c      0x122 contiki-sky.a(ds2411.o)
                0x0000000000004b0c                ds2411_init
 .text.xmem_init
                0x0000000000004c2e       0x3e contiki-sky.a(xmem.o)
                0x0000000000004c2e                xmem_init
 .text.process_thread_sensors_process
                0x0000000000004c6c       0xbe contiki-sky.a(sensors.o)
 .text.sensors_changed
                0x0000000000004d2a       0x2a contiki-sky.a(sensors.o)
                0x0000000000004d2a                sensors_changed
 .text.get_object
                0x0000000000004d54        0x4 contiki-sky.a(cc2420.o)
 .text.set_object
                0x0000000000004d58        0x4 contiki-sky.a(cc2420.o)
 .text.strobe   0x0000000000004d5c       0x20 contiki-sky.a(cc2420.o)
 .text.status   0x0000000000004d7c       0x26 contiki-sky.a(cc2420.o)
 .text.getreg   0x0000000000004da2       0x54 contiki-sky.a(cc2420.o)
 .text.setreg   0x0000000000004df6       0x52 contiki-sky.a(cc2420.o)
 .text.write_ram
                0x0000000000004e48       0x80 contiki-sky.a(cc2420.o)
 .text.write_fifo_buf
                0x0000000000004ec8       0x40 contiki-sky.a(cc2420.o)
 .text.get_status
                0x0000000000004f08       0x24 contiki-sky.a(cc2420.o)
 .text.cc2420_receiving_packet
                0x0000000000004f2c        0xe contiki-sky.a(cc2420.o)
 .text.pending_packet
                0x0000000000004f3a        0x8 contiki-sky.a(cc2420.o)
 .text.on       0x0000000000004f42       0x26 contiki-sky.a(cc2420.o)
 .text.wait_for_transmission
                0x0000000000004f68       0x22 contiki-sky.a(cc2420.o)
 .text.wait_for_status
                0x0000000000004f8a       0x2a contiki-sky.a(cc2420.o)
 .text.getrxdata
                0x0000000000004fb4       0x56 contiki-sky.a(cc2420.o)
 .text.flushrx  0x000000000000500a       0x1a contiki-sky.a(cc2420.o)
 .text.off      0x0000000000005024       0x62 contiki-sky.a(cc2420.o)
 .text.RELEASE_LOCK
                0x0000000000005086       0x28 contiki-sky.a(cc2420.o)
 .text.set_key  0x00000000000050ae       0x18 contiki-sky.a(cc2420.o)
 .text.cc2420_prepare
                0x00000000000050c6       0x3c contiki-sky.a(cc2420.o)
 .text.cc2420_on
                0x0000000000005102       0x22 contiki-sky.a(cc2420.o)
                0x0000000000005102                cc2420_on
 .text.cc2420_transmit
                0x0000000000005124       0xc8 contiki-sky.a(cc2420.o)
 .text.cc2420_send
                0x00000000000051ec       0x12 contiki-sky.a(cc2420.o)
 .text.cc2420_off
                0x00000000000051fe       0x30 contiki-sky.a(cc2420.o)
                0x00000000000051fe                cc2420_off
 .text.cc2420_cca
                0x000000000000522e       0x5e contiki-sky.a(cc2420.o)
 .text.cc2420_read
                0x000000000000528c       0xbc contiki-sky.a(cc2420.o)
 .text.process_thread_cc2420_process
                0x0000000000005348       0x52 contiki-sky.a(cc2420.o)
 .text.encrypt  0x000000000000539a       0x8e contiki-sky.a(cc2420.o)
 .text.cc2420_set_channel
                0x0000000000005428       0x3c contiki-sky.a(cc2420.o)
                0x0000000000005428                cc2420_set_channel
 .text.cc2420_set_pan_addr
                0x0000000000005464       0x4c contiki-sky.a(cc2420.o)
                0x0000000000005464                cc2420_set_pan_addr
 .text.cc2420_interrupt
                0x00000000000054b0       0x18 contiki-sky.a(cc2420.o)
                0x00000000000054b0                cc2420_interrupt
 .text.cc2420_set_txpower
                0x00000000000054c8       0x2e contiki-sky.a(cc2420.o)
                0x00000000000054c8                cc2420_set_txpower
 .text.set_value
                0x00000000000054f6       0x78 contiki-sky.a(cc2420.o)
 .text.cc2420_get_txpower
                0x000000000000556e       0x1e contiki-sky.a(cc2420.o)
                0x000000000000556e                cc2420_get_txpower
 .text.cc2420_rssi
                0x000000000000558c       0x4c contiki-sky.a(cc2420.o)
                0x000000000000558c                cc2420_rssi
 .text.get_value
                0x00000000000055d8       0x8a contiki-sky.a(cc2420.o)
 .text.cc2420_set_cca_threshold
                0x0000000000005662       0x16 contiki-sky.a(cc2420.o)
                0x0000000000005662                cc2420_set_cca_threshold
 .text.cc2420_sfd_sync
                0x0000000000005678       0x48 contiki-sky.a(cc2420.o)
                0x0000000000005678                cc2420_sfd_sync
 .text.cc2420_read_sfd_timer
                0x00000000000056c0        0x6 contiki-sky.a(cc2420.o)
                0x00000000000056c0                cc2420_read_sfd_timer
 .text.cc2420_address_decode
                0x00000000000056c6       0x74 contiki-sky.a(cc2420.o)
                0x00000000000056c6                cc2420_address_decode
 .text.cc2420_set_interrupt_enable
                0x000000000000573a       0x4a contiki-sky.a(cc2420.o)
                0x000000000000573a                cc2420_set_interrupt_enable
 .text.cc2420_init
                0x0000000000005784      0x122 contiki-sky.a(cc2420.o)
                0x0000000000005784                cc2420_init
 .text.cc2420_port1_interrupt
                0x00000000000058a6       0x62 contiki-sky.a(cc2420-arch.o)
                0x00000000000058a6                __isr_4
                0x00000000000058a6                cc2420_port1_interrupt
 .text.cc2420_arch_init
                0x0000000000005908       0x1e contiki-sky.a(cc2420-arch.o)
                0x0000000000005908                cc2420_arch_init
 .text.cc2420_timerb1_interrupt
                0x0000000000005926       0x70 contiki-sky.a(cc2420-arch-sfd)
                0x0000000000005926                cc2420_timerb1_interrupt
                0x0000000000005926                __isr_12
 .text.cc2420_arch_sfd_init
                0x0000000000005996       0x26 contiki-sky.a(cc2420-arch-sfd)
                0x0000000000005996                cc2420_arch_sfd_init
 .text.uart1_active
                0x00000000000059bc       0x1a contiki-sky.a(uart1.o)
                0x00000000000059bc                uart1_active
 .text.uart1_writeb
                0x00000000000059d6       0x1a contiki-sky.a(uart1.o)
                0x00000000000059d6                uart1_writeb
 .text.uart1_init
                0x00000000000059f0       0xf6 contiki-sky.a(uart1.o)
                0x00000000000059f0                uart1_init
 .text.msp430_init_dco
                0x0000000000005ae6       0x84 contiki-sky.a(msp430.o)
                0x0000000000005ae6                msp430_init_dco
 .text.msp430_add_lpm_req
                0x0000000000005b6a        0xc contiki-sky.a(msp430.o)
                0x0000000000005b6a                msp430_add_lpm_req
 .text.msp430_cpu_init
                0x0000000000005b76       0x2a contiki-sky.a(msp430.o)
                0x0000000000005b76                msp430_cpu_init
 .text.splhigh_
                0x0000000000005ba0        0x8 contiki-sky.a(msp430.o)
                0x0000000000005ba0                splhigh_
 .text.timera1  0x0000000000005ba8      0x11e contiki-sky.a(clock.o)
                0x0000000000005ba8                __isr_5
                0x0000000000005ba8                timera1
 .text.clock_time
                0x0000000000005cc6       0x1a contiki-sky.a(clock.o)
                0x0000000000005cc6                clock_time
 .text.clock_init
                0x0000000000005ce0       0x28 contiki-sky.a(clock.o)
                0x0000000000005ce0                clock_init
 .text.clock_delay
                0x0000000000005d08        0xc contiki-sky.a(clock.o)
                0x0000000000005d08                clock_delay
 .text.clock_seconds
                0x0000000000005d14       0x1a contiki-sky.a(clock.o)
                0x0000000000005d14                clock_seconds
 .text.show_leds
                0x0000000000005d2e       0xf6 contiki-sky.a(leds.o)
 .text.leds_init
                0x0000000000005e24        0xa contiki-sky.a(leds.o)
                0x0000000000005e24                leds_init
 .text.leds_on  0x0000000000005e2e        0xa contiki-sky.a(leds.o)
                0x0000000000005e2e                leds_on
 .text.leds_off
                0x0000000000005e38        0xe contiki-sky.a(leds.o)
                0x0000000000005e38                leds_off
 .text.leds_toggle
                0x0000000000005e46        0xa contiki-sky.a(leds.o)
                0x0000000000005e46                leds_toggle
 .text.leds_blink
                0x0000000000005e50       0x20 contiki-sky.a(leds.o)
                0x0000000000005e50                leds_blink
 .text.leds_arch_init
                0x0000000000005e70        0xe contiki-sky.a(leds-arch.o)
                0x0000000000005e70                leds_arch_init
 .text.leds_arch_set
                0x0000000000005e7e       0x3a contiki-sky.a(leds-arch.o)
                0x0000000000005e7e                leds_arch_set
 .text.printstring
                0x0000000000005eb8       0x18 contiki-sky.a(watchdog.o)
 .text.hexprint
                0x0000000000005ed0       0x52 contiki-sky.a(watchdog.o)
 .text.watchdog_interrupt
                0x0000000000005f22       0x90 contiki-sky.a(watchdog.o)
                0x0000000000005f22                __isr_10
                0x0000000000005f22                watchdog_interrupt
 .text.watchdog_start
                0x0000000000005fb2       0x14 contiki-sky.a(watchdog.o)
                0x0000000000005fb2                watchdog_start
 .text.watchdog_periodic
                0x0000000000005fc6       0x12 contiki-sky.a(watchdog.o)
                0x0000000000005fc6                watchdog_periodic
 .text.watchdog_stop
                0x0000000000005fd8       0x16 contiki-sky.a(watchdog.o)
                0x0000000000005fd8                watchdog_stop
 .text.watchdog_init
                0x0000000000005fee       0x14 contiki-sky.a(watchdog.o)
                0x0000000000005fee                watchdog_init
 .text.rtimer_arch_init
                0x0000000000006002        0xe contiki-sky.a(rtimer-arch.o)
                0x0000000000006002                rtimer_arch_init
 .text.rtimer_arch_now
                0x0000000000006010        0xe contiki-sky.a(rtimer-arch.o)
                0x0000000000006010                rtimer_arch_now
 .text.timera0  0x000000000000601e       0x7c contiki-sky.a(rtimer-arch.o)
                0x000000000000601e                __isr_6
                0x000000000000601e                timera0
 .text.rtimer_arch_schedule
                0x000000000000609a        0x6 contiki-sky.a(rtimer-arch.o)
                0x000000000000609a                rtimer_arch_schedule
 .text.autostart_start
                0x00000000000060a0       0x16 contiki-sky.a(autostart.o)
                0x00000000000060a0                autostart_start
 .text.process_thread_ctimer_process
                0x00000000000060b6       0xa4 contiki-sky.a(ctimer.o)
 .text.ctimer_init
                0x000000000000615a       0x18 contiki-sky.a(ctimer.o)
                0x000000000000615a                ctimer_init
 .text.ctimer_set
                0x0000000000006172       0x50 contiki-sky.a(ctimer.o)
                0x0000000000006172                ctimer_set
 .text.ctimer_reset
                0x00000000000061c2       0x30 contiki-sky.a(ctimer.o)
                0x00000000000061c2                ctimer_reset
 .text.ctimer_stop
                0x00000000000061f2       0x28 contiki-sky.a(ctimer.o)
                0x00000000000061f2                ctimer_stop
 .text.energest_init
                0x000000000000621a       0x28 contiki-sky.a(energest.o)
                0x000000000000621a                energest_init
 .text.energest_type_time
                0x0000000000006242       0x46 contiki-sky.a(energest.o)
                0x0000000000006242                energest_type_time
 .text.energest_type_set
                0x0000000000006288        0xe contiki-sky.a(energest.o)
                0x0000000000006288                energest_type_set
 .text.energest_flush
                0x0000000000006296       0x48 contiki-sky.a(energest.o)
                0x0000000000006296                energest_flush
 .text.update_time
                0x00000000000062de       0x78 contiki-sky.a(etimer.o)
 .text.etimer_request_poll
                0x0000000000006356        0xa contiki-sky.a(etimer.o)
                0x0000000000006356                etimer_request_poll
 .text.process_thread_etimer_process
                0x0000000000006360       0xc8 contiki-sky.a(etimer.o)
 .text.add_timer
                0x0000000000006428       0x40 contiki-sky.a(etimer.o)
 .text.etimer_set
                0x0000000000006468       0x12 contiki-sky.a(etimer.o)
                0x0000000000006468                etimer_set
 .text.etimer_reset
                0x000000000000647a       0x12 contiki-sky.a(etimer.o)
                0x000000000000647a                etimer_reset
 .text.etimer_expired
                0x000000000000648c        0xe contiki-sky.a(etimer.o)
                0x000000000000648c                etimer_expired
 .text.etimer_pending
                0x000000000000649a        0xc contiki-sky.a(etimer.o)
                0x000000000000649a                etimer_pending
 .text.etimer_next_expiration_time
                0x00000000000064a6       0x16 contiki-sky.a(etimer.o)
                0x00000000000064a6                etimer_next_expiration_time
 .text.etimer_stop
                0x00000000000064bc       0x3c contiki-sky.a(etimer.o)
                0x00000000000064bc                etimer_stop
 .text.call_process
                0x00000000000064f8       0x48 contiki-sky.a(process.o)
 .text.exit_process
                0x0000000000006540       0x94 contiki-sky.a(process.o)
 .text.do_poll  0x00000000000065d4       0x30 contiki-sky.a(process.o)
 .text.process_alloc_event
                0x0000000000006604        0xe contiki-sky.a(process.o)
                0x0000000000006604                process_alloc_event
 .text.process_init
                0x0000000000006612       0x1c contiki-sky.a(process.o)
                0x0000000000006612                process_init
 .text.process_run
                0x000000000000662e       0xa2 contiki-sky.a(process.o)
                0x000000000000662e                process_run
 .text.process_nevents
                0x00000000000066d0        0xe contiki-sky.a(process.o)
                0x00000000000066d0                process_nevents
 .text.process_post
                0x00000000000066de       0x54 contiki-sky.a(process.o)
                0x00000000000066de                process_post
 .text.process_post_synch
                0x0000000000006732       0x12 contiki-sky.a(process.o)
                0x0000000000006732                process_post_synch
 .text.process_start
                0x0000000000006744       0x32 contiki-sky.a(process.o)
                0x0000000000006744                process_start
 .text.process_poll
                0x0000000000006776       0x18 contiki-sky.a(process.o)
                0x0000000000006776                process_poll
 .text.rtimer_init
                0x000000000000678e        0x6 contiki-sky.a(rtimer.o)
                0x000000000000678e                rtimer_init
 .text.rtimer_set
                0x0000000000006794       0x24 contiki-sky.a(rtimer.o)
                0x0000000000006794                rtimer_set
 .text.rtimer_run_next
                0x00000000000067b8       0x26 contiki-sky.a(rtimer.o)
                0x00000000000067b8                rtimer_run_next
 .text.timer_set
                0x00000000000067de       0x1c contiki-sky.a(timer.o)
                0x00000000000067de                timer_set
 .text.timer_reset
                0x00000000000067fa        0xe contiki-sky.a(timer.o)
                0x00000000000067fa                timer_reset
 .text.timer_expired
                0x0000000000006808       0x2a contiki-sky.a(timer.o)
                0x0000000000006808                timer_expired
 .text.list_init
                0x0000000000006832        0x6 contiki-sky.a(list.o)
                0x0000000000006832                list_init
 .text.list_head
                0x0000000000006838        0x4 contiki-sky.a(list.o)
                0x0000000000006838                list_head
 .text.list_tail
                0x000000000000683c       0x12 contiki-sky.a(list.o)
                0x000000000000683c                list_tail
 .text.list_remove
                0x000000000000684e       0x34 contiki-sky.a(list.o)
                0x000000000000684e                list_remove
 .text.list_push
                0x0000000000006882       0x1a contiki-sky.a(list.o)
                0x0000000000006882                list_push
 .text.list_add
                0x000000000000689c       0x2a contiki-sky.a(list.o)
                0x000000000000689c                list_add
 .text.list_length
                0x00000000000068c6       0x10 contiki-sky.a(list.o)
                0x00000000000068c6                list_length
 .text.list_item_next
                0x00000000000068d6        0xc contiki-sky.a(list.o)
                0x00000000000068d6                list_item_next
 .text.memb_init
                0x00000000000068e2       0x36 contiki-sky.a(memb.o)
                0x00000000000068e2                memb_init
 .text.memb_alloc
                0x0000000000006918       0x3e contiki-sky.a(memb.o)
                0x0000000000006918                memb_alloc
 .text.memb_free
                0x0000000000006956       0x3a contiki-sky.a(memb.o)
                0x0000000000006956                memb_free
 .text.memb_inmemb
                0x0000000000006990       0x2e contiki-sky.a(memb.o)
                0x0000000000006990                memb_inmemb
 .text.random_init
                0x00000000000069be        0x6 contiki-sky.a(random.o)
                0x00000000000069be                random_init
 .text.random_rand
                0x00000000000069c4        0x6 contiki-sky.a(random.o)
                0x00000000000069c4                random_rand
 .text.uip_ds6_list_loop
                0x00000000000069ca       0x86 contiki-sky.a(uip-ds6.o)
                0x00000000000069ca                uip_ds6_list_loop
 .text.uip_ds6_prefix_add
                0x0000000000006a50       0x80 contiki-sky.a(uip-ds6.o)
                0x0000000000006a50                uip_ds6_prefix_add
 .text.uip_ds6_is_addr_onlink
                0x0000000000006ad0       0x54 contiki-sky.a(uip-ds6.o)
                0x0000000000006ad0                uip_ds6_is_addr_onlink
 .text.uip_ds6_addr_lookup
                0x0000000000006b24       0x28 contiki-sky.a(uip-ds6.o)
                0x0000000000006b24                uip_ds6_addr_lookup
 .text.uip_ds6_get_link_local
                0x0000000000006b4c       0x3e contiki-sky.a(uip-ds6.o)
                0x0000000000006b4c                uip_ds6_get_link_local
 .text.uip_ds6_maddr_add
                0x0000000000006b8a       0x4a contiki-sky.a(uip-ds6.o)
                0x0000000000006b8a                uip_ds6_maddr_add
 .text.uip_ds6_addr_add
                0x0000000000006bd4       0xc2 contiki-sky.a(uip-ds6.o)
                0x0000000000006bd4                uip_ds6_addr_add
 .text.uip_ds6_maddr_lookup
                0x0000000000006c96       0x28 contiki-sky.a(uip-ds6.o)
                0x0000000000006c96                uip_ds6_maddr_lookup
 .text.uip_ds6_addr_rm
                0x0000000000006cbe       0x54 contiki-sky.a(uip-ds6.o)
                0x0000000000006cbe                uip_ds6_addr_rm
 .text.uip_ds6_periodic
                0x0000000000006d12       0x4a contiki-sky.a(uip-ds6.o)
                0x0000000000006d12                uip_ds6_periodic
 .text.uip_ds6_set_addr_iid
                0x0000000000006d5c       0x14 contiki-sky.a(uip-ds6.o)
                0x0000000000006d5c                uip_ds6_set_addr_iid
 .text.get_match_length
                0x0000000000006d70       0x3e contiki-sky.a(uip-ds6.o)
                0x0000000000006d70                get_match_length
 .text.uip_ds6_select_src
                0x0000000000006dae       0xaa contiki-sky.a(uip-ds6.o)
                0x0000000000006dae                uip_ds6_select_src
 .text.uip_ds6_compute_reachable_time
                0x0000000000006e58       0x3e contiki-sky.a(uip-ds6.o)
                0x0000000000006e58                uip_ds6_compute_reachable_time
 .text.uip_ds6_init
                0x0000000000006e96      0x154 contiki-sky.a(uip-ds6.o)
                0x0000000000006e96                uip_ds6_init
 .text.call_route_callback
                0x0000000000006fea       0x4a contiki-sky.a(uip-ds6-route.o)
 .text.uip_ds6_route_init
                0x0000000000007034       0x1a contiki-sky.a(uip-ds6-route.o)
                0x0000000000007034                uip_ds6_route_init
 .text.uip_ds6_defrt_rm
                0x000000000000704e       0x58 contiki-sky.a(uip-ds6-route.o)
                0x000000000000704e                uip_ds6_defrt_rm
 .text.uip_ds6_defrt_lookup
                0x00000000000070a6       0x36 contiki-sky.a(uip-ds6-route.o)
                0x00000000000070a6                uip_ds6_defrt_lookup
 .text.uip_ds6_defrt_add
                0x00000000000070dc       0x84 contiki-sky.a(uip-ds6-route.o)
                0x00000000000070dc                uip_ds6_defrt_add
 .text.uip_ds6_defrt_choose
                0x0000000000007160       0x3a contiki-sky.a(uip-ds6-route.o)
                0x0000000000007160                uip_ds6_defrt_choose
 .text.uip_ds6_defrt_periodic
                0x000000000000719a       0x38 contiki-sky.a(uip-ds6-route.o)
                0x000000000000719a                uip_ds6_defrt_periodic
 .text.chksum   0x00000000000071d2       0x32 contiki-sky.a(uip6.o)
 .text.ext_hdr_options_process
                0x0000000000007204       0xda contiki-sky.a(uip6.o)
 .text.uip_icmp6chksum
                0x00000000000072de       0x56 contiki-sky.a(uip6.o)
                0x00000000000072de                uip_icmp6chksum
 .text.uip_init
                0x0000000000007334       0x40 contiki-sky.a(uip6.o)
                0x0000000000007334                uip_init
 .text.remove_ext_hdr
                0x0000000000007374       0x5a contiki-sky.a(uip6.o)
                0x0000000000007374                remove_ext_hdr
 .text.uip_udp_new
                0x00000000000073ce       0xce contiki-sky.a(uip6.o)
                0x00000000000073ce                uip_udp_new
 .text.uip_process
                0x000000000000749c      0x47e contiki-sky.a(uip6.o)
                0x000000000000749c                uip_process
 .text.uip_htonl
                0x000000000000791a       0x2e contiki-sky.a(uip6.o)
                0x000000000000791a                uip_htonl
 .text.uip_ds6_nbr_rm
                0x0000000000007948       0x1a contiki-sky.a(uip-ds6-nbr.o)
                0x0000000000007948                uip_ds6_nbr_rm
 .text.uip_ds6_neighbors_init
                0x0000000000007962        0xe contiki-sky.a(uip-ds6-nbr.o)
                0x0000000000007962                uip_ds6_neighbors_init
 .text.uip_ds6_nbr_add
                0x0000000000007970       0x60 contiki-sky.a(uip-ds6-nbr.o)
                0x0000000000007970                uip_ds6_nbr_add
 .text.uip_ds6_nbr_get_ll
                0x00000000000079d0        0xc contiki-sky.a(uip-ds6-nbr.o)
                0x00000000000079d0                uip_ds6_nbr_get_ll
 .text.uip_ds6_nbr_lookup
                0x00000000000079dc       0x42 contiki-sky.a(uip-ds6-nbr.o)
                0x00000000000079dc                uip_ds6_nbr_lookup
 .text.uip_ds6_nbr_ll_lookup
                0x0000000000007a1e        0xc contiki-sky.a(uip-ds6-nbr.o)
                0x0000000000007a1e                uip_ds6_nbr_ll_lookup
 .text.uip_ds6_nbr_ipaddr_from_lladdr
                0x0000000000007a2a        0x6 contiki-sky.a(uip-ds6-nbr.o)
                0x0000000000007a2a                uip_ds6_nbr_ipaddr_from_lladdr
 .text.uip_ds6_nbr_lladdr_from_ipaddr
                0x0000000000007a30       0x12 contiki-sky.a(uip-ds6-nbr.o)
                0x0000000000007a30                uip_ds6_nbr_lladdr_from_ipaddr
 .text.uip_ds6_link_neighbor_callback
                0x0000000000007a42       0x2a contiki-sky.a(uip-ds6-nbr.o)
                0x0000000000007a42                uip_ds6_link_neighbor_callback
 .text.uip_ds6_neighbor_periodic
                0x0000000000007a6c       0x60 contiki-sky.a(uip-ds6-nbr.o)
                0x0000000000007a6c                uip_ds6_neighbor_periodic
 .text.uip_nd6_init
                0x0000000000007acc        0x2 contiki-sky.a(uip-nd6.o)
                0x0000000000007acc                uip_nd6_init
 .text.addr_context_lookup_by_number
                0x0000000000007ace       0x36 contiki-sky.a(sicslowpan.o)
 .text.compress_addr_64
                0x0000000000007b04       0xae contiki-sky.a(sicslowpan.o)
 .text.uncompress_addr
                0x0000000000007bb2       0xb4 contiki-sky.a(sicslowpan.o)
 .text.sicslowpan_init
                0x0000000000007c66       0x26 contiki-sky.a(sicslowpan.o)
                0x0000000000007c66                sicslowpan_init
 .text.addr_context_lookup_by_prefix
                0x0000000000007c8c       0x4c contiki-sky.a(sicslowpan.o)
 .text.output   0x0000000000007cd8      0x57c contiki-sky.a(sicslowpan.o)
 .text.packet_sent
                0x0000000000008254       0x22 contiki-sky.a(sicslowpan.o)
 .text.input    0x0000000000008276      0x4a0 contiki-sky.a(sicslowpan.o)
 .text.tcpip_output
                0x0000000000008716       0x10 contiki-sky.a(tcpip.o)
                0x0000000000008716                tcpip_output
 .text.tcpip_set_outputfunc
                0x0000000000008726        0x6 contiki-sky.a(tcpip.o)
                0x0000000000008726                tcpip_set_outputfunc
 .text.udp_new  0x000000000000872c       0x1a contiki-sky.a(tcpip.o)
                0x000000000000872c                udp_new
 .text.tcpip_input
                0x0000000000008746       0x16 contiki-sky.a(tcpip.o)
                0x0000000000008746                tcpip_input
 .text.tcpip_ipv6_output
                0x000000000000875c       0xd2 contiki-sky.a(tcpip.o)
                0x000000000000875c                tcpip_ipv6_output
 .text.process_thread_tcpip_process
                0x000000000000882e       0xcc contiki-sky.a(tcpip.o)
 .text.tcpip_uipcall
                0x00000000000088fa       0x2a contiki-sky.a(tcpip.o)
                0x00000000000088fa                tcpip_uipcall
 .text.process_thread_simple_udp_process
                0x0000000000008924       0xac contiki-sky.a(simple-udp.o)
 .text.simple_udp_sendto
                0x00000000000089d0       0x30 contiki-sky.a(simple-udp.o)
                0x00000000000089d0                simple_udp_sendto
 .text.simple_udp_register
                0x0000000000008a00       0x9a contiki-sky.a(simple-udp.o)
                0x0000000000008a00                simple_udp_register
 .text.lollipop_greater_than
                0x0000000000008a9a       0x44 contiki-sky.a(rpl-dag.o)
 .text.best_parent
                0x0000000000008ade       0x56 contiki-sky.a(rpl-dag.o)
 .text.set_ip_from_prefix
                0x0000000000008b34       0x38 contiki-sky.a(rpl-dag.o)
 .text.check_prefix
                0x0000000000008b6c       0x80 contiki-sky.a(rpl-dag.o)
 .text.rpl_set_preferred_parent
                0x0000000000008bec       0x48 contiki-sky.a(rpl-dag.o)
 .text.find_parent_any_dag_any_instance
                0x0000000000008c34       0x14 contiki-sky.a(rpl-dag.o)
 .text.rpl_dag_init
                0x0000000000008c48        0xe contiki-sky.a(rpl-dag.o)
                0x0000000000008c48                rpl_dag_init
 .text.rpl_get_parent_ipaddr
                0x0000000000008c56       0x10 contiki-sky.a(rpl-dag.o)
                0x0000000000008c56                rpl_get_parent_ipaddr
 .text.handle_probing_timer
                0x0000000000008c66       0x8c contiki-sky.a(rpl-dag.o)
 .text.rpl_set_prefix
                0x0000000000008cf2       0x8e contiki-sky.a(rpl-dag.o)
                0x0000000000008cf2                rpl_set_prefix
 .text.rpl_set_default_route
                0x0000000000008d80       0x4e contiki-sky.a(rpl-dag.o)
                0x0000000000008d80                rpl_set_default_route
 .text.rpl_alloc_instance
                0x0000000000008dce       0x2c contiki-sky.a(rpl-dag.o)
                0x0000000000008dce                rpl_alloc_instance
 .text.rpl_init_link_metric
                0x0000000000008dfa       0x3c contiki-sky.a(rpl-dag.o)
                0x0000000000008dfa                rpl_init_link_metric
 .text.rpl_add_parent
                0x0000000000008e36       0x6e contiki-sky.a(rpl-dag.o)
                0x0000000000008e36                rpl_add_parent
 .text.rpl_find_parent
                0x0000000000008ea4       0x1a contiki-sky.a(rpl-dag.o)
                0x0000000000008ea4                rpl_find_parent
 .text.rpl_find_parent_any_dag
                0x0000000000008ebe       0x22 contiki-sky.a(rpl-dag.o)
                0x0000000000008ebe                rpl_find_parent_any_dag
 .text.rpl_select_parent
                0x0000000000008ee0       0x82 contiki-sky.a(rpl-dag.o)
                0x0000000000008ee0                rpl_select_parent
 .text.rpl_select_dag
                0x0000000000008f62      0x140 contiki-sky.a(rpl-dag.o)
                0x0000000000008f62                rpl_select_dag
 .text.rpl_nullify_parent
                0x00000000000090a2       0x40 contiki-sky.a(rpl-dag.o)
                0x00000000000090a2                rpl_nullify_parent
 .text.rpl_remove_parent
                0x00000000000090e2       0x16 contiki-sky.a(rpl-dag.o)
                0x00000000000090e2                rpl_remove_parent
 .text.nbr_callback
                0x00000000000090f8        0x6 contiki-sky.a(rpl-dag.o)
 .text.remove_parents.constprop.2
                0x00000000000090fe       0x32 contiki-sky.a(rpl-dag.o)
 .text.rpl_free_dag
                0x0000000000009130       0x36 contiki-sky.a(rpl-dag.o)
                0x0000000000009130                rpl_free_dag
 .text.rpl_free_instance
                0x0000000000009166       0x5c contiki-sky.a(rpl-dag.o)
                0x0000000000009166                rpl_free_instance
 .text.rpl_get_any_dag
                0x00000000000091c2       0x18 contiki-sky.a(rpl-dag.o)
                0x00000000000091c2                rpl_get_any_dag
 .text.rpl_get_instance
                0x00000000000091da       0x1a contiki-sky.a(rpl-dag.o)
                0x00000000000091da                rpl_get_instance
 .text.get_dag  0x00000000000091f4       0x38 contiki-sky.a(rpl-dag.o)
 .text.rpl_alloc_dag
                0x000000000000922c       0x66 contiki-sky.a(rpl-dag.o)
                0x000000000000922c                rpl_alloc_dag
 .text.rpl_set_root
                0x0000000000009292       0xbe contiki-sky.a(rpl-dag.o)
                0x0000000000009292                rpl_set_root
 .text.rpl_find_of
                0x0000000000009350       0x10 contiki-sky.a(rpl-dag.o)
                0x0000000000009350                rpl_find_of
 .text.rpl_join_instance
                0x0000000000009360       0xfe contiki-sky.a(rpl-dag.o)
                0x0000000000009360                rpl_join_instance
 .text.rpl_local_repair
                0x000000000000945e       0x28 contiki-sky.a(rpl-dag.o)
                0x000000000000945e                rpl_local_repair
 .text.rpl_process_parent_event
                0x0000000000009486       0x46 contiki-sky.a(rpl-dag.o)
                0x0000000000009486                rpl_process_parent_event
 .text.rpl_recalculate_ranks
                0x00000000000094cc       0x48 contiki-sky.a(rpl-dag.o)
                0x00000000000094cc                rpl_recalculate_ranks
 .text.rpl_process_dio
                0x0000000000009514      0x234 contiki-sky.a(rpl-dag.o)
                0x0000000000009514                rpl_process_dio
 .text.new_dio_interval
                0x0000000000009748       0xac contiki-sky.a(rpl-timers.o)
 .text.handle_periodic_timer
                0x00000000000097f4       0x12 contiki-sky.a(rpl-timers.o)
 .text.handle_dio_timer
                0x0000000000009806       0x78 contiki-sky.a(rpl-timers.o)
 .text.rpl_reset_periodic_timer
                0x000000000000987e       0x60 contiki-sky.a(rpl-timers.o)
                0x000000000000987e                rpl_reset_periodic_timer
 .text.rpl_reset_dio_timer
                0x00000000000098de       0x18 contiki-sky.a(rpl-timers.o)
                0x00000000000098de                rpl_reset_dio_timer
 .text.rpl_verify_header
                0x00000000000098f6      0x102 contiki-sky.a(rpl-ext-header.)
                0x00000000000098f6                rpl_verify_header
 .text.rpl_update_header_empty
                0x00000000000099f8       0xd6 contiki-sky.a(rpl-ext-header.)
                0x00000000000099f8                rpl_update_header_empty
 .text.rpl_update_header_final
                0x0000000000009ace       0x94 contiki-sky.a(rpl-ext-header.)
                0x0000000000009ace                rpl_update_header_final
 .text.rpl_invert_header
                0x0000000000009b62       0x7a contiki-sky.a(rpl-ext-header.)
                0x0000000000009b62                rpl_invert_header
 .text.rpl_insert_header
                0x0000000000009bdc       0x12 contiki-sky.a(rpl-ext-header.)
                0x0000000000009bdc                rpl_insert_header
 .text.rpl_purge_routes
                0x0000000000009bee        0x2 contiki-sky.a(rpl.o)
                0x0000000000009bee                rpl_purge_routes
 .text.rpl_remove_routes
                0x0000000000009bf0        0x2 contiki-sky.a(rpl.o)
                0x0000000000009bf0                rpl_remove_routes
 .text.rpl_link_neighbor_callback
                0x0000000000009bf2       0x88 contiki-sky.a(rpl.o)
                0x0000000000009bf2                rpl_link_neighbor_callback
 .text.rpl_ipv6_neighbor_callback
                0x0000000000009c7a       0x1e contiki-sky.a(rpl.o)
                0x0000000000009c7a                rpl_ipv6_neighbor_callback
 .text.rpl_init
                0x0000000000009c98       0x4a contiki-sky.a(rpl.o)
                0x0000000000009c98                rpl_init
 .text.reset    0x0000000000009ce2        0x2 contiki-sky.a(rpl-of-etx-exp.)
 .text.neighbor_link_callback
                0x0000000000009ce4       0x86 contiki-sky.a(rpl-of-etx-exp.)
 .text.calculate_rank
                0x0000000000009d6a       0x34 contiki-sky.a(rpl-of-etx-exp.)
 .text.best_parent
                0x0000000000009d9e       0x56 contiki-sky.a(rpl-of-etx-exp.)
 .text.update_metric_container
                0x0000000000009df4        0x6 contiki-sky.a(rpl-of-etx-exp.)
 .text.best_dag
                0x0000000000009dfa       0x34 contiki-sky.a(rpl-of-etx-exp.)
 .text.send_packet
                0x0000000000009e2e        0x2 contiki-sky.a(nordc.o)
 .text.send_list
                0x0000000000009e30        0x2 contiki-sky.a(nordc.o)
 .text.packet_input
                0x0000000000009e32        0x2 contiki-sky.a(nordc.o)
 .text.on       0x0000000000009e34        0x4 contiki-sky.a(nordc.o)
 .text.off      0x0000000000009e38        0x4 contiki-sky.a(nordc.o)
 .text.channel_check_interval
                0x0000000000009e3c        0x4 contiki-sky.a(nordc.o)
 .text.init     0x0000000000009e40        0x2 contiki-sky.a(nordc.o)
 .text.parse    0x0000000000009e42       0x88 contiki-sky.a(framer-802154.o)
 .text.create_frame.isra.0
                0x0000000000009eca      0x100 contiki-sky.a(framer-802154.o)
 .text.create   0x0000000000009fca        0x8 contiki-sky.a(framer-802154.o)
 .text.hdr_length
                0x0000000000009fd2        0x8 contiki-sky.a(framer-802154.o)
 .text.framer_canonical_create_and_secure
                0x0000000000009fda       0x20 contiki-sky.a(framer.o)
                0x0000000000009fda                framer_canonical_create_and_secure
 .text.queuebuf_init
                0x0000000000009ffa       0x1a contiki-sky.a(queuebuf.o)
                0x0000000000009ffa                queuebuf_init
 .text.queuebuf_new_from_packetbuf
                0x000000000000a014       0x88 contiki-sky.a(queuebuf.o)
                0x000000000000a014                queuebuf_new_from_packetbuf
 .text.queuebuf_free
                0x000000000000a09c       0x40 contiki-sky.a(queuebuf.o)
                0x000000000000a09c                queuebuf_free
 .text.queuebuf_to_packetbuf
                0x000000000000a0dc       0x6e contiki-sky.a(queuebuf.o)
                0x000000000000a0dc                queuebuf_to_packetbuf
 .text.queuebuf_dataptr
                0x000000000000a14a       0x30 contiki-sky.a(queuebuf.o)
                0x000000000000a14a                queuebuf_dataptr
 .text.queuebuf_datalen
                0x000000000000a17a        0x8 contiki-sky.a(queuebuf.o)
                0x000000000000a17a                queuebuf_datalen
 .text.index_from_key
                0x000000000000a182       0x48 contiki-sky.a(nbr-table.o)
 .text.item_from_key
                0x000000000000a1ca       0x34 contiki-sky.a(nbr-table.o)
 .text.nbr_set_bit
                0x000000000000a1fe       0x8e contiki-sky.a(nbr-table.o)
 .text.index_from_lladdr
                0x000000000000a28c       0x42 contiki-sky.a(nbr-table.o)
 .text.nbr_get_bit.constprop.0
                0x000000000000a2ce       0x62 contiki-sky.a(nbr-table.o)
 .text.nbr_table_register
                0x000000000000a330       0x28 contiki-sky.a(nbr-table.o)
                0x000000000000a330                nbr_table_register
 .text.nbr_table_next
                0x000000000000a358       0x90 contiki-sky.a(nbr-table.o)
                0x000000000000a358                nbr_table_next
 .text.nbr_table_head
                0x000000000000a3e8       0x36 contiki-sky.a(nbr-table.o)
                0x000000000000a3e8                nbr_table_head
 .text.nbr_table_add_lladdr
                0x000000000000a41e      0x144 contiki-sky.a(nbr-table.o)
                0x000000000000a41e                nbr_table_add_lladdr
 .text.nbr_table_get_from_lladdr
                0x000000000000a562       0x48 contiki-sky.a(nbr-table.o)
                0x000000000000a562                nbr_table_get_from_lladdr
 .text.nbr_table_remove
                0x000000000000a5aa       0x32 contiki-sky.a(nbr-table.o)
                0x000000000000a5aa                nbr_table_remove
 .text.nbr_table_lock
                0x000000000000a5dc       0x10 contiki-sky.a(nbr-table.o)
                0x000000000000a5dc                nbr_table_lock
 .text.nbr_table_unlock
                0x000000000000a5ec       0x10 contiki-sky.a(nbr-table.o)
                0x000000000000a5ec                nbr_table_unlock
 .text.nbr_table_get_lladdr
                0x000000000000a5fc       0x5a contiki-sky.a(nbr-table.o)
                0x000000000000a5fc                nbr_table_get_lladdr
 .text.packetbuf_copyto_hdr
                0x000000000000a656       0x1c contiki-sky.a(packetbuf.o)
                0x000000000000a656                packetbuf_copyto_hdr
 .text.packetbuf_copyto
                0x000000000000a672       0x52 contiki-sky.a(packetbuf.o)
                0x000000000000a672                packetbuf_copyto
 .text.packetbuf_hdrreduce
                0x000000000000a6c4       0x1a contiki-sky.a(packetbuf.o)
                0x000000000000a6c4                packetbuf_hdrreduce
 .text.packetbuf_set_datalen
                0x000000000000a6de        0x6 contiki-sky.a(packetbuf.o)
                0x000000000000a6de                packetbuf_set_datalen
 .text.packetbuf_dataptr
                0x000000000000a6e4        0xe contiki-sky.a(packetbuf.o)
                0x000000000000a6e4                packetbuf_dataptr
 .text.packetbuf_hdrptr
                0x000000000000a6f2        0xa contiki-sky.a(packetbuf.o)
                0x000000000000a6f2                packetbuf_hdrptr
 .text.packetbuf_is_reference
                0x000000000000a6fc        0xe contiki-sky.a(packetbuf.o)
                0x000000000000a6fc                packetbuf_is_reference
 .text.packetbuf_compact
                0x000000000000a70a       0x48 contiki-sky.a(packetbuf.o)
                0x000000000000a70a                packetbuf_compact
 .text.packetbuf_reference_ptr
                0x000000000000a752        0x6 contiki-sky.a(packetbuf.o)
                0x000000000000a752                packetbuf_reference_ptr
 .text.packetbuf_datalen
                0x000000000000a758        0x6 contiki-sky.a(packetbuf.o)
                0x000000000000a758                packetbuf_datalen
 .text.packetbuf_hdrlen
                0x000000000000a75e       0x10 contiki-sky.a(packetbuf.o)
                0x000000000000a75e                packetbuf_hdrlen
 .text.packetbuf_totlen
                0x000000000000a76e        0xc contiki-sky.a(packetbuf.o)
                0x000000000000a76e                packetbuf_totlen
 .text.packetbuf_hdralloc
                0x000000000000a77a       0x2e contiki-sky.a(packetbuf.o)
                0x000000000000a77a                packetbuf_hdralloc
 .text.packetbuf_attr_clear
                0x000000000000a7a8       0x36 contiki-sky.a(packetbuf.o)
                0x000000000000a7a8                packetbuf_attr_clear
 .text.packetbuf_clear
                0x000000000000a7de       0x1a contiki-sky.a(packetbuf.o)
                0x000000000000a7de                packetbuf_clear
 .text.packetbuf_copyfrom
                0x000000000000a7f8       0x2e contiki-sky.a(packetbuf.o)
                0x000000000000a7f8                packetbuf_copyfrom
 .text.packetbuf_attr_copyto
                0x000000000000a826       0x22 contiki-sky.a(packetbuf.o)
                0x000000000000a826                packetbuf_attr_copyto
 .text.packetbuf_attr_copyfrom
                0x000000000000a848       0x24 contiki-sky.a(packetbuf.o)
                0x000000000000a848                packetbuf_attr_copyfrom
 .text.packetbuf_holds_broadcast
                0x000000000000a86c        0xe contiki-sky.a(packetbuf.o)
                0x000000000000a86c                packetbuf_holds_broadcast
 .text.linkaddr_copy
                0x000000000000a87a        0x8 contiki-sky.a(linkaddr.o)
                0x000000000000a87a                linkaddr_copy
 .text.linkaddr_cmp
                0x000000000000a882       0x12 contiki-sky.a(linkaddr.o)
                0x000000000000a882                linkaddr_cmp
 .text.linkaddr_set_node_addr
                0x000000000000a894        0xc contiki-sky.a(linkaddr.o)
                0x000000000000a894                linkaddr_set_node_addr
 .text.off      0x000000000000a8a0        0x6 contiki-sky.a(tsch.o)
 .text.channel_check_interval
                0x000000000000a8a6        0x4 contiki-sky.a(tsch.o)
 .text.check_timer_miss
                0x000000000000a8aa       0x2e contiki-sky.a(tsch.o)
 .text.turn_off
                0x000000000000a8d8        0x4 contiki-sky.a(tsch.o)
 .text.turn_on  0x000000000000a8dc       0x18 contiki-sky.a(tsch.o)
 .text.packet_input
                0x000000000000a8f4       0xce contiki-sky.a(tsch.o)
 .text.send_packet
                0x000000000000a9c2       0x70 contiki-sky.a(tsch.o)
 .text.tsch_reset
                0x000000000000aa32       0x52 contiki-sky.a(tsch.o)
 .text.tsch_init
                0x000000000000aa84       0x4c contiki-sky.a(tsch.o)
 .text.process_thread_tsch_send_eb_process
                0x000000000000aad0      0x154 contiki-sky.a(tsch.o)
 .text.tsch_schedule_keepalive
                0x000000000000ac24       0x40 contiki-sky.a(tsch.o)
 .text.keepalive_packet_sent
                0x000000000000ac64        0xe contiki-sky.a(tsch.o)
 .text.keepalive_send
                0x000000000000ac72       0x2c contiki-sky.a(tsch.o)
 .text.tsch_schedule_link_operation.constprop.4
                0x000000000000ac9e       0x44 contiki-sky.a(tsch.o)
 .text.tsch_is_locked
                0x000000000000ace2        0x6 contiki-sky.a(tsch.o)
                0x000000000000ace2                tsch_is_locked
 .text.tsch_get_lock
                0x000000000000ace8       0x40 contiki-sky.a(tsch.o)
                0x000000000000ace8                tsch_get_lock
 .text.process_thread_tsch_pending_events_process
                0x000000000000ad28      0x1ec contiki-sky.a(tsch.o)
 .text.tsch_release_lock
                0x000000000000af14        0x6 contiki-sky.a(tsch.o)
                0x000000000000af14                tsch_release_lock
 .text.tsch_calculate_channel
                0x000000000000af1a       0x62 contiki-sky.a(tsch.o)
                0x000000000000af1a                tsch_calculate_channel
 .text.hop_channel.constprop.8
                0x000000000000af7c       0x24 contiki-sky.a(tsch.o)
 .text.process_thread_tsch_process
                0x000000000000afa0      0x2c6 contiki-sky.a(tsch.o)
 .text.tsch_link_operation
                0x000000000000b266      0x870 contiki-sky.a(tsch.o)
 .text.tsch_set_eb_period
                0x000000000000bad6       0x10 contiki-sky.a(tsch.o)
                0x000000000000bad6                tsch_set_eb_period
 .text.tsch_dump_status
                0x000000000000bae6       0x46 contiki-sky.a(tsch.o)
                0x000000000000bae6                tsch_dump_status
 .text.tsch_queue_get_nbr
                0x000000000000bb2c       0x3e contiki-sky.a(tsch-queue.o)
                0x000000000000bb2c                tsch_queue_get_nbr
 .text.tsch_queue_add_nbr
                0x000000000000bb6a       0x88 contiki-sky.a(tsch-queue.o)
                0x000000000000bb6a                tsch_queue_add_nbr
 .text.tsch_queue_get_time_source
                0x000000000000bbf2       0x26 contiki-sky.a(tsch-queue.o)
                0x000000000000bbf2                tsch_queue_get_time_source
 .text.tsch_queue_update_time_source
                0x000000000000bc18       0x50 contiki-sky.a(tsch-queue.o)
                0x000000000000bc18                tsch_queue_update_time_source
 .text.tsch_queue_add_packet
                0x000000000000bc68       0x96 contiki-sky.a(tsch-queue.o)
                0x000000000000bc68                tsch_queue_add_packet
 .text.tsch_queue_packet_count
                0x000000000000bcfe       0x26 contiki-sky.a(tsch-queue.o)
                0x000000000000bcfe                tsch_queue_packet_count
 .text.tsch_queue_remove_packet_from_queue
                0x000000000000bd24       0x32 contiki-sky.a(tsch-queue.o)
                0x000000000000bd24                tsch_queue_remove_packet_from_queue
 .text.tsch_queue_free_packet
                0x000000000000bd56       0x1c contiki-sky.a(tsch-queue.o)
                0x000000000000bd56                tsch_queue_free_packet
 .text.tsch_queue_is_empty
                0x000000000000bd72       0x2c contiki-sky.a(tsch-queue.o)
                0x000000000000bd72                tsch_queue_is_empty
 .text.tsch_queue_flush_nbr_queue
                0x000000000000bd9e       0x40 contiki-sky.a(tsch-queue.o)
 .text.tsch_queue_remove_nbr
                0x000000000000bdde       0x32 contiki-sky.a(tsch-queue.o)
 .text.tsch_queue_free_unused_neighbors
                0x000000000000be10       0x48 contiki-sky.a(tsch-queue.o)
                0x000000000000be10                tsch_queue_free_unused_neighbors
 .text.tsch_queue_get_packet_for_nbr
                0x000000000000be58       0x42 contiki-sky.a(tsch-queue.o)
                0x000000000000be58                tsch_queue_get_packet_for_nbr
 .text.tsch_queue_get_unicast_packet_for_any
                0x000000000000be9a       0x54 contiki-sky.a(tsch-queue.o)
                0x000000000000be9a                tsch_queue_get_unicast_packet_for_any
 .text.tsch_queue_backoff_reset
                0x000000000000beee        0xa contiki-sky.a(tsch-queue.o)
                0x000000000000beee                tsch_queue_backoff_reset
 .text.tsch_queue_backoff_inc
                0x000000000000bef8       0x60 contiki-sky.a(tsch-queue.o)
                0x000000000000bef8                tsch_queue_backoff_inc
 .text.tsch_queue_update_all_backoff_windows
                0x000000000000bf58       0x5e contiki-sky.a(tsch-queue.o)
                0x000000000000bf58                tsch_queue_update_all_backoff_windows
 .text.tsch_queue_init
                0x000000000000bfb6       0x4c contiki-sky.a(tsch-queue.o)
                0x000000000000bfb6                tsch_queue_init
 .text.tsch_schedule_get_slotframe_from_handle
                0x000000000000c002       0x2c contiki-sky.a(tsch-schedule.o)
                0x000000000000c002                tsch_schedule_get_slotframe_from_handle
 .text.tsch_schedule_add_slotframe
                0x000000000000c02e       0x78 contiki-sky.a(tsch-schedule.o)
                0x000000000000c02e                tsch_schedule_add_slotframe
 .text.tsch_schedule_remove_link
                0x000000000000c0a6       0x82 contiki-sky.a(tsch-schedule.o)
                0x000000000000c0a6                tsch_schedule_remove_link
 .text.tsch_schedule_get_link_from_timeslot
                0x000000000000c128       0x36 contiki-sky.a(tsch-schedule.o)
                0x000000000000c128                tsch_schedule_get_link_from_timeslot
 .text.tsch_schedule_remove_link_from_timeslot
                0x000000000000c15e       0x26 contiki-sky.a(tsch-schedule.o)
                0x000000000000c15e                tsch_schedule_remove_link_from_timeslot
 .text.tsch_schedule_add_link
                0x000000000000c184       0xba contiki-sky.a(tsch-schedule.o)
                0x000000000000c184                tsch_schedule_add_link
 .text.tsch_schedule_get_next_active_link
                0x000000000000c23e       0xc0 contiki-sky.a(tsch-schedule.o)
                0x000000000000c23e                tsch_schedule_get_next_active_link
 .text.tsch_schedule_init
                0x000000000000c2fe       0x2c contiki-sky.a(tsch-schedule.o)
                0x000000000000c2fe                tsch_schedule_init
 .text.tsch_packet_parse_sync_ack
                0x000000000000c32a       0xe2 contiki-sky.a(tsch-packet.o)
                0x000000000000c32a                tsch_packet_parse_sync_ack
 .text.tsch_packet_make_sync_ack
                0x000000000000c40c       0xb8 contiki-sky.a(tsch-packet.o)
                0x000000000000c40c                tsch_packet_make_sync_ack
 .text.tsch_packet_parse_frame_type_from_fcf_lsb
                0x000000000000c4c4       0x50 contiki-sky.a(tsch-packet.o)
                0x000000000000c4c4                tsch_packet_parse_frame_type_from_fcf_lsb
 .text.tsch_packet_parse_frame_type
                0x000000000000c514       0x1e contiki-sky.a(tsch-packet.o)
                0x000000000000c514                tsch_packet_parse_frame_type
 .text.tsch_packet_extract_addresses
                0x000000000000c532       0x9a contiki-sky.a(tsch-packet.o)
                0x000000000000c532                tsch_packet_extract_addresses
 .text.tsch_packet_make_eb
                0x000000000000c5cc      0x100 contiki-sky.a(tsch-packet.o)
                0x000000000000c5cc                tsch_packet_make_eb
 .text.tsch_packet_update_eb
                0x000000000000c6cc       0x68 contiki-sky.a(tsch-packet.o)
                0x000000000000c6cc                tsch_packet_update_eb
 .text.tsch_parse_eb
                0x000000000000c734      0x156 contiki-sky.a(tsch-packet.o)
                0x000000000000c734                tsch_parse_eb
 .text.tsch_rpl_callback_joining_network
                0x000000000000c88a        0x2 contiki-sky.a(tsch-rpl.o)
                0x000000000000c88a                tsch_rpl_callback_joining_network
 .text.tsch_rpl_callback_leaving_network
                0x000000000000c88c       0x12 contiki-sky.a(tsch-rpl.o)
                0x000000000000c88c                tsch_rpl_callback_leaving_network
 .text.tsch_rpl_callback_new_dio_interval
                0x000000000000c89e       0x32 contiki-sky.a(tsch-rpl.o)
                0x000000000000c89e                tsch_rpl_callback_new_dio_interval
 .text.tsch_rpl_callback_parent_switch
                0x000000000000c8d0       0x24 contiki-sky.a(tsch-rpl.o)
                0x000000000000c8d0                tsch_rpl_callback_parent_switch
 .text.bootstrap
                0x000000000000c8f4        0x4 contiki-sky.a(nullsec.o)
 .text.send     0x000000000000c8f8        0x6 contiki-sky.a(nullsec.o)
 .text.on_frame_created
                0x000000000000c8fe        0x4 contiki-sky.a(nullsec.o)
 .text.input    0x000000000000c902        0x6 contiki-sky.a(nullsec.o)
 .text.get_overhead
                0x000000000000c908        0x4 contiki-sky.a(nullsec.o)
 .text.spi_init
                0x000000000000c90c       0x32 contiki-sky.a(spi.o)
                0x000000000000c90c                spi_init
 .text.stimer_set
                0x000000000000c93e       0x1c contiki-sky.a(stimer.o)
                0x000000000000c93e                stimer_set
 .text.stimer_expired
                0x000000000000c95a       0x30 contiki-sky.a(stimer.o)
                0x000000000000c95a                stimer_expired
 .text.ringbufindex_init
                0x000000000000c98a       0x10 contiki-sky.a(ringbufindex.o)
                0x000000000000c98a                ringbufindex_init
 .text.ringbufindex_put
                0x000000000000c99a       0x28 contiki-sky.a(ringbufindex.o)
                0x000000000000c99a                ringbufindex_put
 .text.ringbufindex_peek_put
                0x000000000000c9c2       0x20 contiki-sky.a(ringbufindex.o)
                0x000000000000c9c2                ringbufindex_peek_put
 .text.ringbufindex_get
                0x000000000000c9e2       0x2c contiki-sky.a(ringbufindex.o)
                0x000000000000c9e2                ringbufindex_get
 .text.ringbufindex_peek_get
                0x000000000000ca0e       0x1c contiki-sky.a(ringbufindex.o)
                0x000000000000ca0e                ringbufindex_peek_get
 .text.ringbufindex_elements
                0x000000000000ca2a       0x10 contiki-sky.a(ringbufindex.o)
                0x000000000000ca2a                ringbufindex_elements
 .text.ringbufindex_empty
                0x000000000000ca3a       0x16 contiki-sky.a(ringbufindex.o)
                0x000000000000ca3a                ringbufindex_empty
 .text.echo_reply_input
                0x000000000000ca50      0x112 contiki-sky.a(uip-icmp6.o)
 .text.echo_request_input
                0x000000000000cb62      0x12c contiki-sky.a(uip-icmp6.o)
 .text.uip_icmp6_input
                0x000000000000cc8e       0x44 contiki-sky.a(uip-icmp6.o)
                0x000000000000cc8e                uip_icmp6_input
 .text.uip_icmp6_register_input_handler
                0x000000000000ccd2        0xc contiki-sky.a(uip-icmp6.o)
                0x000000000000ccd2                uip_icmp6_register_input_handler
 .text.uip_icmp6_error_output
                0x000000000000ccde      0x17a contiki-sky.a(uip-icmp6.o)
                0x000000000000ccde                uip_icmp6_error_output
 .text.uip_icmp6_send
                0x000000000000ce58       0x96 contiki-sky.a(uip-icmp6.o)
                0x000000000000ce58                uip_icmp6_send
 .text.uip_icmp6_init
                0x000000000000ceee       0x12 contiki-sky.a(uip-icmp6.o)
                0x000000000000ceee                uip_icmp6_init
 .text.uip_udp_packet_send
                0x000000000000cf00       0x2e contiki-sky.a(uip-udp-packet.)
                0x000000000000cf00                uip_udp_packet_send
 .text.uip_udp_packet_sendto
                0x000000000000cf2e       0x66 contiki-sky.a(uip-udp-packet.)
                0x000000000000cf2e                uip_udp_packet_sendto
 .text.get32    0x000000000000cf94       0x46 contiki-sky.a(rpl-icmp6.o)
 .text.set32    0x000000000000cfda       0x2a contiki-sky.a(rpl-icmp6.o)
 .text.set16    0x000000000000d004       0x10 contiki-sky.a(rpl-icmp6.o)
 .text.dio_input
                0x000000000000d014      0x266 contiki-sky.a(rpl-icmp6.o)
 .text.dio_output
                0x000000000000d27a      0x24a contiki-sky.a(rpl-icmp6.o)
                0x000000000000d27a                dio_output
 .text.rpl_icmp6_register_handlers
                0x000000000000d4c4        0xa contiki-sky.a(rpl-icmp6.o)
                0x000000000000d4c4                rpl_icmp6_register_handlers
 .text.field_len
                0x000000000000d4ce       0x98 contiki-sky.a(frame802154.o)
 .text.frame802154_hdrlen
                0x000000000000d566       0x2e contiki-sky.a(frame802154.o)
                0x000000000000d566                frame802154_hdrlen
 .text.frame802154_create
                0x000000000000d594      0x146 contiki-sky.a(frame802154.o)
                0x000000000000d594                frame802154_create
 .text.frame802154_parse
                0x000000000000d6da      0x1da contiki-sky.a(frame802154.o)
                0x000000000000d6da                frame802154_parse
 .text.mac_call_sent_callback
                0x000000000000d8b4       0x14 contiki-sky.a(mac.o)
                0x000000000000d8b4                mac_call_sent_callback
 .text.libgcc   0x000000000000d8c8       0x2c /usr/lib/gcc/msp430/4.6.3/mmpy-16/libgcc.a(_mulsi3.o)
                0x000000000000d8c8                __mulsi3
 .text.libgcc   0x000000000000d8f4       0x22 /usr/lib/gcc/msp430/4.6.3/mmpy-16/libgcc.a(_udivmod16.o)
                0x000000000000d8f4                __udivhi3
                0x000000000000d8f4                __ext_udivmod16
                0x000000000000d90e                __umodhi3
 .text.libgcc   0x000000000000d916       0x3a /usr/lib/gcc/msp430/4.6.3/mmpy-16/libgcc.a(_divmod16.o)
                0x000000000000d916                __ext_divmod16
                0x000000000000d916                __divhi3
                0x000000000000d948                __modhi3
 .text.libgcc   0x000000000000d950       0x40 /usr/lib/gcc/msp430/4.6.3/mmpy-16/libgcc.a(_udivmod32.o)
                0x000000000000d950                __udivsi3
                0x000000000000d950                __ext_udivmod32
                0x000000000000d986                __umodsi3
 .text.libgcc   0x000000000000d990       0x4c /usr/lib/gcc/msp430/4.6.3/mmpy-16/libgcc.a(_divmod32.o)
                0x000000000000d990                __ext_divmod32
                0x000000000000d990                __divsi3
                0x000000000000d9d2                __modsi3
 .text          0x000000000000d9dc       0x20 /usr/lib/gcc/msp430/4.6.3/../../../../msp430/lib/mmpy-16/libc.a(memcmp.o)
                0x000000000000d9dc                memcmp
 .text          0x000000000000d9fc       0xfa /usr/lib/gcc/msp430/4.6.3/../../../../msp430/lib/mmpy-16/libc.a(memcpy.o)
                0x000000000000d9fc                memcpy
 .text          0x000000000000daf6       0xfa /usr/lib/gcc/msp430/4.6.3/../../../../msp430/lib/mmpy-16/libc.a(memmove.o)
                0x000000000000daf6                memmove
 .text          0x000000000000dbf0       0x6a /usr/lib/gcc/msp430/4.6.3/../../../../msp430/lib/mmpy-16/libc.a(memset.o)
                0x000000000000dbf0                memset
 .text          0x000000000000dc5a       0x1e /usr/lib/gcc/msp430/4.6.3/../../../../msp430/lib/mmpy-16/libc.a(printf.o)
                0x000000000000dc5a                printf
                0x000000000000dc6a                vprintf
 .text          0x000000000000dc78      0x836 /usr/lib/gcc/msp430/4.6.3/../../../../msp430/lib/mmpy-16/libc.a(vuprintf.o)
                0x000000000000de10                vuprintf
 .text          0x000000000000e4ae       0x2c /usr/lib/gcc/msp430/4.6.3/../../../../msp430/lib/mmpy-16/libc.a(puts.o)
                0x000000000000e4ae                puts
 .text          0x000000000000e4da       0x54 /usr/lib/gcc/msp430/4.6.3/../../../../msp430/lib/mmpy-16/libc.a(rand.o)
                0x000000000000e4da                rand_r
                0x000000000000e4fe                rand
                0x000000000000e524                srand
 .text.libgcc   0x000000000000e52e       0xf0 /usr/lib/gcc/msp430/4.6.3/mmpy-16/libgcc.a(_udivmod64.o)
                0x000000000000e52e                __xabi_udivmod64
                0x000000000000e58c                __udivdi3
                0x000000000000e5b2                __umoddi3
                0x000000000000e5e0                __udivmoddi4
 .text.crt0     0x000000000000e61e        0x2 /usr/lib/gcc/msp430/4.6.3/mmpy-16/libcrt0.a(_unexpected_.o)
                0x000000000000e61e                _unexpected_
                0x000000000000e620                . = ALIGN (0x2)

.rodata         0x000000000000e620      0x220
                0x000000000000e620                . = ALIGN (0x2)
 *(.rodata .rodata.* .gnu.linkonce.r.*)
 .rodata        0x000000000000e620        0xe app-rpl-collect-only.co
                0x000000000000e62a                autostart_processes
 .rodata        0x000000000000e62e       0x12 obj_sky/contiki-sky-main.o
 .rodata        0x000000000000e640       0x11 contiki-sky.a(deployment-log.)
 *fill*         0x000000000000e651        0x1 00
 .rodata        0x000000000000e652       0x10 contiki-sky.a(button-sensor.o)
                0x000000000000e65a                button_sensor
 .rodata        0x000000000000e662       0x4c contiki-sky.a(cc2420.o)
                0x000000000000e67e                cc2420_aes_128_driver
                0x000000000000e682                cc2420_driver
 .rodata        0x000000000000e6ae       0x2f contiki-sky.a(watchdog.o)
 .rodata        0x000000000000e6dd       0x12 contiki-sky.a(uip-ds6-route.o)
 *fill*         0x000000000000e6ef        0x1 00
 .rodata        0x000000000000e6f0       0x24 contiki-sky.a(sicslowpan.o)
                0x000000000000e6fc                sicslowpan_driver
                0x000000000000e702                llprefix
                0x000000000000e704                unc_mxconf
                0x000000000000e708                unc_ctxconf
                0x000000000000e70c                unc_llconf
 .rodata        0x000000000000e714       0x4b contiki-sky.a(tcpip.o)
 .rodata        0x000000000000e75f        0xc contiki-sky.a(rpl-timers.o)
 .rodata        0x000000000000e76b       0x2b contiki-sky.a(rpl-ext-header.)
 .rodata        0x000000000000e796       0x16 contiki-sky.a(nordc.o)
                0x000000000000e79c                nordc_driver
 .rodata        0x000000000000e7ac        0x8 contiki-sky.a(framer-802154.o)
                0x000000000000e7ac                framer_802154
 .rodata        0x000000000000e7b4        0x8 contiki-sky.a(linkaddr.o)
                0x000000000000e7b4                linkaddr_null
 .rodata        0x000000000000e7bc       0x66 contiki-sky.a(tsch.o)
                0x000000000000e804                tschmac_driver
                0x000000000000e812                tsch_eb_address
                0x000000000000e81a                tsch_broadcast_address
 .rodata        0x000000000000e822       0x14 contiki-sky.a(nullsec.o)
                0x000000000000e82a                nullsec_driver
 .rodata        0x000000000000e836        0x2 contiki-sky.a(frame802154.o)
 .rodata        0x000000000000e838        0x7 /usr/lib/gcc/msp430/4.6.3/../../../../msp430/lib/mmpy-16/libc.a(vuprintf.o)
                0x000000000000e840                . = ALIGN (0x2)
 *fill*         0x000000000000e83f        0x1 00
                0x000000000000e840                _etext = .

.data           0x0000000000001100      0x124 load address 0x000000000000e840
                0x0000000000001100                . = ALIGN (0x2)
                0x0000000000001100                PROVIDE (__data_start, .)
 *(.data .data.* .gnu.linkonce.d.*)
 .data          0x0000000000001100        0x8 app-rpl-collect-only.co
                0x0000000000001100                unicast_sender_process
 .data          0x0000000000001108       0x20 obj_sky/orchestra.o
                0x0000000000001108                schedule
 .data          0x0000000000001128        0x2 contiki-sky.a(deployment.o)
                0x0000000000001128                node_index
 .data          0x000000000000112a        0x8 contiki-sky.a(deployment-log.)
                0x000000000000112a                log_process
 .data          0x0000000000001132        0x4 contiki-sky.a(contiki-sky-pla)
                0x0000000000001132                sensors
 .data          0x0000000000001136        0x8 contiki-sky.a(sensors.o)
                0x0000000000001136                sensors_process
 .data          0x000000000000113e        0xa contiki-sky.a(cc2420.o)
                0x0000000000001140                cc2420_process
 .data          0x0000000000001148        0x2 contiki-sky.a(msp430.o)
 .data          0x000000000000114a        0x8 contiki-sky.a(ctimer.o)
                0x000000000000114a                ctimer_process
 .data          0x0000000000001152        0x8 contiki-sky.a(etimer.o)
                0x0000000000001152                etimer_process
 .data          0x000000000000115a        0x8 contiki-sky.a(uip-ds6-route.o)
 .data          0x0000000000001162        0xa contiki-sky.a(uip-ds6-nbr.o)
                0x0000000000001162                ds6_neighbors
 .data          0x000000000000116c        0x8 contiki-sky.a(tcpip.o)
                0x000000000000116c                tcpip_process
 .data          0x0000000000001174        0x8 contiki-sky.a(simple-udp.o)
                0x0000000000001174                simple_udp_process
 .data          0x000000000000117c        0xa contiki-sky.a(rpl-dag.o)
                0x000000000000117c                rpl_parents
 .data          0x0000000000001186        0xe contiki-sky.a(rpl-of-etx-exp.)
                0x0000000000001186                rpl_of_etx_exp
 .data          0x0000000000001194       0x18 contiki-sky.a(queuebuf.o)
 .data          0x00000000000011ac        0x8 contiki-sky.a(nbr-table.o)
 .data          0x00000000000011b4       0x2a contiki-sky.a(tsch.o)
                0x00000000000011b4                tsch_pending_events_process
                0x00000000000011bc                tsch_process
                0x00000000000011c4                tsch_send_eb_process
                0x00000000000011cc                hopping_sequence_list
 .data          0x00000000000011de       0x10 contiki-sky.a(tsch-queue.o)
 .data          0x00000000000011ee       0x20 contiki-sky.a(tsch-schedule.o)
 .data          0x000000000000120e        0xc contiki-sky.a(uip-icmp6.o)
 .data          0x000000000000121a        0x6 contiki-sky.a(rpl-icmp6.o)
 .data          0x0000000000001220        0x4 /usr/lib/gcc/msp430/4.6.3/../../../../msp430/lib/mmpy-16/libc.a(rand.o)
                0x0000000000001224                . = ALIGN (0x2)
                0x0000000000001224                _edata = .
                0x000000000000e840                PROVIDE (__data_load_start, LOADADDR (.data))
                0x0000000000000124                PROVIDE (__data_size, SIZEOF (.data))

.bss            0x0000000000001224     0x2138 load address 0x000000000000e964
                0x0000000000001224                PROVIDE (__bss_start, .)
 *(.bss .bss.*)
 .bss           0x0000000000001224       0x3c app-rpl-collect-only.co
 .bss           0x0000000000001260        0x2 obj_sky/node-id.o
                0x0000000000001260                node_id
 .bss           0x0000000000001262      0x124 obj_sky/orchestra.o
 .bss           0x0000000000001386        0x4 obj_sky/contiki-sky-main.o
 .bss           0x000000000000138a       0x10 contiki-sky.a(deployment.o)
 .bss           0x000000000000139a        0xc contiki-sky.a(deployment-log.)
 .bss           0x00000000000013a6       0x24 contiki-sky.a(simple-energest)
 .bss           0x00000000000013ca        0x8 contiki-sky.a(button-sensor.o)
 .bss           0x00000000000013d2        0x6 contiki-sky.a(sensors.o)
 .bss           0x00000000000013d8        0x8 contiki-sky.a(cc2420.o)
 .bss           0x00000000000013e0       0x9a contiki-sky.a(uart1.o)
 .bss           0x000000000000147a        0xa contiki-sky.a(clock.o)
 .bss           0x0000000000001484        0x1 contiki-sky.a(leds.o)
 *fill*         0x0000000000001485        0x1 00
 .bss           0x0000000000001486        0x6 contiki-sky.a(watchdog.o)
 .bss           0x000000000000148c        0x4 contiki-sky.a(ctimer.o)
 .bss           0x0000000000001490        0x6 contiki-sky.a(etimer.o)
 .bss           0x0000000000001496       0x42 contiki-sky.a(process.o)
                0x0000000000001496                process_current
                0x0000000000001498                process_list
 .bss           0x00000000000014d8        0x2 contiki-sky.a(rtimer.o)
 .bss           0x00000000000014da       0x18 contiki-sky.a(uip-ds6.o)
 .bss           0x00000000000014f2       0x3e contiki-sky.a(uip-ds6-route.o)
 .bss           0x0000000000001530        0xa contiki-sky.a(uip6.o)
                0x0000000000001530                uip_ext_opt_offset
                0x0000000000001532                uip_ext_len
                0x0000000000001534                uip_ext_bitmap
 .bss           0x000000000000153a      0x318 contiki-sky.a(uip-ds6-nbr.o)
 .bss           0x0000000000001852       0x24 contiki-sky.a(sicslowpan.o)
 .bss           0x0000000000001876        0xe contiki-sky.a(tcpip.o)
 .bss           0x0000000000001884       0xa2 contiki-sky.a(simple-udp.o)
 .bss           0x0000000000001926      0x134 contiki-sky.a(rpl-dag.o)
 .bss           0x0000000000001a5a       0x18 contiki-sky.a(rpl-timers.o)
 .bss           0x0000000000001a72        0x2 contiki-sky.a(framer-802154.o)
 .bss           0x0000000000001a74      0xa8e contiki-sky.a(queuebuf.o)
 .bss           0x0000000000002502      0x132 contiki-sky.a(nbr-table.o)
 .bss           0x0000000000002634       0xb8 contiki-sky.a(packetbuf.o)
 .bss           0x00000000000026ec      0x1ae contiki-sky.a(tsch.o)
                0x00000000000026ec                associated
                0x00000000000026ee                record_slot
                0x00000000000026f0                tsch_is_coordinator
 .bss           0x000000000000289a      0x1e4 contiki-sky.a(tsch-queue.o)
 .bss           0x0000000000002a7e      0x362 contiki-sky.a(tsch-schedule.o)
 .bss           0x0000000000002de0       0x14 contiki-sky.a(uip-icmp6.o)
 *(COMMON)
 COMMON         0x0000000000002df4        0x2 contiki-sky.a(contiki-sky-pla)
                0x0000000000002df4                sensors_flags
 COMMON         0x0000000000002df6        0x8 contiki-sky.a(ds2411.o)
                0x0000000000002df6                ds2411_id
 COMMON         0x0000000000002dfe        0x1 contiki-sky.a(sensors.o)
                0x0000000000002dfe                sensors_event
 *fill*         0x0000000000002dff        0x1 00
 COMMON         0x0000000000002e00       0x10 contiki-sky.a(cc2420.o)
                0x0000000000002e00                cc2420_last_rssi
                0x0000000000002e02                cc2420_sfd_start_time
                0x0000000000002e04                cc2420_time_of_departure
                0x0000000000002e06                cc2420_time_of_arrival
                0x0000000000002e08                cc2420_last_correlation
                0x0000000000002e09                radio_last_correlation
                0x0000000000002e0a                cc2420_authority_level_of_sender
                0x0000000000002e0c                radio_last_rssi
                0x0000000000002e0d                cc2420_sfd_counter
                0x0000000000002e0e                cc2420_sfd_end_time
 COMMON         0x0000000000002e10        0x2 contiki-sky.a(msp430.o)
                0x0000000000002e10                msp430_dco_required
 COMMON         0x0000000000002e12       0x56 contiki-sky.a(energest.o)
                0x0000000000002e12                energest_total_time
                0x0000000000002e42                energest_total_count
                0x0000000000002e44                energest_current_mode
                0x0000000000002e50                energest_current_time
 COMMON         0x0000000000002e68        0x1 contiki-sky.a(process.o)
                0x0000000000002e68                process_maxevents
 *fill*         0x0000000000002e69        0x1 00
 COMMON         0x0000000000002e6a      0x12c contiki-sky.a(uip-ds6.o)
                0x0000000000002e6a                uip_ds6_timer_ra
                0x0000000000002e72                uip_ds6_if
                0x0000000000002f2e                uip_ds6_netif_addr_list_offset
                0x0000000000002f2f                uip_ds6_addr_size
                0x0000000000002f30                uip_ds6_prefix_list
                0x0000000000002f8a                uip_ds6_timer_periodic
 COMMON         0x0000000000002f96       0xec contiki-sky.a(uip6.o)
                0x0000000000002f96                uip_len
                0x0000000000002f98                uip_sappdata
                0x0000000000002f9a                uip_lladdr
                0x0000000000002fa2                uip_aligned_buf
                0x0000000000003042                uip_flags
                0x0000000000003044                uip_next_hdr
                0x0000000000003046                uip_udp_conn