Archive member included because of file (symbol)

contiki-sky.a(deployment.o)   obj_sky/node-id.o (get_node_id)
contiki-sky.a(deployment-log.)
                              app-rpl-collect-only.co (log_appdataptr)
contiki-sky.a(simple-energest)
                              contiki-sky.a(deployment-log.) (simple_energest_init)
contiki-sky.a(contiki-sky-pla)
                              obj_sky/contiki-sky-main.o (init_platform)
contiki-sky.a(button-sensor.o)
                              contiki-sky.a(contiki-sky-pla) (button_sensor)
contiki-sky.a(ds2411.o)       obj_sky/contiki-sky-main.o (ds2411_init)
contiki-sky.a(xmem.o)         obj_sky/contiki-sky-main.o (xmem_init)
contiki-sky.a(sensors.o)      contiki-sky.a(button-sensor.o) (sensors_changed)
contiki-sky.a(cc2420.o)       obj_sky/contiki-sky-main.o (cc2420_set_pan_addr)
contiki-sky.a(cc2420-arch.o)  contiki-sky.a(cc2420.o) (cc2420_arch_init)
contiki-sky.a(cc2420-arch-sfd)
                              contiki-sky.a(cc2420-arch.o) (cc2420_arch_sfd_init)
contiki-sky.a(uart1.o)        obj_sky/contiki-sky-main.o (uart1_active)
contiki-sky.a(msp430.o)       contiki-sky.a(uart1.o) (msp430_add_lpm_req)
contiki-sky.a(clock.o)        obj_sky/contiki-sky-main.o (clock_init)
contiki-sky.a(leds.o)         obj_sky/contiki-sky-main.o (leds_init)
contiki-sky.a(leds-arch.o)    contiki-sky.a(leds.o) (leds_arch_init)
contiki-sky.a(watchdog.o)     obj_sky/contiki-sky-main.o (watchdog_start)
contiki-sky.a(rtimer-arch.o)  obj_sky/contiki-sky-main.o (rtimer_arch_now)
contiki-sky.a(autostart.o)    obj_sky/contiki-sky-main.o (autostart_start)
contiki-sky.a(ctimer.o)       obj_sky/contiki-sky-main.o (ctimer_init)
contiki-sky.a(energest.o)     obj_sky/contiki-sky-main.o (energest_init)
contiki-sky.a(etimer.o)       contiki-sky.a(clock.o) (etimer_request_poll)
contiki-sky.a(process.o)      contiki-sky.a(ctimer.o) (process_current)
contiki-sky.a(rtimer.o)       obj_sky/contiki-sky-main.o (rtimer_init)
contiki-sky.a(timer.o)        contiki-sky.a(button-sensor.o) (timer_set)
contiki-sky.a(list.o)         contiki-sky.a(ctimer.o) (list_init)
contiki-sky.a(memb.o)         obj_sky/orchestra.o (memb_init)
contiki-sky.a(random.o)       obj_sky/contiki-sky-main.o (random_init)
contiki-sky.a(uip-ds6.o)      app-rpl-collect-only.co (uip_ds6_is_addr_onlink)
contiki-sky.a(uip-ds6-route.o)
                              contiki-sky.a(uip-ds6.o) (uip_ds6_route_init)
contiki-sky.a(uip6.o)         contiki-sky.a(deployment-log.) (uip_aligned_buf)
contiki-sky.a(uip-ds6-nbr.o)  contiki-sky.a(uip-ds6.o) (uip_ds6_neighbors_init)
contiki-sky.a(uip-nd6.o)      contiki-sky.a(uip6.o) (uip_nd6_init)
contiki-sky.a(sicslowpan.o)   obj_sky/contiki-sky-main.o (sicslowpan_driver)
contiki-sky.a(tcpip.o)        contiki-sky.a(sicslowpan.o) (tcpip_set_outputfunc)
contiki-sky.a(simple-udp.o)   app-rpl-collect-only.co (simple_udp_sendto)
contiki-sky.a(rpl-dag.o)      contiki-sky.a(deployment-log.) (rpl_parents)
contiki-sky.a(rpl-timers.o)   contiki-sky.a(rpl-dag.o) (rpl_reset_dio_timer)
contiki-sky.a(rpl-ext-header.)
                              contiki-sky.a(uip6.o) (rpl_verify_header)
contiki-sky.a(rpl.o)          contiki-sky.a(rpl-timers.o) (rpl_purge_routes)
contiki-sky.a(rpl-of-etx-exp.)
                              contiki-sky.a(rpl-dag.o) (rpl_of_etx_exp)
contiki-sky.a(nordc.o)        obj_sky/contiki-sky-main.o (nordc_driver)
contiki-sky.a(framer-802154.o)
                              contiki-sky.a(sicslowpan.o) (framer_802154)
contiki-sky.a(framer.o)       contiki-sky.a(framer-802154.o) (framer_canonical_create_and_secure)
contiki-sky.a(queuebuf.o)     obj_sky/contiki-sky-main.o (queuebuf_init)
contiki-sky.a(nbr-table.o)    contiki-sky.a(uip-ds6-nbr.o) (nbr_table_register)
contiki-sky.a(packetbuf.o)    contiki-sky.a(queuebuf.o) (packetbuf_copyto_hdr)
contiki-sky.a(linkaddr.o)     obj_sky/contiki-sky-main.o (linkaddr_copy)
contiki-sky.a(tsch.o)         obj_sky/orchestra.o (tsch_broadcast_address)
contiki-sky.a(tsch-queue.o)   contiki-sky.a(tsch.o) (tsch_queue_get_nbr)
contiki-sky.a(tsch-schedule.o)
                              obj_sky/orchestra.o (tsch_schedule_add_slotframe)
contiki-sky.a(tsch-packet.o)  contiki-sky.a(tsch.o) (tsch_packet_parse_sync_ack)
contiki-sky.a(tsch-rpl.o)     obj_sky/orchestra.o (tsch_rpl_callback_joining_network)
contiki-sky.a(nullsec.o)      obj_sky/contiki-sky-main.o (nullsec_driver)
contiki-sky.a(spi.o)          contiki-sky.a(xmem.o) (spi_init)
contiki-sky.a(stimer.o)       contiki-sky.a(uip-ds6.o) (stimer_set)
contiki-sky.a(ringbufindex.o)
                              contiki-sky.a(tsch.o) (ringbufindex_init)
contiki-sky.a(uip-icmp6.o)    contiki-sky.a(uip6.o) (uip_icmp6_input)
contiki-sky.a(uip-debug.o)    contiki-sky.a(tsch-queue.o) (uip_debug_lladdr_print)
contiki-sky.a(uip-udp-packet.)
                              contiki-sky.a(simple-udp.o) (uip_udp_packet_sendto)
contiki-sky.a(rpl-icmp6.o)    contiki-sky.a(rpl-dag.o) (dio_output)
[...]
Memory Configuration

Name             Origin             Length             Attributes
sfr              0x0000000000000000 0x0000000000000010
peripheral_8bit  0x0000000000000010 0x00000000000000f0
peripheral_16bit 0x0000000000000100 0x0000000000000100
ram_mirror       0x0000000000000200 0x0000000000000800 xw
infomem          0x0000000000001000 0x0000000000000100
infob            0x0000000000001000 0x0000000000000080
infoa            0x0000000000001080 0x0000000000000080
ram              0x0000000000001100 0x0000000000002800 xw
rom              0x0000000000004000 0x000000000000bfe0 xr
vectors          0x000000000000ffe0 0x0000000000000020
bsl              0x0000000000000000 0x0000000000000000
infoc            0x0000000000000000 0x0000000000000000
infod            0x0000000000000000 0x0000000000000000
ram2             0x0000000000000000 0x0000000000000000 xw
usbram           0x0000000000000000 0x0000000000000000 xw
far_rom          0x0000000000000000 0x0000000000000000
*default*        0x0000000000000000 0xffffffffffffffff

Linker script and memory map

LOAD /usr/lib/gcc/msp430/4.6.3/mmpy-16/crt0ivtbl16.o
LOAD app-rpl-collect-only.co
LOAD obj_sky/node-id.o
LOAD obj_sky/orchestra.o
LOAD obj_sky/uart1-putchar.o
LOAD obj_sky/contiki-sky-main.o
LOAD contiki-sky.a
LOAD /usr/lib/gcc/msp430/4.6.3/mmpy-16/libgcc.a
LOAD /usr/lib/gcc/msp430/4.6.3/../../../../msp430/lib/mmpy-16/libc.a
LOAD /usr/lib/gcc/msp430/4.6.3/mmpy-16/libgcc.a
LOAD /usr/lib/gcc/msp430/4.6.3/mmpy-16/libcrt0.a
                0x0000000000000080                PROVIDE (__info_segment_size, 0x80)
                0x0000000000001000                PROVIDE (__infob, 0x1000)
                0x0000000000001080                PROVIDE (__infoa, 0x1080)
                0x0000000000000000                __IE1 = 0x0
                0x0000000000000002                __IFG1 = 0x2
                0x0000000000000004                __ME1 = 0x4
                0x0000000000000001                __IE2 = 0x1
                0x0000000000000003                __IFG2 = 0x3
                0x0000000000000005                __ME2 = 0x5
                0x0000000000000120                __WDTCTL = 0x120
                0x0000000000000130                __MPY = 0x130
                0x0000000000000132                __MPYS = 0x132
                0x0000000000000134                __MAC = 0x134
                0x0000000000000136                __MACS = 0x136
                0x0000000000000138                __OP2 = 0x138
                0x000000000000013a                __RESLO = 0x13a
                0x000000000000013c                __RESHI = 0x13c
                0x000000000000013e                __SUMEXT = 0x13e
                0x0000000000000020                __P1IN = 0x20
                0x0000000000000021                __P1OUT = 0x21
                0x0000000000000022                __P1DIR = 0x22
                0x0000000000000023                __P1IFG = 0x23
                0x0000000000000024                __P1IES = 0x24
                0x0000000000000025                __P1IE = 0x25
                0x0000000000000026                __P1SEL = 0x26
                0x0000000000000028                __P2IN = 0x28
                0x0000000000000029                __P2OUT = 0x29
                0x000000000000002a                __P2DIR = 0x2a
                0x000000000000002b                __P2IFG = 0x2b
                0x000000000000002c                __P2IES = 0x2c
                0x000000000000002d                __P2IE = 0x2d
                0x000000000000002e                __P2SEL = 0x2e
                0x0000000000000018                __P3IN = 0x18
                0x0000000000000019                __P3OUT = 0x19
                0x000000000000001a                __P3DIR = 0x1a
                0x000000000000001b                __P3SEL = 0x1b
                0x000000000000001c                __P4IN = 0x1c
                0x000000000000001d                __P4OUT = 0x1d
                0x000000000000001e                __P4DIR = 0x1e
                0x000000000000001f                __P4SEL = 0x1f
                0x0000000000000030                __P5IN = 0x30
                0x0000000000000031                __P5OUT = 0x31
                0x0000000000000032                __P5DIR = 0x32
                0x0000000000000033                __P5SEL = 0x33
                0x0000000000000034                __P6IN = 0x34
                0x0000000000000035                __P6OUT = 0x35
                0x0000000000000036                __P6DIR = 0x36
                0x0000000000000037                __P6SEL = 0x37
                0x0000000000000070                __U0CTL = 0x70
                0x0000000000000071                __U0TCTL = 0x71
                0x0000000000000072                __U0RCTL = 0x72
                0x0000000000000073                __U0MCTL = 0x73
                0x0000000000000074                __U0BR0 = 0x74
                0x0000000000000075                __U0BR1 = 0x75
                0x0000000000000076                __U0RXBUF = 0x76
                0x0000000000000077                __U0TXBUF = 0x77
                0x0000000000000078                __U1CTL = 0x78
                0x0000000000000079                __U1TCTL = 0x79
                0x000000000000007a                __U1RCTL = 0x7a
                0x000000000000007b                __U1MCTL = 0x7b
                0x000000000000007c                __U1BR0 = 0x7c
                0x000000000000007d                __U1BR1 = 0x7d
                0x000000000000007e                __U1RXBUF = 0x7e
                0x000000000000007f                __U1TXBUF = 0x7f
                0x0000000000000050                __I2CIE = 0x50
                0x0000000000000051                __I2CIFG = 0x51
                0x0000000000000052                __I2CNDAT = 0x52
                0x0000000000000071                __I2CTCTL = 0x71
                0x0000000000000072                __I2CDCTL = 0x72
                0x0000000000000073                __I2CPSC = 0x73
                0x0000000000000074                __I2CSCLH = 0x74
                0x0000000000000075                __I2CSCLL = 0x75
                0x0000000000000076                __I2CDRB = 0x76
                0x0000000000000076                __I2CDRW = 0x76
                0x0000000000000118                __I2COA = 0x118
                0x000000000000011a                __I2CSA = 0x11a
                0x000000000000011c                __I2CIV = 0x11c
                0x000000000000012e                __TAIV = 0x12e
                0x0000000000000160                __TACTL = 0x160
                0x0000000000000162                __TACCTL0 = 0x162
                0x0000000000000164                __TACCTL1 = 0x164
                0x0000000000000166                __TACCTL2 = 0x166
                0x0000000000000170                __TAR = 0x170
                0x0000000000000172                __TACCR0 = 0x172
                0x0000000000000174                __TACCR1 = 0x174
                0x0000000000000176                __TACCR2 = 0x176
                0x000000000000011e                __TBIV = 0x11e
                0x0000000000000180                __TBCTL = 0x180
                0x0000000000000182                __TBCCTL0 = 0x182
                0x0000000000000184                __TBCCTL1 = 0x184
                0x0000000000000186                __TBCCTL2 = 0x186
                0x0000000000000188                __TBCCTL3 = 0x188
                0x000000000000018a                __TBCCTL4 = 0x18a
                0x000000000000018c                __TBCCTL5 = 0x18c
                0x000000000000018e                __TBCCTL6 = 0x18e
                0x0000000000000190                __TBR = 0x190
                0x0000000000000192                __TBCCR0 = 0x192
                0x0000000000000194                __TBCCR1 = 0x194
                0x0000000000000196                __TBCCR2 = 0x196
                0x0000000000000198                __TBCCR3 = 0x198
                0x000000000000019a                __TBCCR4 = 0x19a
                0x000000000000019c                __TBCCR5 = 0x19c
                0x000000000000019e                __TBCCR6 = 0x19e
                0x0000000000000056                __DCOCTL = 0x56
                0x0000000000000057                __BCSCTL1 = 0x57
                0x0000000000000058                __BCSCTL2 = 0x58
                0x0000000000000055                __SVSCTL = 0x55
                0x0000000000000128                __FCTL1 = 0x128
                0x000000000000012a                __FCTL2 = 0x12a
                0x000000000000012c                __FCTL3 = 0x12c
                0x0000000000000059                __CACTL1 = 0x59
                0x000000000000005a                __CACTL2 = 0x5a
                0x000000000000005b                __CAPD = 0x5b
                0x00000000000001a0                __ADC12CTL0 = 0x1a0
                0x00000000000001a2                __ADC12CTL1 = 0x1a2
                0x00000000000001a4                __ADC12IFG = 0x1a4
                0x00000000000001a6                __ADC12IE = 0x1a6
                0x00000000000001a8                __ADC12IV = 0x1a8
                0x0000000000000140                __ADC12MEM0 = 0x140
                0x0000000000000142                __ADC12MEM1 = 0x142
                0x0000000000000144                __ADC12MEM2 = 0x144
                0x0000000000000146                __ADC12MEM3 = 0x146
                0x0000000000000148                __ADC12MEM4 = 0x148
                0x000000000000014a                __ADC12MEM5 = 0x14a
                0x000000000000014c                __ADC12MEM6 = 0x14c
                0x000000000000014e                __ADC12MEM7 = 0x14e
                0x0000000000000150                __ADC12MEM8 = 0x150
                0x0000000000000152                __ADC12MEM9 = 0x152
                0x0000000000000154                __ADC12MEM10 = 0x154
                0x0000000000000156                __ADC12MEM11 = 0x156
                0x0000000000000158                __ADC12MEM12 = 0x158
                0x000000000000015a                __ADC12MEM13 = 0x15a
                0x000000000000015c                __ADC12MEM14 = 0x15c
                0x000000000000015e                __ADC12MEM15 = 0x15e
                0x0000000000000080                __ADC12MCTL0 = 0x80
                0x0000000000000081                __ADC12MCTL1 = 0x81
                0x0000000000000082                __ADC12MCTL2 = 0x82
                0x0000000000000083                __ADC12MCTL3 = 0x83
                0x0000000000000084                __ADC12MCTL4 = 0x84
                0x0000000000000085                __ADC12MCTL5 = 0x85
                0x0000000000000086                __ADC12MCTL6 = 0x86
                0x0000000000000087                __ADC12MCTL7 = 0x87
                0x0000000000000088                __ADC12MCTL8 = 0x88
                0x0000000000000089                __ADC12MCTL9 = 0x89
                0x000000000000008a                __ADC12MCTL10 = 0x8a
                0x000000000000008b                __ADC12MCTL11 = 0x8b
                0x000000000000008c                __ADC12MCTL12 = 0x8c
                0x000000000000008d                __ADC12MCTL13 = 0x8d
                0x000000000000008e                __ADC12MCTL14 = 0x8e
                0x000000000000008f                __ADC12MCTL15 = 0x8f
                0x00000000000001c0                __DAC12_0CTL = 0x1c0
                0x00000000000001c2                __DAC12_1CTL = 0x1c2
                0x00000000000001c8                __DAC12_0DAT = 0x1c8
                0x00000000000001ca                __DAC12_1DAT = 0x1ca
                0x0000000000000122                __DMACTL0 = 0x122
                0x0000000000000124                __DMACTL1 = 0x124
                0x00000000000001e0                __DMA0CTL = 0x1e0
                0x00000000000001e8                __DMA1CTL = 0x1e8
                0x00000000000001f0                __DMA2CTL = 0x1f0
                0x00000000000001e2                __DMA0SA = 0x1e2
                0x00000000000001e4                __DMA0DA = 0x1e4
                0x00000000000001e6                __DMA0SZ = 0x1e6
                0x00000000000001ea                __DMA1SA = 0x1ea
                0x00000000000001ec                __DMA1DA = 0x1ec
                0x00000000000001ee                __DMA1SZ = 0x1ee
                0x00000000000001f2                __DMA2SA = 0x1f2
                0x00000000000001f4                __DMA2DA = 0x1f4
                0x00000000000001f6                __DMA2SZ = 0x1f6

.hash
 *(.hash)

.dynsym
 *(.dynsym)

.dynstr
 *(.dynstr)

.gnu.version
 *(.gnu.version)

.gnu.version_d
 *(.gnu.version_d)

.gnu.version_r
 *(.gnu.version_r)

.rel.init
 *(.rel.init)

.rela.init
 *(.rela.init)

.rel.fini
 *(.rel.fini)

.rela.fini
 *(.rela.fini)

.rel.text
 *(.rel.text .rel.text.* .rel.gnu.linkonce.t.*)

.rela.text
 *(.rela.text .rela.text.* .rela.gnu.linkonce.t.*)

.rel.rodata
 *(.rel.rodata .rel.rodata.* .rel.gnu.linkonce.r.*)

.rela.rodata
 *(.rela.rodata .rela.rodata.* .rela.gnu.linkonce.r.*)

.rel.data
 *(.rel.data .rel.data.* .rel.gnu.linkonce.d.*)

.rela.data
 *(.rela.data .rela.data.* .rela.gnu.linkonce.d.*)

.rel.bss
 *(.rel.bss .rel.bss.* .rel.gnu.linkonce.b.*)

.rela.bss
 *(.rela.bss .rela.bss.* .rela.gnu.linkonce.b.*)

.rel.ctors
 *(.rel.ctors)

.rela.ctors
 *(.rela.ctors)

.rel.dtors
 *(.rel.dtors)

.rela.dtors
 *(.rela.dtors)

.rel.got
 *(.rel.got)

.rela.got
 *(.rela.got)

.rel.plt
 *(.rel.plt)

.rela.plt
 *(.rela.plt)

.text           0x0000000000004000     0xaa0c
                0x0000000000004000                . = ALIGN (0x2)
 *(.init .init.*)
 *(.init0)
 .init0         0x0000000000004000        0x0 /usr/lib/gcc/msp430/4.6.3/mmpy-16/libcrt0.a(_reset_vector__.o)
                0x0000000000004000                _reset_vector__
 *(.init1)
 .init1         0x0000000000004000        0xc /usr/lib/gcc/msp430/4.6.3/mmpy-16/libcrt0.a(__watchdog_support.o)
                0x0000000000004000                __watchdog_support
 *(.init2)
 .init2         0x000000000000400c        0x4 /usr/lib/gcc/msp430/4.6.3/mmpy-16/libcrt0.a(__init_stack.o)
                0x000000000000400c                __init_stack
 *(.init3)
 .init3         0x0000000000004010        0x0 /usr/lib/gcc/msp430/4.6.3/mmpy-16/libcrt0.a(__low_level_init.o)
                0x0000000000004010                __low_level_init
 *(.init4)
 .init4         0x0000000000004010       0x18 /usr/lib/gcc/msp430/4.6.3/mmpy-16/libcrt0.a(_copy_data.o)
                0x0000000000004010                __do_copy_data
 .init4         0x0000000000004028       0x16 /usr/lib/gcc/msp430/4.6.3/mmpy-16/libcrt0.a(_clear_bss.o)
                0x0000000000004028                __do_clear_bss
 *(.init5)
 *(.init6)
 *(.init7)
 *(.init8)
 *(.init9)
 .init9         0x000000000000403e      0x1d6 obj_sky/contiki-sky-main.o
                0x000000000000403e                main
 *(.fini9)
 .fini9         0x0000000000004214        0x0 /usr/lib/gcc/msp430/4.6.3/mmpy-16/libcrt0.a(__stop_progExec__.o)
                0x0000000000004214                __stop_progExec__
 *(.fini8)
 *(.fini7)
 *(.fini6)
 *(.fini5)
 *(.fini4)
 *(.fini3)
 *(.fini2)
 *(.fini1)
 *(.fini0)
 .fini0         0x0000000000004214        0x6 /usr/lib/gcc/msp430/4.6.3/mmpy-16/libcrt0.a(_endless_loop__.o)
                0x0000000000004214                _endless_loop__
 *(.fini .fini.*)
                0x000000000000421a                . = ALIGN (0x2)
                0x000000000000421a                __ctors_start = .
 *(.ctors)
                0x000000000000421a                __ctors_end = .
                0x000000000000421a                __dtors_start = .
 *(.dtors)
                0x000000000000421a                __dtors_end = .
                0x000000000000421a                . = ALIGN (0x2)
 *(.text .text.* .gnu.linkonce.t.*)
 .text          0x000000000000421a        0x4 /usr/lib/gcc/msp430/4.6.3/mmpy-16/crt0ivtbl16.o
                0x000000000000421a                __isr_14
                0x000000000000421a                __isr_11
                0x000000000000421a                __isr_2
                0x000000000000421a                __isr_7
                0x000000000000421a                __isr_0
                0x000000000000421a                __isr_8
                0x000000000000421a                __isr_3
                0x000000000000421a                __isr_13
                0x000000000000421a                __isr_9
 .text.receiver
                0x000000000000421e       0x14 app-rpl-collect-only.co
 .text.app_send_to
                0x0000000000004232       0xd2 app-rpl-collect-only.co
                0x0000000000004232                app_send_to
 .text.process_thread_unicast_sender_process
                0x0000000000004304      0x148 app-rpl-collect-only.co
 .text.node_id_restore
                0x000000000000444c        0xa obj_sky/node-id.o
                0x000000000000444c                node_id_restore
 .text.orchestra_callback_joining_network
                0x0000000000004456       0x3c obj_sky/orchestra.o
                0x0000000000004456                orchestra_callback_joining_network
 .text.orchestra_callback_new_time_source
                0x0000000000004492       0x50 obj_sky/orchestra.o
                0x0000000000004492                orchestra_callback_new_time_source
 .text.orchestra_init
                0x00000000000044e2       0x84 obj_sky/orchestra.o
                0x00000000000044e2                orchestra_init
 .text.putchar  0x0000000000004566       0x10 obj_sky/uart1-putchar.o
                0x0000000000004566                putchar
 .text.start_network_layer
                0x0000000000004576       0x18 obj_sky/contiki-sky-main.o
 .text.get_node_id
                0x000000000000458e        0x6 contiki-sky.a(deployment.o)
                0x000000000000458e                get_node_id
 .text.node_id_from_linkaddr
                0x0000000000004594        0xe contiki-sky.a(deployment.o)
                0x0000000000004594                node_id_from_linkaddr
 .text.node_id_from_ipaddr
                0x00000000000045a2       0x16 contiki-sky.a(deployment.o)
                0x00000000000045a2                node_id_from_ipaddr
 .text.get_node_index_from_id
                0x00000000000045b8        0x2 contiki-sky.a(deployment.o)
                0x00000000000045b8                get_node_index_from_id
 .text.set_linkaddr_from_id
                0x00000000000045ba       0x26 contiki-sky.a(deployment.o)
                0x00000000000045ba                set_linkaddr_from_id
 .text.set_ipaddr_from_id
                0x00000000000045e0       0x2c contiki-sky.a(deployment.o)
                0x00000000000045e0                set_ipaddr_from_id
 .text.deployment_init
                0x000000000000460c       0xc2 contiki-sky.a(deployment.o)
                0x000000000000460c                deployment_init
 .text.rpl_print_neighbor_list
                0x00000000000046ce       0xe4 contiki-sky.a(deployment-log.)
                0x00000000000046ce                rpl_print_neighbor_list
 .text.process_thread_log_process
                0x00000000000047b2       0x62 contiki-sky.a(deployment-log.)
 .text.appdata_copy
                0x0000000000004814       0x1c contiki-sky.a(deployment-log.)
                0x0000000000004814                appdata_copy
 .text.appdataptr_from_buffer
                0x0000000000004830       0x38 contiki-sky.a(deployment-log.)
                0x0000000000004830                appdataptr_from_buffer
 .text.appdataptr_from_uip
                0x0000000000004868        0xe contiki-sky.a(deployment-log.)
                0x0000000000004868                appdataptr_from_uip
 .text.appdataptr_from_packetbuf
                0x0000000000004876       0x16 contiki-sky.a(deployment-log.)
                0x0000000000004876                appdataptr_from_packetbuf
 .text.log_appdataptr
                0x000000000000488c       0x96 contiki-sky.a(deployment-log.)
                0x000000000000488c                log_appdataptr
 .text.log_start
                0x0000000000004922        0xc contiki-sky.a(deployment-log.)
                0x0000000000004922                log_start
 .text.simple_energest_init
                0x000000000000492e       0x4e contiki-sky.a(simple-energest)
                0x000000000000492e                simple_energest_init
 .text.simple_energest_step
                0x000000000000497c      0x11c contiki-sky.a(simple-energest)
                0x000000000000497c                simple_energest_step
 .text.init_platform
                0x0000000000004a98        0xc contiki-sky.a(contiki-sky-pla)
                0x0000000000004a98                init_platform
 .text.status   0x0000000000004aa4       0x16 contiki-sky.a(button-sensor.o)
 .text.configure
                0x0000000000004aba       0x52 contiki-sky.a(button-sensor.o)
 .text.value    0x0000000000004b0c       0x22 contiki-sky.a(button-sensor.o)
 .text.irq_p2   0x0000000000004b2e       0x8a contiki-sky.a(button-sensor.o)
                0x0000000000004b2e                irq_p2
                0x0000000000004b2e                __isr_1
 .text.owreadb  0x0000000000004bb8       0x52 contiki-sky.a(ds2411.o)
 .text.ds2411_init
                0x0000000000004c0a      0x122 contiki-sky.a(ds2411.o)
                0x0000000000004c0a                ds2411_init
 .text.xmem_init
                0x0000000000004d2c       0x3e contiki-sky.a(xmem.o)
                0x0000000000004d2c                xmem_init
 .text.process_thread_sensors_process
                0x0000000000004d6a       0xbe contiki-sky.a(sensors.o)
 .text.sensors_changed
                0x0000000000004e28       0x2a contiki-sky.a(sensors.o)
                0x0000000000004e28                sensors_changed
 .text.get_object
                0x0000000000004e52        0x4 contiki-sky.a(cc2420.o)
 .text.set_object
                0x0000000000004e56        0x4 contiki-sky.a(cc2420.o)
 .text.strobe   0x0000000000004e5a       0x20 contiki-sky.a(cc2420.o)
 .text.status   0x0000000000004e7a       0x26 contiki-sky.a(cc2420.o)
 .text.getreg   0x0000000000004ea0       0x54 contiki-sky.a(cc2420.o)
 .text.setreg   0x0000000000004ef4       0x52 contiki-sky.a(cc2420.o)
 .text.write_ram
                0x0000000000004f46       0x80 contiki-sky.a(cc2420.o)
 .text.write_fifo_buf
                0x0000000000004fc6       0x40 contiki-sky.a(cc2420.o)
 .text.get_status
                0x0000000000005006       0x24 contiki-sky.a(cc2420.o)
 .text.cc2420_receiving_packet
                0x000000000000502a        0xe contiki-sky.a(cc2420.o)
 .text.pending_packet
                0x0000000000005038        0x8 contiki-sky.a(cc2420.o)
 .text.on       0x0000000000005040       0x26 contiki-sky.a(cc2420.o)
 .text.wait_for_transmission
                0x0000000000005066       0x22 contiki-sky.a(cc2420.o)
 .text.wait_for_status
                0x0000000000005088       0x2a contiki-sky.a(cc2420.o)
 .text.getrxdata
                0x00000000000050b2       0x56 contiki-sky.a(cc2420.o)
 .text.flushrx  0x0000000000005108       0x1a contiki-sky.a(cc2420.o)
 .text.off      0x0000000000005122       0x62 contiki-sky.a(cc2420.o)
 .text.RELEASE_LOCK
                0x0000000000005184       0x28 contiki-sky.a(cc2420.o)
 .text.set_key  0x00000000000051ac       0x18 contiki-sky.a(cc2420.o)
 .text.cc2420_prepare
                0x00000000000051c4       0x3c contiki-sky.a(cc2420.o)
 .text.cc2420_on
                0x0000000000005200       0x22 contiki-sky.a(cc2420.o)
                0x0000000000005200                cc2420_on
 .text.cc2420_transmit
                0x0000000000005222       0xc8 contiki-sky.a(cc2420.o)
 .text.cc2420_send
                0x00000000000052ea       0x12 contiki-sky.a(cc2420.o)
 .text.cc2420_off
                0x00000000000052fc       0x30 contiki-sky.a(cc2420.o)
                0x00000000000052fc                cc2420_off
 .text.cc2420_cca
                0x000000000000532c       0x5e contiki-sky.a(cc2420.o)
 .text.cc2420_read
                0x000000000000538a       0xbc contiki-sky.a(cc2420.o)
 .text.process_thread_cc2420_process
                0x0000000000005446       0x52 contiki-sky.a(cc2420.o)
 .text.encrypt  0x0000000000005498       0x8e contiki-sky.a(cc2420.o)
 .text.cc2420_set_channel
                0x0000000000005526       0x3c contiki-sky.a(cc2420.o)
                0x0000000000005526                cc2420_set_channel
 .text.cc2420_set_pan_addr
                0x0000000000005562       0x4c contiki-sky.a(cc2420.o)
                0x0000000000005562                cc2420_set_pan_addr
 .text.cc2420_interrupt
                0x00000000000055ae       0x18 contiki-sky.a(cc2420.o)
                0x00000000000055ae                cc2420_interrupt
 .text.cc2420_set_txpower
                0x00000000000055c6       0x2e contiki-sky.a(cc2420.o)
                0x00000000000055c6                cc2420_set_txpower
 .text.set_value
                0x00000000000055f4       0x78 contiki-sky.a(cc2420.o)
 .text.cc2420_get_txpower
                0x000000000000566c       0x1e contiki-sky.a(cc2420.o)
                0x000000000000566c                cc2420_get_txpower
 .text.cc2420_rssi
                0x000000000000568a       0x4c contiki-sky.a(cc2420.o)
                0x000000000000568a                cc2420_rssi
 .text.get_value
                0x00000000000056d6       0x8a contiki-sky.a(cc2420.o)
 .text.cc2420_set_cca_threshold
                0x0000000000005760       0x16 contiki-sky.a(cc2420.o)
                0x0000000000005760                cc2420_set_cca_threshold
 .text.cc2420_sfd_sync
                0x0000000000005776       0x48 contiki-sky.a(cc2420.o)
                0x0000000000005776                cc2420_sfd_sync
 .text.cc2420_read_sfd_timer
                0x00000000000057be        0x6 contiki-sky.a(cc2420.o)
                0x00000000000057be                cc2420_read_sfd_timer
 .text.cc2420_address_decode
                0x00000000000057c4       0x74 contiki-sky.a(cc2420.o)
                0x00000000000057c4                cc2420_address_decode
 .text.cc2420_set_interrupt_enable
                0x0000000000005838       0x4a contiki-sky.a(cc2420.o)
                0x0000000000005838                cc2420_set_interrupt_enable
 .text.cc2420_init
                0x0000000000005882      0x122 contiki-sky.a(cc2420.o)
                0x0000000000005882                cc2420_init
 .text.cc2420_port1_interrupt
                0x00000000000059a4       0x62 contiki-sky.a(cc2420-arch.o)
                0x00000000000059a4                __isr_4
                0x00000000000059a4                cc2420_port1_interrupt
 .text.cc2420_arch_init
                0x0000000000005a06       0x1e contiki-sky.a(cc2420-arch.o)
                0x0000000000005a06                cc2420_arch_init
 .text.cc2420_timerb1_interrupt
                0x0000000000005a24       0x70 contiki-sky.a(cc2420-arch-sfd)
                0x0000000000005a24                cc2420_timerb1_interrupt
                0x0000000000005a24                __isr_12
 .text.cc2420_arch_sfd_init
                0x0000000000005a94       0x26 contiki-sky.a(cc2420-arch-sfd)
                0x0000000000005a94                cc2420_arch_sfd_init
 .text.uart1_active
                0x0000000000005aba       0x1a contiki-sky.a(uart1.o)
                0x0000000000005aba                uart1_active
 .text.uart1_writeb
                0x0000000000005ad4       0x1a contiki-sky.a(uart1.o)
                0x0000000000005ad4                uart1_writeb
 .text.uart1_init
                0x0000000000005aee       0xf6 contiki-sky.a(uart1.o)
                0x0000000000005aee                uart1_init
 .text.msp430_init_dco
                0x0000000000005be4       0x84 contiki-sky.a(msp430.o)
                0x0000000000005be4                msp430_init_dco
 .text.msp430_add_lpm_req
                0x0000000000005c68        0xc contiki-sky.a(msp430.o)
                0x0000000000005c68                msp430_add_lpm_req
 .text.msp430_cpu_init
                0x0000000000005c74       0x2a contiki-sky.a(msp430.o)
                0x0000000000005c74                msp430_cpu_init
 .text.splhigh_
                0x0000000000005c9e        0x8 contiki-sky.a(msp430.o)
                0x0000000000005c9e                splhigh_
 .text.timera1  0x0000000000005ca6      0x11e contiki-sky.a(clock.o)
                0x0000000000005ca6                __isr_5
                0x0000000000005ca6                timera1
 .text.clock_time
                0x0000000000005dc4       0x1a contiki-sky.a(clock.o)
                0x0000000000005dc4                clock_time
 .text.clock_init
                0x0000000000005dde       0x28 contiki-sky.a(clock.o)
                0x0000000000005dde                clock_init
 .text.clock_delay
                0x0000000000005e06        0xc contiki-sky.a(clock.o)
                0x0000000000005e06                clock_delay
 .text.clock_seconds
                0x0000000000005e12       0x1a contiki-sky.a(clock.o)
                0x0000000000005e12                clock_seconds
 .text.show_leds
                0x0000000000005e2c       0xf6 contiki-sky.a(leds.o)
 .text.leds_init
                0x0000000000005f22        0xa contiki-sky.a(leds.o)
                0x0000000000005f22                leds_init
 .text.leds_on  0x0000000000005f2c        0xa contiki-sky.a(leds.o)
                0x0000000000005f2c                leds_on
 .text.leds_off
                0x0000000000005f36        0xe contiki-sky.a(leds.o)
                0x0000000000005f36                leds_off
 .text.leds_toggle
                0x0000000000005f44        0xa contiki-sky.a(leds.o)
                0x0000000000005f44                leds_toggle
 .text.leds_blink
                0x0000000000005f4e       0x20 contiki-sky.a(leds.o)
                0x0000000000005f4e                leds_blink
 .text.leds_arch_init
                0x0000000000005f6e        0xe contiki-sky.a(leds-arch.o)
                0x0000000000005f6e                leds_arch_init
 .text.leds_arch_set
                0x0000000000005f7c       0x3a contiki-sky.a(leds-arch.o)
                0x0000000000005f7c                leds_arch_set
 .text.printstring
                0x0000000000005fb6       0x18 contiki-sky.a(watchdog.o)
 .text.hexprint
                0x0000000000005fce       0x52 contiki-sky.a(watchdog.o)
 .text.watchdog_interrupt
                0x0000000000006020       0x90 contiki-sky.a(watchdog.o)
                0x0000000000006020                __isr_10
                0x0000000000006020                watchdog_interrupt
 .text.watchdog_start
                0x00000000000060b0       0x14 contiki-sky.a(watchdog.o)
                0x00000000000060b0                watchdog_start
 .text.watchdog_periodic
                0x00000000000060c4       0x12 contiki-sky.a(watchdog.o)
                0x00000000000060c4                watchdog_periodic
 .text.watchdog_stop
                0x00000000000060d6       0x16 contiki-sky.a(watchdog.o)
                0x00000000000060d6                watchdog_stop
 .text.watchdog_init
                0x00000000000060ec       0x14 contiki-sky.a(watchdog.o)
                0x00000000000060ec                watchdog_init
 .text.rtimer_arch_init
                0x0000000000006100        0xe contiki-sky.a(rtimer-arch.o)
                0x0000000000006100                rtimer_arch_init
 .text.rtimer_arch_now
                0x000000000000610e        0xe contiki-sky.a(rtimer-arch.o)
                0x000000000000610e                rtimer_arch_now
 .text.timera0  0x000000000000611c       0x7c contiki-sky.a(rtimer-arch.o)
                0x000000000000611c                __isr_6
                0x000000000000611c                timera0
 .text.rtimer_arch_schedule
                0x0000000000006198        0x6 contiki-sky.a(rtimer-arch.o)
                0x0000000000006198                rtimer_arch_schedule
 .text.autostart_start
                0x000000000000619e       0x16 contiki-sky.a(autostart.o)
                0x000000000000619e                autostart_start
 .text.process_thread_ctimer_process
                0x00000000000061b4       0xa4 contiki-sky.a(ctimer.o)
 .text.ctimer_init
                0x0000000000006258       0x18 contiki-sky.a(ctimer.o)
                0x0000000000006258                ctimer_init
 .text.ctimer_set
                0x0000000000006270       0x50 contiki-sky.a(ctimer.o)
                0x0000000000006270                ctimer_set
 .text.ctimer_reset
                0x00000000000062c0       0x30 contiki-sky.a(ctimer.o)
                0x00000000000062c0                ctimer_reset
 .text.ctimer_stop
                0x00000000000062f0       0x28 contiki-sky.a(ctimer.o)
                0x00000000000062f0                ctimer_stop
 .text.energest_init
                0x0000000000006318       0x28 contiki-sky.a(energest.o)
                0x0000000000006318                energest_init
 .text.energest_type_time
                0x0000000000006340       0x46 contiki-sky.a(energest.o)
                0x0000000000006340                energest_type_time
 .text.energest_type_set
                0x0000000000006386        0xe contiki-sky.a(energest.o)
                0x0000000000006386                energest_type_set
 .text.energest_flush
                0x0000000000006394       0x48 contiki-sky.a(energest.o)
                0x0000000000006394                energest_flush
 .text.update_time
                0x00000000000063dc       0x78 contiki-sky.a(etimer.o)
 .text.etimer_request_poll
                0x0000000000006454        0xa contiki-sky.a(etimer.o)
                0x0000000000006454                etimer_request_poll
 .text.process_thread_etimer_process
                0x000000000000645e       0xc8 contiki-sky.a(etimer.o)
 .text.add_timer
                0x0000000000006526       0x40 contiki-sky.a(etimer.o)
 .text.etimer_set
                0x0000000000006566       0x12 contiki-sky.a(etimer.o)
                0x0000000000006566                etimer_set
 .text.etimer_reset
                0x0000000000006578       0x12 contiki-sky.a(etimer.o)
                0x0000000000006578                etimer_reset
 .text.etimer_expired
                0x000000000000658a        0xe contiki-sky.a(etimer.o)
                0x000000000000658a                etimer_expired
 .text.etimer_pending
                0x0000000000006598        0xc contiki-sky.a(etimer.o)
                0x0000000000006598                etimer_pending
 .text.etimer_next_expiration_time
                0x00000000000065a4       0x16 contiki-sky.a(etimer.o)
                0x00000000000065a4                etimer_next_expiration_time
 .text.etimer_stop
                0x00000000000065ba       0x3c contiki-sky.a(etimer.o)
                0x00000000000065ba                etimer_stop
 .text.call_process
                0x00000000000065f6       0x48 contiki-sky.a(process.o)
 .text.exit_process
                0x000000000000663e       0x94 contiki-sky.a(process.o)
 .text.do_poll  0x00000000000066d2       0x30 contiki-sky.a(process.o)
 .text.process_alloc_event
                0x0000000000006702        0xe contiki-sky.a(process.o)
                0x0000000000006702                process_alloc_event
 .text.process_init
                0x0000000000006710       0x1c contiki-sky.a(process.o)
                0x0000000000006710                process_init
 .text.process_run
                0x000000000000672c       0xa2 contiki-sky.a(process.o)
                0x000000000000672c                process_run
 .text.process_nevents
                0x00000000000067ce        0xe contiki-sky.a(process.o)
                0x00000000000067ce                process_nevents
 .text.process_post
                0x00000000000067dc       0x54 contiki-sky.a(process.o)
                0x00000000000067dc                process_post
 .text.process_post_synch
                0x0000000000006830       0x12 contiki-sky.a(process.o)
                0x0000000000006830                process_post_synch
 .text.process_start
                0x0000000000006842       0x32 contiki-sky.a(process.o)
                0x0000000000006842                process_start
 .text.process_poll
                0x0000000000006874       0x18 contiki-sky.a(process.o)
                0x0000000000006874                process_poll
 .text.rtimer_init
                0x000000000000688c        0x6 contiki-sky.a(rtimer.o)
                0x000000000000688c                rtimer_init
 .text.rtimer_set
                0x0000000000006892       0x24 contiki-sky.a(rtimer.o)
                0x0000000000006892                rtimer_set
 .text.rtimer_run_next
                0x00000000000068b6       0x26 contiki-sky.a(rtimer.o)
                0x00000000000068b6                rtimer_run_next
 .text.timer_set
                0x00000000000068dc       0x1c contiki-sky.a(timer.o)
                0x00000000000068dc                timer_set
 .text.timer_reset
                0x00000000000068f8        0xe contiki-sky.a(timer.o)
                0x00000000000068f8                timer_reset
 .text.timer_expired
                0x0000000000006906       0x2a contiki-sky.a(timer.o)
                0x0000000000006906                timer_expired
 .text.list_init
                0x0000000000006930        0x6 contiki-sky.a(list.o)
                0x0000000000006930                list_init
 .text.list_head
                0x0000000000006936        0x4 contiki-sky.a(list.o)
                0x0000000000006936                list_head
 .text.list_tail
                0x000000000000693a       0x12 contiki-sky.a(list.o)
                0x000000000000693a                list_tail
 .text.list_remove
                0x000000000000694c       0x34 contiki-sky.a(list.o)
                0x000000000000694c                list_remove
 .text.list_push
                0x0000000000006980       0x1a contiki-sky.a(list.o)
                0x0000000000006980                list_push
 .text.list_add
                0x000000000000699a       0x2a contiki-sky.a(list.o)
                0x000000000000699a                list_add
 .text.list_length
                0x00000000000069c4       0x10 contiki-sky.a(list.o)
                0x00000000000069c4                list_length
 .text.list_item_next
                0x00000000000069d4        0xc contiki-sky.a(list.o)
                0x00000000000069d4                list_item_next
 .text.memb_init
                0x00000000000069e0       0x36 contiki-sky.a(memb.o)
                0x00000000000069e0                memb_init
 .text.memb_alloc
                0x0000000000006a16       0x3e contiki-sky.a(memb.o)
                0x0000000000006a16                memb_alloc
 .text.memb_free
                0x0000000000006a54       0x3a contiki-sky.a(memb.o)
                0x0000000000006a54                memb_free
 .text.memb_inmemb
                0x0000000000006a8e       0x2e contiki-sky.a(memb.o)
                0x0000000000006a8e                memb_inmemb
 .text.random_init
                0x0000000000006abc        0x6 contiki-sky.a(random.o)
                0x0000000000006abc                random_init
 .text.random_rand
                0x0000000000006ac2        0x6 contiki-sky.a(random.o)
                0x0000000000006ac2                random_rand
 .text.uip_ds6_list_loop
                0x0000000000006ac8       0x86 contiki-sky.a(uip-ds6.o)
                0x0000000000006ac8                uip_ds6_list_loop
 .text.uip_ds6_prefix_add
                0x0000000000006b4e       0x80 contiki-sky.a(uip-ds6.o)
                0x0000000000006b4e                uip_ds6_prefix_add
 .text.uip_ds6_is_addr_onlink
                0x0000000000006bce       0x54 contiki-sky.a(uip-ds6.o)
                0x0000000000006bce                uip_ds6_is_addr_onlink
 .text.uip_ds6_addr_lookup
                0x0000000000006c22       0x28 contiki-sky.a(uip-ds6.o)
                0x0000000000006c22                uip_ds6_addr_lookup
 .text.uip_ds6_get_link_local
                0x0000000000006c4a       0x3e contiki-sky.a(uip-ds6.o)
                0x0000000000006c4a                uip_ds6_get_link_local
 .text.uip_ds6_maddr_add
                0x0000000000006c88       0x4a contiki-sky.a(uip-ds6.o)
                0x0000000000006c88                uip_ds6_maddr_add
 .text.uip_ds6_addr_add
                0x0000000000006cd2       0xc2 contiki-sky.a(uip-ds6.o)
                0x0000000000006cd2                uip_ds6_addr_add
 .text.uip_ds6_maddr_lookup
                0x0000000000006d94       0x28 contiki-sky.a(uip-ds6.o)
                0x0000000000006d94                uip_ds6_maddr_lookup
 .text.uip_ds6_addr_rm
                0x0000000000006dbc       0x54 contiki-sky.a(uip-ds6.o)
                0x0000000000006dbc                uip_ds6_addr_rm
 .text.uip_ds6_periodic
                0x0000000000006e10       0x4a contiki-sky.a(uip-ds6.o)
                0x0000000000006e10                uip_ds6_periodic
 .text.uip_ds6_set_addr_iid
                0x0000000000006e5a       0x14 contiki-sky.a(uip-ds6.o)
                0x0000000000006e5a                uip_ds6_set_addr_iid
 .text.get_match_length
                0x0000000000006e6e       0x3e contiki-sky.a(uip-ds6.o)
                0x0000000000006e6e                get_match_length
 .text.uip_ds6_select_src
                0x0000000000006eac       0xaa contiki-sky.a(uip-ds6.o)
                0x0000000000006eac                uip_ds6_select_src
 .text.uip_ds6_compute_reachable_time
                0x0000000000006f56       0x3e contiki-sky.a(uip-ds6.o)
                0x0000000000006f56                uip_ds6_compute_reachable_time
 .text.uip_ds6_init
                0x0000000000006f94      0x154 contiki-sky.a(uip-ds6.o)
                0x0000000000006f94                uip_ds6_init
 .text.call_route_callback
                0x00000000000070e8       0x4a contiki-sky.a(uip-ds6-route.o)
 .text.uip_ds6_route_init
                0x0000000000007132       0x1a contiki-sky.a(uip-ds6-route.o)
                0x0000000000007132                uip_ds6_route_init
 .text.uip_ds6_defrt_rm
                0x000000000000714c       0x58 contiki-sky.a(uip-ds6-route.o)
                0x000000000000714c                uip_ds6_defrt_rm
 .text.uip_ds6_defrt_lookup
                0x00000000000071a4       0x36 contiki-sky.a(uip-ds6-route.o)
                0x00000000000071a4                uip_ds6_defrt_lookup
 .text.uip_ds6_defrt_add
                0x00000000000071da       0x84 contiki-sky.a(uip-ds6-route.o)
                0x00000000000071da                uip_ds6_defrt_add
 .text.uip_ds6_defrt_choose
                0x000000000000725e       0x3a contiki-sky.a(uip-ds6-route.o)
                0x000000000000725e                uip_ds6_defrt_choose
 .text.uip_ds6_defrt_periodic
                0x0000000000007298       0x38 contiki-sky.a(uip-ds6-route.o)
                0x0000000000007298                uip_ds6_defrt_periodic
 .text.chksum   0x00000000000072d0       0x32 contiki-sky.a(uip6.o)
 .text.ext_hdr_options_process
                0x0000000000007302       0xda contiki-sky.a(uip6.o)
 .text.uip_icmp6chksum
                0x00000000000073dc       0x56 contiki-sky.a(uip6.o)
                0x00000000000073dc                uip_icmp6chksum
 .text.uip_init
                0x0000000000007432       0x40 contiki-sky.a(uip6.o)
                0x0000000000007432                uip_init
 .text.remove_ext_hdr
                0x0000000000007472       0x5a contiki-sky.a(uip6.o)
                0x0000000000007472                remove_ext_hdr
 .text.uip_udp_new
                0x00000000000074cc       0xce contiki-sky.a(uip6.o)
                0x00000000000074cc                uip_udp_new
 .text.uip_process
                0x000000000000759a      0x47e contiki-sky.a(uip6.o)
                0x000000000000759a                uip_process
 .text.uip_htonl
                0x0000000000007a18       0x2e contiki-sky.a(uip6.o)
                0x0000000000007a18                uip_htonl
 .text.uip_ds6_nbr_rm
                0x0000000000007a46       0x1a contiki-sky.a(uip-ds6-nbr.o)
                0x0000000000007a46                uip_ds6_nbr_rm
 .text.uip_ds6_neighbors_init
                0x0000000000007a60        0xe contiki-sky.a(uip-ds6-nbr.o)
                0x0000000000007a60                uip_ds6_neighbors_init
 .text.uip_ds6_nbr_add
                0x0000000000007a6e       0x60 contiki-sky.a(uip-ds6-nbr.o)
                0x0000000000007a6e                uip_ds6_nbr_add
 .text.uip_ds6_nbr_get_ll
                0x0000000000007ace        0xc contiki-sky.a(uip-ds6-nbr.o)
                0x0000000000007ace                uip_ds6_nbr_get_ll
 .text.uip_ds6_nbr_num
                0x0000000000007ada       0x24 contiki-sky.a(uip-ds6-nbr.o)
                0x0000000000007ada                uip_ds6_nbr_num
 .text.uip_ds6_nbr_lookup
                0x0000000000007afe       0x42 contiki-sky.a(uip-ds6-nbr.o)
                0x0000000000007afe                uip_ds6_nbr_lookup
 .text.uip_ds6_nbr_ll_lookup
                0x0000000000007b40        0xc contiki-sky.a(uip-ds6-nbr.o)
                0x0000000000007b40                uip_ds6_nbr_ll_lookup
 .text.uip_ds6_nbr_ipaddr_from_lladdr
                0x0000000000007b4c        0x6 contiki-sky.a(uip-ds6-nbr.o)
                0x0000000000007b4c                uip_ds6_nbr_ipaddr_from_lladdr
 .text.uip_ds6_nbr_lladdr_from_ipaddr
                0x0000000000007b52       0x12 contiki-sky.a(uip-ds6-nbr.o)
                0x0000000000007b52                uip_ds6_nbr_lladdr_from_ipaddr
 .text.uip_ds6_link_neighbor_callback
                0x0000000000007b64       0x2a contiki-sky.a(uip-ds6-nbr.o)
                0x0000000000007b64                uip_ds6_link_neighbor_callback
 .text.uip_ds6_neighbor_periodic
                0x0000000000007b8e       0x60 contiki-sky.a(uip-ds6-nbr.o)
                0x0000000000007b8e                uip_ds6_neighbor_periodic
 .text.uip_nd6_init
                0x0000000000007bee        0x2 contiki-sky.a(uip-nd6.o)
                0x0000000000007bee                uip_nd6_init
 .text.addr_context_lookup_by_number
                0x0000000000007bf0       0x36 contiki-sky.a(sicslowpan.o)
 .text.compress_addr_64
                0x0000000000007c26       0xae contiki-sky.a(sicslowpan.o)
 .text.uncompress_addr
                0x0000000000007cd4       0xb4 contiki-sky.a(sicslowpan.o)
 .text.sicslowpan_init
                0x0000000000007d88       0x26 contiki-sky.a(sicslowpan.o)
                0x0000000000007d88                sicslowpan_init
 .text.addr_context_lookup_by_prefix
                0x0000000000007dae       0x4c contiki-sky.a(sicslowpan.o)
 .text.output   0x0000000000007dfa      0x57c contiki-sky.a(sicslowpan.o)
 .text.packet_sent
                0x0000000000008376       0x78 contiki-sky.a(sicslowpan.o)
 .text.input    0x00000000000083ee      0x4e2 contiki-sky.a(sicslowpan.o)
 .text.tcpip_output
                0x00000000000088d0       0x10 contiki-sky.a(tcpip.o)
                0x00000000000088d0                tcpip_output
 .text.tcpip_set_outputfunc
                0x00000000000088e0        0x6 contiki-sky.a(tcpip.o)
                0x00000000000088e0                tcpip_set_outputfunc
 .text.udp_new  0x00000000000088e6       0x1a contiki-sky.a(tcpip.o)
                0x00000000000088e6                udp_new
 .text.tcpip_input
                0x0000000000008900       0x16 contiki-sky.a(tcpip.o)
                0x0000000000008900                tcpip_input
 .text.tcpip_ipv6_output
                0x0000000000008916       0xd2 contiki-sky.a(tcpip.o)
                0x0000000000008916                tcpip_ipv6_output
 .text.process_thread_tcpip_process
                0x00000000000089e8       0xcc contiki-sky.a(tcpip.o)
 .text.tcpip_uipcall
                0x0000000000008ab4       0x2a contiki-sky.a(tcpip.o)
                0x0000000000008ab4                tcpip_uipcall
 .text.process_thread_simple_udp_process
                0x0000000000008ade       0xac contiki-sky.a(simple-udp.o)
 .text.simple_udp_sendto
                0x0000000000008b8a       0x30 contiki-sky.a(simple-udp.o)
                0x0000000000008b8a                simple_udp_sendto
 .text.simple_udp_register
                0x0000000000008bba       0x9a contiki-sky.a(simple-udp.o)
                0x0000000000008bba                simple_udp_register
 .text.lollipop_greater_than
                0x0000000000008c54       0x44 contiki-sky.a(rpl-dag.o)
 .text.best_parent
                0x0000000000008c98       0x56 contiki-sky.a(rpl-dag.o)
 .text.set_ip_from_prefix
                0x0000000000008cee       0x38 contiki-sky.a(rpl-dag.o)
 .text.check_prefix
                0x0000000000008d26       0x80 contiki-sky.a(rpl-dag.o)
 .text.find_parent_any_dag_any_instance
                0x0000000000008da6       0x14 contiki-sky.a(rpl-dag.o)
 .text.rpl_dag_init
                0x0000000000008dba        0xe contiki-sky.a(rpl-dag.o)
                0x0000000000008dba                rpl_dag_init
 .text.rpl_get_parent_ipaddr
                0x0000000000008dc8       0x10 contiki-sky.a(rpl-dag.o)
                0x0000000000008dc8                rpl_get_parent_ipaddr
 .text.rpl_set_preferred_parent
                0x0000000000008dd8       0xd4 contiki-sky.a(rpl-dag.o)
 .text.handle_probing_timer
                0x0000000000008eac       0xae contiki-sky.a(rpl-dag.o)
 .text.rpl_set_prefix
                0x0000000000008f5a       0x8e contiki-sky.a(rpl-dag.o)
                0x0000000000008f5a                rpl_set_prefix
 .text.rpl_set_default_route
                0x0000000000008fe8       0x4e contiki-sky.a(rpl-dag.o)
                0x0000000000008fe8                rpl_set_default_route
 .text.rpl_alloc_instance
                0x0000000000009036       0x2c contiki-sky.a(rpl-dag.o)
                0x0000000000009036                rpl_alloc_instance
 .text.rpl_init_link_metric
                0x0000000000009062       0x3c contiki-sky.a(rpl-dag.o)
                0x0000000000009062                rpl_init_link_metric
 .text.rpl_add_parent
                0x000000000000909e       0x6e contiki-sky.a(rpl-dag.o)
                0x000000000000909e                rpl_add_parent
 .text.rpl_find_parent
                0x000000000000910c       0x1a contiki-sky.a(rpl-dag.o)
                0x000000000000910c                rpl_find_parent
 .text.rpl_find_parent_any_dag
                0x0000000000009126       0x22 contiki-sky.a(rpl-dag.o)
                0x0000000000009126                rpl_find_parent_any_dag
 .text.rpl_select_parent
                0x0000000000009148       0x82 contiki-sky.a(rpl-dag.o)
                0x0000000000009148                rpl_select_parent
 .text.rpl_select_dag
                0x00000000000091ca      0x17e contiki-sky.a(rpl-dag.o)
                0x00000000000091ca                rpl_select_dag
 .text.rpl_nullify_parent
                0x0000000000009348       0x40 contiki-sky.a(rpl-dag.o)
                0x0000000000009348                rpl_nullify_parent
 .text.rpl_remove_parent
                0x0000000000009388       0x16 contiki-sky.a(rpl-dag.o)
                0x0000000000009388                rpl_remove_parent
 .text.nbr_callback
                0x000000000000939e        0x6 contiki-sky.a(rpl-dag.o)
 .text.remove_parents.constprop.2
                0x00000000000093a4       0x32 contiki-sky.a(rpl-dag.o)
 .text.rpl_free_dag
                0x00000000000093d6       0x36 contiki-sky.a(rpl-dag.o)
                0x00000000000093d6                rpl_free_dag
 .text.rpl_free_instance
                0x000000000000940c       0x5c contiki-sky.a(rpl-dag.o)
                0x000000000000940c                rpl_free_instance
 .text.rpl_get_any_dag
                0x0000000000009468       0x18 contiki-sky.a(rpl-dag.o)
                0x0000000000009468                rpl_get_any_dag
 .text.rpl_get_instance
                0x0000000000009480       0x1a contiki-sky.a(rpl-dag.o)
                0x0000000000009480                rpl_get_instance
 .text.get_dag  0x000000000000949a       0x38 contiki-sky.a(rpl-dag.o)
 .text.rpl_alloc_dag
                0x00000000000094d2       0x66 contiki-sky.a(rpl-dag.o)
                0x00000000000094d2                rpl_alloc_dag
 .text.rpl_set_root
                0x0000000000009538       0xc6 contiki-sky.a(rpl-dag.o)
                0x0000000000009538                rpl_set_root
 .text.rpl_find_of
                0x00000000000095fe       0x10 contiki-sky.a(rpl-dag.o)
                0x00000000000095fe                rpl_find_of
 .text.rpl_join_instance
                0x000000000000960e       0xfe contiki-sky.a(rpl-dag.o)
                0x000000000000960e                rpl_join_instance
 .text.rpl_local_repair
                0x000000000000970c       0x32 contiki-sky.a(rpl-dag.o)
                0x000000000000970c                rpl_local_repair
 .text.rpl_process_parent_event
                0x000000000000973e       0x46 contiki-sky.a(rpl-dag.o)
                0x000000000000973e                rpl_process_parent_event
 .text.rpl_recalculate_ranks
                0x0000000000009784       0x48 contiki-sky.a(rpl-dag.o)
                0x0000000000009784                rpl_recalculate_ranks
 .text.rpl_process_dio
                0x00000000000097cc      0x234 contiki-sky.a(rpl-dag.o)
                0x00000000000097cc                rpl_process_dio
 .text.rpl_dag_parents_num
                0x0000000000009a00       0x24 contiki-sky.a(rpl-dag.o)
                0x0000000000009a00                rpl_dag_parents_num
 .text.new_dio_interval
                0x0000000000009a24       0xac contiki-sky.a(rpl-timers.o)
 .text.handle_periodic_timer
                0x0000000000009ad0       0x12 contiki-sky.a(rpl-timers.o)
 .text.handle_dio_timer
                0x0000000000009ae2       0x78 contiki-sky.a(rpl-timers.o)
 .text.rpl_reset_periodic_timer
                0x0000000000009b5a       0x60 contiki-sky.a(rpl-timers.o)
                0x0000000000009b5a                rpl_reset_periodic_timer
 .text.rpl_reset_dio_timer
                0x0000000000009bba       0x18 contiki-sky.a(rpl-timers.o)
                0x0000000000009bba                rpl_reset_dio_timer
 .text.rpl_verify_header
                0x0000000000009bd2      0x102 contiki-sky.a(rpl-ext-header.)
                0x0000000000009bd2                rpl_verify_header
 .text.rpl_update_header_empty
                0x0000000000009cd4       0xd6 contiki-sky.a(rpl-ext-header.)
                0x0000000000009cd4                rpl_update_header_empty
 .text.rpl_update_header_final
                0x0000000000009daa       0x94 contiki-sky.a(rpl-ext-header.)
                0x0000000000009daa                rpl_update_header_final
 .text.rpl_invert_header
                0x0000000000009e3e       0x7a contiki-sky.a(rpl-ext-header.)
                0x0000000000009e3e                rpl_invert_header
 .text.rpl_insert_header
                0x0000000000009eb8       0x12 contiki-sky.a(rpl-ext-header.)
                0x0000000000009eb8                rpl_insert_header
 .text.rpl_purge_routes
                0x0000000000009eca        0x2 contiki-sky.a(rpl.o)
                0x0000000000009eca                rpl_purge_routes
 .text.rpl_remove_routes
                0x0000000000009ecc        0x2 contiki-sky.a(rpl.o)
                0x0000000000009ecc                rpl_remove_routes
 .text.rpl_link_neighbor_callback
                0x0000000000009ece       0x88 contiki-sky.a(rpl.o)
                0x0000000000009ece                rpl_link_neighbor_callback
 .text.rpl_ipv6_neighbor_callback
                0x0000000000009f56       0x1e contiki-sky.a(rpl.o)
                0x0000000000009f56                rpl_ipv6_neighbor_callback
 .text.rpl_init
                0x0000000000009f74       0x4a contiki-sky.a(rpl.o)
                0x0000000000009f74                rpl_init
 .text.reset    0x0000000000009fbe        0x2 contiki-sky.a(rpl-of-etx-exp.)
 .text.neighbor_link_callback
                0x0000000000009fc0       0x86 contiki-sky.a(rpl-of-etx-exp.)
 .text.calculate_rank
                0x000000000000a046       0x34 contiki-sky.a(rpl-of-etx-exp.)
 .text.best_parent
                0x000000000000a07a       0x56 contiki-sky.a(rpl-of-etx-exp.)
 .text.update_metric_container
                0x000000000000a0d0        0x6 contiki-sky.a(rpl-of-etx-exp.)
 .text.best_dag
                0x000000000000a0d6       0x34 contiki-sky.a(rpl-of-etx-exp.)
 .text.send_packet
                0x000000000000a10a        0x2 contiki-sky.a(nordc.o)
 .text.send_list
                0x000000000000a10c        0x2 contiki-sky.a(nordc.o)
 .text.packet_input
                0x000000000000a10e        0x2 contiki-sky.a(nordc.o)
 .text.on       0x000000000000a110        0x4 contiki-sky.a(nordc.o)
 .text.off      0x000000000000a114        0x4 contiki-sky.a(nordc.o)
 .text.channel_check_interval
                0x000000000000a118        0x4 contiki-sky.a(nordc.o)
 .text.init     0x000000000000a11c        0x2 contiki-sky.a(nordc.o)
 .text.parse    0x000000000000a11e       0x88 contiki-sky.a(framer-802154.o)
 .text.create_frame.isra.0
                0x000000000000a1a6      0x100 contiki-sky.a(framer-802154.o)
 .text.create   0x000000000000a2a6        0x8 contiki-sky.a(framer-802154.o)
 .text.hdr_length
                0x000000000000a2ae        0x8 contiki-sky.a(framer-802154.o)
 .text.framer_canonical_create_and_secure
                0x000000000000a2b6       0x20 contiki-sky.a(framer.o)
                0x000000000000a2b6                framer_canonical_create_and_secure
 .text.queuebuf_init
                0x000000000000a2d6       0x1a contiki-sky.a(queuebuf.o)
                0x000000000000a2d6                queuebuf_init
 .text.queuebuf_new_from_packetbuf
                0x000000000000a2f0       0x88 contiki-sky.a(queuebuf.o)
                0x000000000000a2f0                queuebuf_new_from_packetbuf
 .text.queuebuf_free
                0x000000000000a378       0x40 contiki-sky.a(queuebuf.o)
                0x000000000000a378                queuebuf_free
 .text.queuebuf_to_packetbuf
                0x000000000000a3b8       0x6e contiki-sky.a(queuebuf.o)
                0x000000000000a3b8                queuebuf_to_packetbuf
 .text.queuebuf_dataptr
                0x000000000000a426       0x30 contiki-sky.a(queuebuf.o)
                0x000000000000a426                queuebuf_dataptr
 .text.queuebuf_datalen
                0x000000000000a456        0x8 contiki-sky.a(queuebuf.o)
                0x000000000000a456                queuebuf_datalen
 .text.index_from_key
                0x000000000000a45e       0x48 contiki-sky.a(nbr-table.o)
 .text.item_from_key
                0x000000000000a4a6       0x34 contiki-sky.a(nbr-table.o)
 .text.nbr_set_bit
                0x000000000000a4da       0x8e contiki-sky.a(nbr-table.o)
 .text.index_from_lladdr
                0x000000000000a568       0x42 contiki-sky.a(nbr-table.o)
 .text.nbr_get_bit.constprop.0
                0x000000000000a5aa       0x62 contiki-sky.a(nbr-table.o)
 .text.nbr_table_register
                0x000000000000a60c       0x28 contiki-sky.a(nbr-table.o)
                0x000000000000a60c                nbr_table_register
 .text.nbr_table_next
                0x000000000000a634       0x90 contiki-sky.a(nbr-table.o)
                0x000000000000a634                nbr_table_next
 .text.nbr_table_head
                0x000000000000a6c4       0x36 contiki-sky.a(nbr-table.o)
                0x000000000000a6c4                nbr_table_head
 .text.nbr_table_add_lladdr
                0x000000000000a6fa      0x144 contiki-sky.a(nbr-table.o)
                0x000000000000a6fa                nbr_table_add_lladdr
 .text.nbr_table_get_from_lladdr
                0x000000000000a83e       0x48 contiki-sky.a(nbr-table.o)
                0x000000000000a83e                nbr_table_get_from_lladdr
 .text.nbr_table_remove
                0x000000000000a886       0x32 contiki-sky.a(nbr-table.o)
                0x000000000000a886                nbr_table_remove
 .text.nbr_table_lock
                0x000000000000a8b8       0x10 contiki-sky.a(nbr-table.o)
                0x000000000000a8b8                nbr_table_lock
 .text.nbr_table_unlock
                0x000000000000a8c8       0x10 contiki-sky.a(nbr-table.o)
                0x000000000000a8c8                nbr_table_unlock
 .text.nbr_table_get_lladdr
                0x000000000000a8d8       0x5a contiki-sky.a(nbr-table.o)
                0x000000000000a8d8                nbr_table_get_lladdr
 .text.packetbuf_copyto_hdr
                0x000000000000a932       0x1c contiki-sky.a(packetbuf.o)
                0x000000000000a932                packetbuf_copyto_hdr
 .text.packetbuf_copyto
                0x000000000000a94e       0x52 contiki-sky.a(packetbuf.o)
                0x000000000000a94e                packetbuf_copyto
 .text.packetbuf_hdrreduce
                0x000000000000a9a0       0x1a contiki-sky.a(packetbuf.o)
                0x000000000000a9a0                packetbuf_hdrreduce
 .text.packetbuf_set_datalen
                0x000000000000a9ba        0x6 contiki-sky.a(packetbuf.o)
                0x000000000000a9ba                packetbuf_set_datalen
 .text.packetbuf_dataptr
                0x000000000000a9c0        0xe contiki-sky.a(packetbuf.o)
                0x000000000000a9c0                packetbuf_dataptr
 .text.packetbuf_hdrptr
                0x000000000000a9ce        0xa contiki-sky.a(packetbuf.o)
                0x000000000000a9ce                packetbuf_hdrptr
 .text.packetbuf_is_reference
                0x000000000000a9d8        0xe contiki-sky.a(packetbuf.o)
                0x000000000000a9d8                packetbuf_is_reference
 .text.packetbuf_compact
                0x000000000000a9e6       0x48 contiki-sky.a(packetbuf.o)
                0x000000000000a9e6                packetbuf_compact
 .text.packetbuf_reference_ptr
                0x000000000000aa2e        0x6 contiki-sky.a(packetbuf.o)
                0x000000000000aa2e                packetbuf_reference_ptr
 .text.packetbuf_datalen
                0x000000000000aa34        0x6 contiki-sky.a(packetbuf.o)
                0x000000000000aa34                packetbuf_datalen
 .text.packetbuf_hdrlen
                0x000000000000aa3a       0x10 contiki-sky.a(packetbuf.o)
                0x000000000000aa3a                packetbuf_hdrlen
 .text.packetbuf_totlen
                0x000000000000aa4a        0xc contiki-sky.a(packetbuf.o)
                0x000000000000aa4a                packetbuf_totlen
 .text.packetbuf_hdralloc
                0x000000000000aa56       0x2e contiki-sky.a(packetbuf.o)
                0x000000000000aa56                packetbuf_hdralloc
 .text.packetbuf_attr_clear
                0x000000000000aa84       0x36 contiki-sky.a(packetbuf.o)
                0x000000000000aa84                packetbuf_attr_clear
 .text.packetbuf_clear
                0x000000000000aaba       0x1a contiki-sky.a(packetbuf.o)
                0x000000000000aaba                packetbuf_clear
 .text.packetbuf_copyfrom
                0x000000000000aad4       0x2e contiki-sky.a(packetbuf.o)
                0x000000000000aad4                packetbuf_copyfrom
 .text.packetbuf_attr_copyto
                0x000000000000ab02       0x22 contiki-sky.a(packetbuf.o)
                0x000000000000ab02                packetbuf_attr_copyto
 .text.packetbuf_attr_copyfrom
                0x000000000000ab24       0x24 contiki-sky.a(packetbuf.o)
                0x000000000000ab24                packetbuf_attr_copyfrom
 .text.packetbuf_holds_broadcast
                0x000000000000ab48        0xe contiki-sky.a(packetbuf.o)
                0x000000000000ab48                packetbuf_holds_broadcast
 .text.linkaddr_copy
                0x000000000000ab56        0x8 contiki-sky.a(linkaddr.o)
                0x000000000000ab56                linkaddr_copy
 .text.linkaddr_cmp
                0x000000000000ab5e       0x12 contiki-sky.a(linkaddr.o)
                0x000000000000ab5e                linkaddr_cmp
 .text.linkaddr_set_node_addr
                0x000000000000ab70        0xc contiki-sky.a(linkaddr.o)
                0x000000000000ab70                linkaddr_set_node_addr
 .text.off      0x000000000000ab7c        0x6 contiki-sky.a(tsch.o)
 .text.channel_check_interval
                0x000000000000ab82        0x4 contiki-sky.a(tsch.o)
 .text.check_timer_miss
                0x000000000000ab86       0x2e contiki-sky.a(tsch.o)
 .text.turn_off
                0x000000000000abb4        0x4 contiki-sky.a(tsch.o)
 .text.turn_on  0x000000000000abb8       0x18 contiki-sky.a(tsch.o)
 .text.packet_input
                0x000000000000abd0       0xf2 contiki-sky.a(tsch.o)
 .text.send_packet
                0x000000000000acc2       0xbc contiki-sky.a(tsch.o)
 .text.tsch_reset
                0x000000000000ad7e       0x52 contiki-sky.a(tsch.o)
 .text.tsch_init
                0x000000000000add0       0x4c contiki-sky.a(tsch.o)
 .text.process_thread_tsch_send_eb_process
                0x000000000000ae1c      0x154 contiki-sky.a(tsch.o)
 .text.tsch_schedule_keepalive
                0x000000000000af70       0x40 contiki-sky.a(tsch.o)
 .text.keepalive_packet_sent
                0x000000000000afb0        0xe contiki-sky.a(tsch.o)
 .text.keepalive_send
                0x000000000000afbe       0x2c contiki-sky.a(tsch.o)
 .text.tsch_schedule_link_operation.constprop.4
                0x000000000000afea       0x44 contiki-sky.a(tsch.o)
 .text.tsch_is_locked
                0x000000000000b02e        0x6 contiki-sky.a(tsch.o)
                0x000000000000b02e                tsch_is_locked
 .text.tsch_get_lock
                0x000000000000b034       0x40 contiki-sky.a(tsch.o)
                0x000000000000b034                tsch_get_lock
 .text.process_thread_tsch_pending_events_process
                0x000000000000b074      0x20e contiki-sky.a(tsch.o)
 .text.tsch_release_lock
                0x000000000000b282        0x6 contiki-sky.a(tsch.o)
                0x000000000000b282                tsch_release_lock
 .text.tsch_calculate_channel
                0x000000000000b288       0x62 contiki-sky.a(tsch.o)
                0x000000000000b288                tsch_calculate_channel
 .text.hop_channel.constprop.8
                0x000000000000b2ea       0x24 contiki-sky.a(tsch.o)
 .text.process_thread_tsch_process
                0x000000000000b30e      0x2ce contiki-sky.a(tsch.o)
 .text.tsch_link_operation
                0x000000000000b5dc      0x866 contiki-sky.a(tsch.o)
 .text.tsch_set_eb_period
                0x000000000000be42       0x10 contiki-sky.a(tsch.o)
                0x000000000000be42                tsch_set_eb_period
 .text.tsch_dump_status
                0x000000000000be52       0x46 contiki-sky.a(tsch.o)
                0x000000000000be52                tsch_dump_status
 .text.tsch_queue_get_nbr
                0x000000000000be98       0x3e contiki-sky.a(tsch-queue.o)
                0x000000000000be98                tsch_queue_get_nbr
 .text.tsch_queue_add_nbr
                0x000000000000bed6       0x88 contiki-sky.a(tsch-queue.o)
                0x000000000000bed6                tsch_queue_add_nbr
 .text.tsch_queue_get_time_source
                0x000000000000bf5e       0x26 contiki-sky.a(tsch-queue.o)
                0x000000000000bf5e                tsch_queue_get_time_source
 .text.tsch_queue_update_time_source
                0x000000000000bf84       0x88 contiki-sky.a(tsch-queue.o)
                0x000000000000bf84                tsch_queue_update_time_source
 .text.tsch_queue_add_packet
                0x000000000000c00c       0x96 contiki-sky.a(tsch-queue.o)
                0x000000000000c00c                tsch_queue_add_packet
 .text.tsch_queue_packet_count
                0x000000000000c0a2       0x26 contiki-sky.a(tsch-queue.o)
                0x000000000000c0a2                tsch_queue_packet_count
 .text.tsch_queue_remove_packet_from_queue
                0x000000000000c0c8       0x32 contiki-sky.a(tsch-queue.o)
                0x000000000000c0c8                tsch_queue_remove_packet_from_queue
 .text.tsch_queue_free_packet
                0x000000000000c0fa       0x1c contiki-sky.a(tsch-queue.o)
                0x000000000000c0fa                tsch_queue_free_packet
 .text.tsch_queue_is_empty
                0x000000000000c116       0x2c contiki-sky.a(tsch-queue.o)
                0x000000000000c116                tsch_queue_is_empty
 .text.tsch_queue_flush_nbr_queue
                0x000000000000c142       0x40 contiki-sky.a(tsch-queue.o)
 .text.tsch_queue_remove_nbr
                0x000000000000c182       0x32 contiki-sky.a(tsch-queue.o)
 .text.tsch_queue_free_unused_neighbors
                0x000000000000c1b4       0x48 contiki-sky.a(tsch-queue.o)
                0x000000000000c1b4                tsch_queue_free_unused_neighbors
 .text.tsch_queue_get_packet_for_nbr
                0x000000000000c1fc       0x42 contiki-sky.a(tsch-queue.o)
                0x000000000000c1fc                tsch_queue_get_packet_for_nbr
 .text.tsch_queue_get_unicast_packet_for_any
                0x000000000000c23e       0x54 contiki-sky.a(tsch-queue.o)
                0x000000000000c23e                tsch_queue_get_unicast_packet_for_any
 .text.tsch_queue_backoff_reset
                0x000000000000c292        0xa contiki-sky.a(tsch-queue.o)
                0x000000000000c292                tsch_queue_backoff_reset
 .text.tsch_queue_backoff_inc
                0x000000000000c29c       0x60 contiki-sky.a(tsch-queue.o)
                0x000000000000c29c                tsch_queue_backoff_inc
 .text.tsch_queue_update_all_backoff_windows
                0x000000000000c2fc       0x5e contiki-sky.a(tsch-queue.o)
                0x000000000000c2fc                tsch_queue_update_all_backoff_windows
 .text.tsch_queue_init
                0x000000000000c35a       0x4c contiki-sky.a(tsch-queue.o)
                0x000000000000c35a                tsch_queue_init
 .text.tsch_schedule_get_slotframe_from_handle
                0x000000000000c3a6       0x2c contiki-sky.a(tsch-schedule.o)
                0x000000000000c3a6                tsch_schedule_get_slotframe_from_handle
 .text.tsch_schedule_add_slotframe
                0x000000000000c3d2       0x78 contiki-sky.a(tsch-schedule.o)
                0x000000000000c3d2                tsch_schedule_add_slotframe
 .text.tsch_schedule_remove_link
                0x000000000000c44a       0x82 contiki-sky.a(tsch-schedule.o)
                0x000000000000c44a                tsch_schedule_remove_link
 .text.tsch_schedule_get_link_from_timeslot
                0x000000000000c4cc       0x36 contiki-sky.a(tsch-schedule.o)
                0x000000000000c4cc                tsch_schedule_get_link_from_timeslot
 .text.tsch_schedule_remove_link_from_timeslot
                0x000000000000c502       0x26 contiki-sky.a(tsch-schedule.o)
                0x000000000000c502                tsch_schedule_remove_link_from_timeslot
 .text.tsch_schedule_add_link
                0x000000000000c528       0xba contiki-sky.a(tsch-schedule.o)
                0x000000000000c528                tsch_schedule_add_link
 .text.tsch_schedule_get_next_active_link
                0x000000000000c5e2       0xc0 contiki-sky.a(tsch-schedule.o)
                0x000000000000c5e2                tsch_schedule_get_next_active_link
 .text.tsch_schedule_init
                0x000000000000c6a2       0x2c contiki-sky.a(tsch-schedule.o)
                0x000000000000c6a2                tsch_schedule_init
 .text.tsch_packet_parse_sync_ack
                0x000000000000c6ce       0xe2 contiki-sky.a(tsch-packet.o)
                0x000000000000c6ce                tsch_packet_parse_sync_ack
 .text.tsch_packet_make_sync_ack
                0x000000000000c7b0       0xb8 contiki-sky.a(tsch-packet.o)
                0x000000000000c7b0                tsch_packet_make_sync_ack
 .text.tsch_packet_parse_frame_type_from_fcf_lsb
                0x000000000000c868       0x50 contiki-sky.a(tsch-packet.o)
                0x000000000000c868                tsch_packet_parse_frame_type_from_fcf_lsb
 .text.tsch_packet_parse_frame_type
                0x000000000000c8b8       0x1e contiki-sky.a(tsch-packet.o)
                0x000000000000c8b8                tsch_packet_parse_frame_type
 .text.tsch_packet_extract_addresses
                0x000000000000c8d6       0x9a contiki-sky.a(tsch-packet.o)
                0x000000000000c8d6                tsch_packet_extract_addresses
 .text.tsch_packet_make_eb
                0x000000000000c970      0x100 contiki-sky.a(tsch-packet.o)
                0x000000000000c970                tsch_packet_make_eb
 .text.tsch_packet_update_eb
                0x000000000000ca70       0x68 contiki-sky.a(tsch-packet.o)
                0x000000000000ca70                tsch_packet_update_eb
 .text.tsch_parse_eb
                0x000000000000cad8      0x156 contiki-sky.a(tsch-packet.o)
                0x000000000000cad8                tsch_parse_eb
 .text.tsch_rpl_callback_joining_network
                0x000000000000cc2e        0x2 contiki-sky.a(tsch-rpl.o)
                0x000000000000cc2e                tsch_rpl_callback_joining_network
 .text.tsch_rpl_callback_leaving_network
                0x000000000000cc30       0x12 contiki-sky.a(tsch-rpl.o)
                0x000000000000cc30                tsch_rpl_callback_leaving_network
 .text.tsch_rpl_callback_new_dio_interval
                0x000000000000cc42       0x32 contiki-sky.a(tsch-rpl.o)
                0x000000000000cc42                tsch_rpl_callback_new_dio_interval
 .text.tsch_rpl_callback_parent_switch
                0x000000000000cc74       0x24 contiki-sky.a(tsch-rpl.o)
                0x000000000000cc74                tsch_rpl_callback_parent_switch
 .text.bootstrap
                0x000000000000cc98        0x4 contiki-sky.a(nullsec.o)
 .text.send     0x000000000000cc9c        0x6 contiki-sky.a(nullsec.o)
 .text.on_frame_created
                0x000000000000cca2        0x4 contiki-sky.a(nullsec.o)
 .text.input    0x000000000000cca6        0x6 contiki-sky.a(nullsec.o)
 .text.get_overhead
                0x000000000000ccac        0x4 contiki-sky.a(nullsec.o)
 .text.spi_init
                0x000000000000ccb0       0x32 contiki-sky.a(spi.o)
                0x000000000000ccb0                spi_init
 .text.stimer_set
                0x000000000000cce2       0x1c contiki-sky.a(stimer.o)
                0x000000000000cce2                stimer_set
 .text.stimer_expired
                0x000000000000ccfe       0x30 contiki-sky.a(stimer.o)
                0x000000000000ccfe                stimer_expired
 .text.ringbufindex_init
                0x000000000000cd2e       0x10 contiki-sky.a(ringbufindex.o)
                0x000000000000cd2e                ringbufindex_init
 .text.ringbufindex_put
                0x000000000000cd3e       0x28 contiki-sky.a(ringbufindex.o)
                0x000000000000cd3e                ringbufindex_put
 .text.ringbufindex_peek_put
                0x000000000000cd66       0x20 contiki-sky.a(ringbufindex.o)
                0x000000000000cd66                ringbufindex_peek_put
 .text.ringbufindex_get
                0x000000000000cd86       0x2c contiki-sky.a(ringbufindex.o)
                0x000000000000cd86                ringbufindex_get
 .text.ringbufindex_peek_get
                0x000000000000cdb2       0x1c contiki-sky.a(ringbufindex.o)
                0x000000000000cdb2                ringbufindex_peek_get
 .text.ringbufindex_elements
                0x000000000000cdce       0x10 contiki-sky.a(ringbufindex.o)
                0x000000000000cdce                ringbufindex_elements
 .text.ringbufindex_empty
                0x000000000000cdde       0x16 contiki-sky.a(ringbufindex.o)
                0x000000000000cdde                ringbufindex_empty
 .text.echo_reply_input
                0x000000000000cdf4      0x112 contiki-sky.a(uip-icmp6.o)
 .text.echo_request_input
                0x000000000000cf06      0x12c contiki-sky.a(uip-icmp6.o)
 .text.uip_icmp6_input
                0x000000000000d032       0x44 contiki-sky.a(uip-icmp6.o)
                0x000000000000d032                uip_icmp6_input
 .text.uip_icmp6_register_input_handler
                0x000000000000d076        0xc contiki-sky.a(uip-icmp6.o)
                0x000000000000d076                uip_icmp6_register_input_handler
 .text.uip_icmp6_error_output
                0x000000000000d082      0x17a contiki-sky.a(uip-icmp6.o)
                0x000000000000d082                uip_icmp6_error_output
 .text.uip_icmp6_send
                0x000000000000d1fc       0x96 contiki-sky.a(uip-icmp6.o)
                0x000000000000d1fc                uip_icmp6_send
 .text.uip_icmp6_init
                0x000000000000d292       0x12 contiki-sky.a(uip-icmp6.o)
                0x000000000000d292                uip_icmp6_init
 .text.uip_udp_packet_send
                0x000000000000d2a4       0x2e contiki-sky.a(uip-udp-packet.)
                0x000000000000d2a4                uip_udp_packet_send
 .text.uip_udp_packet_sendto
                0x000000000000d2d2       0x66 contiki-sky.a(uip-udp-packet.)
                0x000000000000d2d2                uip_udp_packet_sendto
 .text.get32    0x000000000000d338       0x46 contiki-sky.a(rpl-icmp6.o)
 .text.set32    0x000000000000d37e       0x2a contiki-sky.a(rpl-icmp6.o)
 .text.set16    0x000000000000d3a8       0x10 contiki-sky.a(rpl-icmp6.o)
 .text.dio_input
                0x000000000000d3b8      0x288 contiki-sky.a(rpl-icmp6.o)
 .text.dio_output
                0x000000000000d640      0x270 contiki-sky.a(rpl-icmp6.o)
                0x000000000000d640                dio_output
 .text.rpl_icmp6_register_handlers
                0x000000000000d8b0        0xa contiki-sky.a(rpl-icmp6.o)
                0x000000000000d8b0                rpl_icmp6_register_handlers
 .text.field_len
                0x000000000000d8ba       0x98 contiki-sky.a(frame802154.o)
 .text.frame802154_hdrlen
                0x000000000000d952       0x2e contiki-sky.a(frame802154.o)
                0x000000000000d952                frame802154_hdrlen
 .text.frame802154_create
                0x000000000000d980      0x146 contiki-sky.a(frame802154.o)
                0x000000000000d980                frame802154_create
 .text.frame802154_parse
                0x000000000000dac6      0x1da contiki-sky.a(frame802154.o)
                0x000000000000dac6                frame802154_parse
 .text.mac_call_sent_callback
                0x000000000000dca0       0x14 contiki-sky.a(mac.o)
                0x000000000000dca0                mac_call_sent_callback
 .text.libgcc   0x000000000000dcb4       0x2c /usr/lib/gcc/msp430/4.6.3/mmpy-16/libgcc.a(_mulsi3.o)
                0x000000000000dcb4                __mulsi3
 .text.libgcc   0x000000000000dce0       0x22 /usr/lib/gcc/msp430/4.6.3/mmpy-16/libgcc.a(_udivmod16.o)
                0x000000000000dce0                __udivhi3
                0x000000000000dce0                __ext_udivmod16
                0x000000000000dcfa                __umodhi3
 .text.libgcc   0x000000000000dd02       0x3a /usr/lib/gcc/msp430/4.6.3/mmpy-16/libgcc.a(_divmod16.o)
                0x000000000000dd02                __ext_divmod16
                0x000000000000dd02                __divhi3
                0x000000000000dd34                __modhi3
 .text.libgcc   0x000000000000dd3c       0x40 /usr/lib/gcc/msp430/4.6.3/mmpy-16/libgcc.a(_udivmod32.o)
                0x000000000000dd3c                __udivsi3
                0x000000000000dd3c                __ext_udivmod32
                0x000000000000dd72                __umodsi3
 .text.libgcc   0x000000000000dd7c       0x4c /usr/lib/gcc/msp430/4.6.3/mmpy-16/libgcc.a(_divmod32.o)
                0x000000000000dd7c                __ext_divmod32
                0x000000000000dd7c                __divsi3
                0x000000000000ddbe                __modsi3
 .text          0x000000000000ddc8       0x20 /usr/lib/gcc/msp430/4.6.3/../../../../msp430/lib/mmpy-16/libc.a(memcmp.o)
                0x000000000000ddc8                memcmp
 .text          0x000000000000dde8       0xfa /usr/lib/gcc/msp430/4.6.3/../../../../msp430/lib/mmpy-16/libc.a(memcpy.o)
                0x000000000000dde8                memcpy
 .text          0x000000000000dee2       0xfa /usr/lib/gcc/msp430/4.6.3/../../../../msp430/lib/mmpy-16/libc.a(memmove.o)
                0x000000000000dee2                memmove
 .text          0x000000000000dfdc       0x6a /usr/lib/gcc/msp430/4.6.3/../../../../msp430/lib/mmpy-16/libc.a(memset.o)
                0x000000000000dfdc                memset
 .text          0x000000000000e046       0x1e /usr/lib/gcc/msp430/4.6.3/../../../../msp430/lib/mmpy-16/libc.a(printf.o)
                0x000000000000e046                printf
                0x000000000000e056                vprintf
 .text          0x000000000000e064      0x836 /usr/lib/gcc/msp430/4.6.3/../../../../msp430/lib/mmpy-16/libc.a(vuprintf.o)
                0x000000000000e1fc                vuprintf
 .text          0x000000000000e89a       0x2c /usr/lib/gcc/msp430/4.6.3/../../../../msp430/lib/mmpy-16/libc.a(puts.o)
                0x000000000000e89a                puts
 .text          0x000000000000e8c6       0x54 /usr/lib/gcc/msp430/4.6.3/../../../../msp430/lib/mmpy-16/libc.a(rand.o)
                0x000000000000e8c6                rand_r
                0x000000000000e8ea                rand
                0x000000000000e910                srand
 .text.libgcc   0x000000000000e91a       0xf0 /usr/lib/gcc/msp430/4.6.3/mmpy-16/libgcc.a(_udivmod64.o)
                0x000000000000e91a                __xabi_udivmod64
                0x000000000000e978                __udivdi3
                0x000000000000e99e                __umoddi3
                0x000000000000e9cc                __udivmoddi4
 .text.crt0     0x000000000000ea0a        0x2 /usr/lib/gcc/msp430/4.6.3/mmpy-16/libcrt0.a(_unexpected_.o)
                0x000000000000ea0a                _unexpected_
                0x000000000000ea0c                . = ALIGN (0x2)

.rodata         0x000000000000ea0c      0x6c6
                0x000000000000ea0c                . = ALIGN (0x2)
 *(.rodata .rodata.* .gnu.linkonce.r.*)
 .rodata        0x000000000000ea0c       0x24 app-rpl-collect-only.co
                0x000000000000ea2c                autostart_processes
 .rodata        0x000000000000ea30       0x12 obj_sky/contiki-sky-main.o
 .rodata        0x000000000000ea42       0x67 contiki-sky.a(deployment-log.)
 .rodata        0x000000000000eaa9       0x33 contiki-sky.a(simple-energest)
 .rodata        0x000000000000eadc       0x10 contiki-sky.a(button-sensor.o)
                0x000000000000eae4                button_sensor
 .rodata        0x000000000000eaec       0x4c contiki-sky.a(cc2420.o)
                0x000000000000eb08                cc2420_aes_128_driver
                0x000000000000eb0c                cc2420_driver
 .rodata        0x000000000000eb38       0x2f contiki-sky.a(watchdog.o)
 .rodata        0x000000000000eb67       0x12 contiki-sky.a(uip-ds6-route.o)
 *fill*         0x000000000000eb79        0x1 00
 .rodata        0x000000000000eb7a       0x7a contiki-sky.a(sicslowpan.o)
                0x000000000000ebdc                sicslowpan_driver
                0x000000000000ebe2                llprefix
                0x000000000000ebe4                unc_mxconf
                0x000000000000ebe8                unc_ctxconf
                0x000000000000ebec                unc_llconf
 .rodata        0x000000000000ebf4       0x4b contiki-sky.a(tcpip.o)
 .rodata        0x000000000000ec3f       0x95 contiki-sky.a(rpl-dag.o)
 .rodata        0x000000000000ecd4        0xc contiki-sky.a(rpl-timers.o)
 .rodata        0x000000000000ece0       0x2b contiki-sky.a(rpl-ext-header.)
 *fill*         0x000000000000ed0b        0x1 00
 .rodata        0x000000000000ed0c       0x16 contiki-sky.a(nordc.o)
                0x000000000000ed12                nordc_driver
 .rodata        0x000000000000ed22        0x8 contiki-sky.a(framer-802154.o)
                0x000000000000ed22                framer_802154
 .rodata        0x000000000000ed2a        0x8 contiki-sky.a(linkaddr.o)
                0x000000000000ed2a                linkaddr_null
 .rodata        0x000000000000ed32      0x174 contiki-sky.a(tsch.o)
                0x000000000000ee88                tschmac_driver
                0x000000000000ee96                tsch_eb_address
                0x000000000000ee9e                tsch_broadcast_address
 .rodata        0x000000000000eea6      0x1ba contiki-sky.a(tsch-queue.o)
 .rodata        0x000000000000f060       0x14 contiki-sky.a(nullsec.o)
                0x000000000000f068                nullsec_driver
 .rodata        0x000000000000f074       0x55 contiki-sky.a(rpl-icmp6.o)
 .rodata        0x000000000000f0c9        0x2 contiki-sky.a(frame802154.o)
 .rodata        0x000000000000f0cb        0x7 /usr/lib/gcc/msp430/4.6.3/../../../../msp430/lib/mmpy-16/libc.a(vuprintf.o)
                0x000000000000f0d2                . = ALIGN (0x2)
                0x000000000000f0d2                _etext = .

.data           0x0000000000001100      0x118 load address 0x000000000000f0d2
                0x0000000000001100                . = ALIGN (0x2)
                0x0000000000001100                PROVIDE (__data_start, .)
 *(.data .data.* .gnu.linkonce.d.*)
 .data          0x0000000000001100        0x8 app-rpl-collect-only.co
                0x0000000000001100                unicast_sender_process
 .data          0x0000000000001108       0x14 obj_sky/orchestra.o
                0x0000000000001108                schedule
 .data          0x000000000000111c        0x2 contiki-sky.a(deployment.o)
                0x000000000000111c                node_index
 .data          0x000000000000111e        0x8 contiki-sky.a(deployment-log.)
                0x000000000000111e                log_process
 .data          0x0000000000001126        0x4 contiki-sky.a(contiki-sky-pla)
                0x0000000000001126                sensors
 .data          0x000000000000112a        0x8 contiki-sky.a(sensors.o)
                0x000000000000112a                sensors_process
 .data          0x0000000000001132        0xa contiki-sky.a(cc2420.o)
                0x0000000000001134                cc2420_process
 .data          0x000000000000113c        0x2 contiki-sky.a(msp430.o)
 .data          0x000000000000113e        0x8 contiki-sky.a(ctimer.o)
                0x000000000000113e                ctimer_process
 .data          0x0000000000001146        0x8 contiki-sky.a(etimer.o)
                0x0000000000001146                etimer_process
 .data          0x000000000000114e        0x8 contiki-sky.a(uip-ds6-route.o)
 .data          0x0000000000001156        0xa contiki-sky.a(uip-ds6-nbr.o)
                0x0000000000001156                ds6_neighbors
 .data          0x0000000000001160        0x8 contiki-sky.a(tcpip.o)
                0x0000000000001160                tcpip_process
 .data          0x0000000000001168        0x8 contiki-sky.a(simple-udp.o)
                0x0000000000001168                simple_udp_process
 .data          0x0000000000001170        0xa contiki-sky.a(rpl-dag.o)
                0x0000000000001170                rpl_parents
 .data          0x000000000000117a        0xe contiki-sky.a(rpl-of-etx-exp.)
                0x000000000000117a                rpl_of_etx_exp
 .data          0x0000000000001188       0x18 contiki-sky.a(queuebuf.o)
 .data          0x00000000000011a0        0x8 contiki-sky.a(nbr-table.o)
 .data          0x00000000000011a8       0x2a contiki-sky.a(tsch.o)
                0x00000000000011a8                tsch_pending_events_process
                0x00000000000011b0                tsch_process
                0x00000000000011b8                tsch_send_eb_process
                0x00000000000011c0                hopping_sequence_list
 .data          0x00000000000011d2       0x10 contiki-sky.a(tsch-queue.o)
 .data          0x00000000000011e2       0x20 contiki-sky.a(tsch-schedule.o)
 .data          0x0000000000001202        0xc contiki-sky.a(uip-icmp6.o)
 .data          0x000000000000120e        0x6 contiki-sky.a(rpl-icmp6.o)
 .data          0x0000000000001214        0x4 /usr/lib/gcc/msp430/4.6.3/../../../../msp430/lib/mmpy-16/libc.a(rand.o)
                0x0000000000001218                . = ALIGN (0x2)
                0x0000000000001218                _edata = .
                0x000000000000f0d2                PROVIDE (__data_load_start, LOADADDR (.data))
                0x0000000000000118                PROVIDE (__data_size, SIZEOF (.data))

.bss            0x0000000000001218     0x2138 load address 0x000000000000f1ea
                0x0000000000001218                PROVIDE (__bss_start, .)
 *(.bss .bss.*)
 .bss           0x0000000000001218       0x3c app-rpl-collect-only.co
 .bss           0x0000000000001254        0x2 obj_sky/node-id.o
                0x0000000000001254                node_id
 .bss           0x0000000000001256      0x124 obj_sky/orchestra.o
 .bss           0x000000000000137a        0x4 obj_sky/contiki-sky-main.o
 .bss           0x000000000000137e       0x10 contiki-sky.a(deployment.o)
 .bss           0x000000000000138e        0xc contiki-sky.a(deployment-log.)
 .bss           0x000000000000139a       0x26 contiki-sky.a(simple-energest)
 .bss           0x00000000000013c0        0x8 contiki-sky.a(button-sensor.o)
 .bss           0x00000000000013c8        0x6 contiki-sky.a(sensors.o)
 .bss           0x00000000000013ce        0x8 contiki-sky.a(cc2420.o)
 .bss           0x00000000000013d6       0x9a contiki-sky.a(uart1.o)
 .bss           0x0000000000001470        0xa contiki-sky.a(clock.o)
 .bss           0x000000000000147a        0x1 contiki-sky.a(leds.o)
 *fill*         0x000000000000147b        0x1 00
 .bss           0x000000000000147c        0x6 contiki-sky.a(watchdog.o)
 .bss           0x0000000000001482        0x4 contiki-sky.a(ctimer.o)
 .bss           0x0000000000001486        0x6 contiki-sky.a(etimer.o)
 .bss           0x000000000000148c       0x42 contiki-sky.a(process.o)
                0x000000000000148c                process_current
                0x000000000000148e                process_list
 .bss           0x00000000000014ce        0x2 contiki-sky.a(rtimer.o)
 .bss           0x00000000000014d0       0x18 contiki-sky.a(uip-ds6.o)
 .bss           0x00000000000014e8       0x3e contiki-sky.a(uip-ds6-route.o)
 .bss           0x0000000000001526        0xa contiki-sky.a(uip6.o)
                0x0000000000001526                uip_ext_opt_offset
                0x0000000000001528                uip_ext_len
                0x000000000000152a                uip_ext_bitmap
 .bss           0x0000000000001530      0x318 contiki-sky.a(uip-ds6-nbr.o)
 .bss           0x0000000000001848       0x24 contiki-sky.a(sicslowpan.o)
 .bss           0x000000000000186c        0xe contiki-sky.a(tcpip.o)
 .bss           0x000000000000187a       0xa2 contiki-sky.a(simple-udp.o)
 .bss           0x000000000000191c      0x134 contiki-sky.a(rpl-dag.o)
 .bss           0x0000000000001a50       0x18 contiki-sky.a(rpl-timers.o)
 .bss           0x0000000000001a68        0x2 contiki-sky.a(framer-802154.o)
 .bss           0x0000000000001a6a      0xa8e contiki-sky.a(queuebuf.o)
 .bss           0x00000000000024f8      0x132 contiki-sky.a(nbr-table.o)
 .bss           0x000000000000262a       0xb8 contiki-sky.a(packetbuf.o)
 .bss           0x00000000000026e2      0x1ac contiki-sky.a(tsch.o)
                0x00000000000026e2                associated
                0x00000000000026e4                tsch_is_coordinator
 .bss           0x000000000000288e      0x1e4 contiki-sky.a(tsch-queue.o)
 .bss           0x0000000000002a72      0x362 contiki-sky.a(tsch-schedule.o)
 .bss           0x0000000000002dd4       0x14 contiki-sky.a(uip-icmp6.o)
 *(COMMON)
 COMMON         0x0000000000002de8        0x2 contiki-sky.a(contiki-sky-pla)
                0x0000000000002de8                sensors_flags
 COMMON         0x0000000000002dea        0x8 contiki-sky.a(ds2411.o)
                0x0000000000002dea                ds2411_id
 COMMON         0x0000000000002df2        0x1 contiki-sky.a(sensors.o)
                0x0000000000002df2                sensors_event
 *fill*         0x0000000000002df3        0x1 00
 COMMON         0x0000000000002df4       0x10 contiki-sky.a(cc2420.o)
                0x0000000000002df4                cc2420_last_rssi
                0x0000000000002df6                cc2420_sfd_start_time
                0x0000000000002df8                cc2420_time_of_departure
                0x0000000000002dfa                cc2420_time_of_arrival
                0x0000000000002dfc                cc2420_last_correlation
                0x0000000000002dfd                radio_last_correlation
                0x0000000000002dfe                cc2420_authority_level_of_sender
                0x0000000000002e00                radio_last_rssi
                0x0000000000002e01                cc2420_sfd_counter
                0x0000000000002e02                cc2420_sfd_end_time
 COMMON         0x0000000000002e04        0x2 contiki-sky.a(msp430.o)
                0x0000000000002e04                msp430_dco_required
 COMMON         0x0000000000002e06       0x56 contiki-sky.a(energest.o)
                0x0000000000002e06                energest_total_time
                0x0000000000002e36                energest_total_count
                0x0000000000002e38                energest_current_mode
                0x0000000000002e44                energest_current_time
 COMMON         0x0000000000002e5c        0x1 contiki-sky.a(process.o)
                0x0000000000002e5c                process_maxevents
 *fill*         0x0000000000002e5d        0x1 00
 COMMON         0x0000000000002e5e      0x12c contiki-sky.a(uip-ds6.o)
                0x0000000000002e5e                uip_ds6_timer_ra
                0x0000000000002e66                uip_ds6_if
                0x0000000000002f22                uip_ds6_netif_addr_list_offset
                0x0000000000002f23                uip_ds6_addr_size
                0x0000000000002f24                uip_ds6_prefix_list