Archive member included because of file (symbol)

contiki-sky.a(deployment.o)   obj_sky/node-id.o (get_node_id)
contiki-sky.a(deployment-log.)
                              app-rpl-collect-only.co (log_appdataptr)
contiki-sky.a(simple-energest)
                              contiki-sky.a(deployment-log.) (simple_energest_init)
contiki-sky.a(contiki-sky-pla)
                              obj_sky/contiki-sky-main.o (init_platform)
contiki-sky.a(button-sensor.o)
                              contiki-sky.a(contiki-sky-pla) (button_sensor)
contiki-sky.a(ds2411.o)       obj_sky/contiki-sky-main.o (ds2411_init)
contiki-sky.a(xmem.o)         obj_sky/contiki-sky-main.o (xmem_init)
contiki-sky.a(sensors.o)      contiki-sky.a(button-sensor.o) (sensors_changed)
contiki-sky.a(cc2420.o)       obj_sky/contiki-sky-main.o (cc2420_set_pan_addr)
contiki-sky.a(cc2420-arch.o)  contiki-sky.a(cc2420.o) (cc2420_arch_init)
contiki-sky.a(cc2420-arch-sfd)
                              contiki-sky.a(cc2420-arch.o) (cc2420_arch_sfd_init)
contiki-sky.a(uart1.o)        obj_sky/contiki-sky-main.o (uart1_active)
contiki-sky.a(msp430.o)       contiki-sky.a(uart1.o) (msp430_add_lpm_req)
contiki-sky.a(clock.o)        obj_sky/contiki-sky-main.o (clock_init)
contiki-sky.a(leds.o)         obj_sky/contiki-sky-main.o (leds_init)
contiki-sky.a(leds-arch.o)    contiki-sky.a(leds.o) (leds_arch_init)
contiki-sky.a(watchdog.o)     obj_sky/contiki-sky-main.o (watchdog_start)
contiki-sky.a(rtimer-arch.o)  obj_sky/contiki-sky-main.o (rtimer_arch_now)
contiki-sky.a(autostart.o)    obj_sky/contiki-sky-main.o (autostart_start)
contiki-sky.a(ctimer.o)       obj_sky/contiki-sky-main.o (ctimer_init)
contiki-sky.a(energest.o)     obj_sky/contiki-sky-main.o (energest_init)
contiki-sky.a(etimer.o)       contiki-sky.a(clock.o) (etimer_request_poll)
contiki-sky.a(process.o)      contiki-sky.a(ctimer.o) (process_current)
contiki-sky.a(rtimer.o)       obj_sky/contiki-sky-main.o (rtimer_init)
contiki-sky.a(timer.o)        contiki-sky.a(button-sensor.o) (timer_set)
contiki-sky.a(list.o)         contiki-sky.a(ctimer.o) (list_init)
contiki-sky.a(memb.o)         obj_sky/orchestra.o (memb_init)
contiki-sky.a(random.o)       obj_sky/contiki-sky-main.o (random_init)
contiki-sky.a(uip-ds6.o)      app-rpl-collect-only.co (uip_ds6_is_addr_onlink)
contiki-sky.a(uip-ds6-route.o)
                              contiki-sky.a(uip-ds6.o) (uip_ds6_route_init)
contiki-sky.a(uip6.o)         contiki-sky.a(deployment-log.) (uip_aligned_buf)
contiki-sky.a(uip-ds6-nbr.o)  contiki-sky.a(uip-ds6.o) (uip_ds6_neighbors_init)
contiki-sky.a(uip-nd6.o)      contiki-sky.a(uip6.o) (uip_nd6_init)
contiki-sky.a(sicslowpan.o)   obj_sky/orchestra.o (rime_sniffer_add)
contiki-sky.a(tcpip.o)        contiki-sky.a(sicslowpan.o) (tcpip_set_outputfunc)
contiki-sky.a(simple-udp.o)   app-rpl-collect-only.co (simple_udp_sendto)
contiki-sky.a(rpl-dag.o)      contiki-sky.a(deployment-log.) (rpl_parents)
contiki-sky.a(rpl-timers.o)   contiki-sky.a(rpl-dag.o) (rpl_reset_dio_timer)
contiki-sky.a(rpl-ext-header.)
                              contiki-sky.a(uip6.o) (rpl_verify_header)
contiki-sky.a(rpl.o)          contiki-sky.a(rpl-timers.o) (rpl_purge_routes)
contiki-sky.a(rpl-of-etx-exp.)
                              contiki-sky.a(rpl-dag.o) (rpl_of_etx_exp)
contiki-sky.a(nordc.o)        obj_sky/contiki-sky-main.o (nordc_driver)
contiki-sky.a(framer-802154.o)
                              contiki-sky.a(sicslowpan.o) (framer_802154)
contiki-sky.a(framer.o)       contiki-sky.a(framer-802154.o) (framer_canonical_create_and_secure)
contiki-sky.a(queuebuf.o)     obj_sky/contiki-sky-main.o (queuebuf_init)
contiki-sky.a(nbr-table.o)    contiki-sky.a(uip-ds6-nbr.o) (nbr_table_register)
contiki-sky.a(packetbuf.o)    contiki-sky.a(queuebuf.o) (packetbuf_copyto_hdr)
contiki-sky.a(linkaddr.o)     obj_sky/orchestra.o (linkaddr_copy)
contiki-sky.a(tsch.o)         obj_sky/orchestra.o (tsch_broadcast_address)
contiki-sky.a(tsch-queue.o)   contiki-sky.a(tsch.o) (tsch_queue_get_nbr)
contiki-sky.a(tsch-schedule.o)
                              obj_sky/orchestra.o (tsch_schedule_add_slotframe)
contiki-sky.a(tsch-packet.o)  contiki-sky.a(tsch.o) (tsch_packet_parse_sync_ack)
contiki-sky.a(tsch-rpl.o)     obj_sky/orchestra.o (tsch_rpl_callback_joining_network)
contiki-sky.a(tsch-log.o)     contiki-sky.a(tsch.o) (tsch_log_process_pending)
contiki-sky.a(nullsec.o)      obj_sky/contiki-sky-main.o (nullsec_driver)
contiki-sky.a(spi.o)          contiki-sky.a(xmem.o) (spi_init)
contiki-sky.a(stimer.o)       contiki-sky.a(uip-ds6.o) (stimer_set)
contiki-sky.a(ringbufindex.o)
                              contiki-sky.a(tsch.o) (ringbufindex_init)
contiki-sky.a(uip-icmp6.o)    contiki-sky.a(uip6.o) (uip_icmp6_input)
contiki-sky.a(uip-debug.o)    contiki-sky.a(tsch-queue.o) (uip_debug_lladdr_print)
contiki-sky.a(uip-udp-packet.)
                              contiki-sky.a(simple-udp.o) (uip_udp_packet_sendto)
[...]
Memory Configuration

Name             Origin             Length             Attributes
sfr              0x0000000000000000 0x0000000000000010
peripheral_8bit  0x0000000000000010 0x00000000000000f0
peripheral_16bit 0x0000000000000100 0x0000000000000100
ram_mirror       0x0000000000000200 0x0000000000000800 xw
infomem          0x0000000000001000 0x0000000000000100
infob            0x0000000000001000 0x0000000000000080
infoa            0x0000000000001080 0x0000000000000080
ram              0x0000000000001100 0x0000000000002800 xw
rom              0x0000000000004000 0x000000000000bfe0 xr
vectors          0x000000000000ffe0 0x0000000000000020
bsl              0x0000000000000000 0x0000000000000000
infoc            0x0000000000000000 0x0000000000000000
infod            0x0000000000000000 0x0000000000000000
ram2             0x0000000000000000 0x0000000000000000 xw
usbram           0x0000000000000000 0x0000000000000000 xw
far_rom          0x0000000000000000 0x0000000000000000
*default*        0x0000000000000000 0xffffffffffffffff

Linker script and memory map

LOAD /usr/lib/gcc/msp430/4.6.3/mmpy-16/crt0ivtbl16.o
LOAD app-rpl-collect-only.co
LOAD obj_sky/node-id.o
LOAD obj_sky/orchestra.o
LOAD obj_sky/uart1-putchar.o
LOAD obj_sky/contiki-sky-main.o
LOAD contiki-sky.a
LOAD /usr/lib/gcc/msp430/4.6.3/mmpy-16/libgcc.a
LOAD /usr/lib/gcc/msp430/4.6.3/../../../../msp430/lib/mmpy-16/libc.a
LOAD /usr/lib/gcc/msp430/4.6.3/mmpy-16/libgcc.a
LOAD /usr/lib/gcc/msp430/4.6.3/mmpy-16/libcrt0.a
                0x0000000000000080                PROVIDE (__info_segment_size, 0x80)
                0x0000000000001000                PROVIDE (__infob, 0x1000)
                0x0000000000001080                PROVIDE (__infoa, 0x1080)
                0x0000000000000000                __IE1 = 0x0
                0x0000000000000002                __IFG1 = 0x2
                0x0000000000000004                __ME1 = 0x4
                0x0000000000000001                __IE2 = 0x1
                0x0000000000000003                __IFG2 = 0x3
                0x0000000000000005                __ME2 = 0x5
                0x0000000000000120                __WDTCTL = 0x120
                0x0000000000000130                __MPY = 0x130
                0x0000000000000132                __MPYS = 0x132
                0x0000000000000134                __MAC = 0x134
                0x0000000000000136                __MACS = 0x136
                0x0000000000000138                __OP2 = 0x138
                0x000000000000013a                __RESLO = 0x13a
                0x000000000000013c                __RESHI = 0x13c
                0x000000000000013e                __SUMEXT = 0x13e
                0x0000000000000020                __P1IN = 0x20
                0x0000000000000021                __P1OUT = 0x21
                0x0000000000000022                __P1DIR = 0x22
                0x0000000000000023                __P1IFG = 0x23
                0x0000000000000024                __P1IES = 0x24
                0x0000000000000025                __P1IE = 0x25
                0x0000000000000026                __P1SEL = 0x26
                0x0000000000000028                __P2IN = 0x28
                0x0000000000000029                __P2OUT = 0x29
                0x000000000000002a                __P2DIR = 0x2a
                0x000000000000002b                __P2IFG = 0x2b
                0x000000000000002c                __P2IES = 0x2c
                0x000000000000002d                __P2IE = 0x2d
                0x000000000000002e                __P2SEL = 0x2e
                0x0000000000000018                __P3IN = 0x18
                0x0000000000000019                __P3OUT = 0x19
                0x000000000000001a                __P3DIR = 0x1a
                0x000000000000001b                __P3SEL = 0x1b
                0x000000000000001c                __P4IN = 0x1c
                0x000000000000001d                __P4OUT = 0x1d
                0x000000000000001e                __P4DIR = 0x1e
                0x000000000000001f                __P4SEL = 0x1f
                0x0000000000000030                __P5IN = 0x30
                0x0000000000000031                __P5OUT = 0x31
                0x0000000000000032                __P5DIR = 0x32
                0x0000000000000033                __P5SEL = 0x33
                0x0000000000000034                __P6IN = 0x34
                0x0000000000000035                __P6OUT = 0x35
                0x0000000000000036                __P6DIR = 0x36
                0x0000000000000037                __P6SEL = 0x37
                0x0000000000000070                __U0CTL = 0x70
                0x0000000000000071                __U0TCTL = 0x71
                0x0000000000000072                __U0RCTL = 0x72
                0x0000000000000073                __U0MCTL = 0x73
                0x0000000000000074                __U0BR0 = 0x74
                0x0000000000000075                __U0BR1 = 0x75
                0x0000000000000076                __U0RXBUF = 0x76
                0x0000000000000077                __U0TXBUF = 0x77
                0x0000000000000078                __U1CTL = 0x78
                0x0000000000000079                __U1TCTL = 0x79
                0x000000000000007a                __U1RCTL = 0x7a
                0x000000000000007b                __U1MCTL = 0x7b
                0x000000000000007c                __U1BR0 = 0x7c
                0x000000000000007d                __U1BR1 = 0x7d
                0x000000000000007e                __U1RXBUF = 0x7e
                0x000000000000007f                __U1TXBUF = 0x7f
                0x0000000000000050                __I2CIE = 0x50
                0x0000000000000051                __I2CIFG = 0x51
                0x0000000000000052                __I2CNDAT = 0x52
                0x0000000000000071                __I2CTCTL = 0x71
                0x0000000000000072                __I2CDCTL = 0x72
                0x0000000000000073                __I2CPSC = 0x73
                0x0000000000000074                __I2CSCLH = 0x74
                0x0000000000000075                __I2CSCLL = 0x75
                0x0000000000000076                __I2CDRB = 0x76
                0x0000000000000076                __I2CDRW = 0x76
                0x0000000000000118                __I2COA = 0x118
                0x000000000000011a                __I2CSA = 0x11a
                0x000000000000011c                __I2CIV = 0x11c
                0x000000000000012e                __TAIV = 0x12e
                0x0000000000000160                __TACTL = 0x160
                0x0000000000000162                __TACCTL0 = 0x162
                0x0000000000000164                __TACCTL1 = 0x164
                0x0000000000000166                __TACCTL2 = 0x166
                0x0000000000000170                __TAR = 0x170
                0x0000000000000172                __TACCR0 = 0x172
                0x0000000000000174                __TACCR1 = 0x174
                0x0000000000000176                __TACCR2 = 0x176
                0x000000000000011e                __TBIV = 0x11e
                0x0000000000000180                __TBCTL = 0x180
                0x0000000000000182                __TBCCTL0 = 0x182
                0x0000000000000184                __TBCCTL1 = 0x184
                0x0000000000000186                __TBCCTL2 = 0x186
                0x0000000000000188                __TBCCTL3 = 0x188
                0x000000000000018a                __TBCCTL4 = 0x18a
                0x000000000000018c                __TBCCTL5 = 0x18c
                0x000000000000018e                __TBCCTL6 = 0x18e
                0x0000000000000190                __TBR = 0x190
                0x0000000000000192                __TBCCR0 = 0x192
                0x0000000000000194                __TBCCR1 = 0x194
                0x0000000000000196                __TBCCR2 = 0x196
                0x0000000000000198                __TBCCR3 = 0x198
                0x000000000000019a                __TBCCR4 = 0x19a
                0x000000000000019c                __TBCCR5 = 0x19c
                0x000000000000019e                __TBCCR6 = 0x19e
                0x0000000000000056                __DCOCTL = 0x56
                0x0000000000000057                __BCSCTL1 = 0x57
                0x0000000000000058                __BCSCTL2 = 0x58
                0x0000000000000055                __SVSCTL = 0x55
                0x0000000000000128                __FCTL1 = 0x128
                0x000000000000012a                __FCTL2 = 0x12a
                0x000000000000012c                __FCTL3 = 0x12c
                0x0000000000000059                __CACTL1 = 0x59
                0x000000000000005a                __CACTL2 = 0x5a
                0x000000000000005b                __CAPD = 0x5b
                0x00000000000001a0                __ADC12CTL0 = 0x1a0
                0x00000000000001a2                __ADC12CTL1 = 0x1a2
                0x00000000000001a4                __ADC12IFG = 0x1a4
                0x00000000000001a6                __ADC12IE = 0x1a6
                0x00000000000001a8                __ADC12IV = 0x1a8
                0x0000000000000140                __ADC12MEM0 = 0x140
                0x0000000000000142                __ADC12MEM1 = 0x142
                0x0000000000000144                __ADC12MEM2 = 0x144
                0x0000000000000146                __ADC12MEM3 = 0x146
                0x0000000000000148                __ADC12MEM4 = 0x148
                0x000000000000014a                __ADC12MEM5 = 0x14a
                0x000000000000014c                __ADC12MEM6 = 0x14c
                0x000000000000014e                __ADC12MEM7 = 0x14e
                0x0000000000000150                __ADC12MEM8 = 0x150
                0x0000000000000152                __ADC12MEM9 = 0x152
                0x0000000000000154                __ADC12MEM10 = 0x154
                0x0000000000000156                __ADC12MEM11 = 0x156
                0x0000000000000158                __ADC12MEM12 = 0x158
                0x000000000000015a                __ADC12MEM13 = 0x15a
                0x000000000000015c                __ADC12MEM14 = 0x15c
                0x000000000000015e                __ADC12MEM15 = 0x15e
                0x0000000000000080                __ADC12MCTL0 = 0x80
                0x0000000000000081                __ADC12MCTL1 = 0x81
                0x0000000000000082                __ADC12MCTL2 = 0x82
                0x0000000000000083                __ADC12MCTL3 = 0x83
                0x0000000000000084                __ADC12MCTL4 = 0x84
                0x0000000000000085                __ADC12MCTL5 = 0x85
                0x0000000000000086                __ADC12MCTL6 = 0x86
                0x0000000000000087                __ADC12MCTL7 = 0x87
                0x0000000000000088                __ADC12MCTL8 = 0x88
                0x0000000000000089                __ADC12MCTL9 = 0x89
                0x000000000000008a                __ADC12MCTL10 = 0x8a
                0x000000000000008b                __ADC12MCTL11 = 0x8b
                0x000000000000008c                __ADC12MCTL12 = 0x8c
                0x000000000000008d                __ADC12MCTL13 = 0x8d
                0x000000000000008e                __ADC12MCTL14 = 0x8e
                0x000000000000008f                __ADC12MCTL15 = 0x8f
                0x00000000000001c0                __DAC12_0CTL = 0x1c0
                0x00000000000001c2                __DAC12_1CTL = 0x1c2
                0x00000000000001c8                __DAC12_0DAT = 0x1c8
                0x00000000000001ca                __DAC12_1DAT = 0x1ca
                0x0000000000000122                __DMACTL0 = 0x122
                0x0000000000000124                __DMACTL1 = 0x124
                0x00000000000001e0                __DMA0CTL = 0x1e0
                0x00000000000001e8                __DMA1CTL = 0x1e8
                0x00000000000001f0                __DMA2CTL = 0x1f0
                0x00000000000001e2                __DMA0SA = 0x1e2
                0x00000000000001e4                __DMA0DA = 0x1e4
                0x00000000000001e6                __DMA0SZ = 0x1e6
                0x00000000000001ea                __DMA1SA = 0x1ea
                0x00000000000001ec                __DMA1DA = 0x1ec
                0x00000000000001ee                __DMA1SZ = 0x1ee
                0x00000000000001f2                __DMA2SA = 0x1f2
                0x00000000000001f4                __DMA2DA = 0x1f4
                0x00000000000001f6                __DMA2SZ = 0x1f6

.hash
 *(.hash)

.dynsym
 *(.dynsym)

.dynstr
 *(.dynstr)

.gnu.version
 *(.gnu.version)

.gnu.version_d
 *(.gnu.version_d)

.gnu.version_r
 *(.gnu.version_r)

.rel.init
 *(.rel.init)

.rela.init
 *(.rela.init)

.rel.fini
 *(.rel.fini)

.rela.fini
 *(.rela.fini)

.rel.text
 *(.rel.text .rel.text.* .rel.gnu.linkonce.t.*)

.rela.text
 *(.rela.text .rela.text.* .rela.gnu.linkonce.t.*)

.rel.rodata
 *(.rel.rodata .rel.rodata.* .rel.gnu.linkonce.r.*)

.rela.rodata
 *(.rela.rodata .rela.rodata.* .rela.gnu.linkonce.r.*)

.rel.data
 *(.rel.data .rel.data.* .rel.gnu.linkonce.d.*)

.rela.data
 *(.rela.data .rela.data.* .rela.gnu.linkonce.d.*)

.rel.bss
 *(.rel.bss .rel.bss.* .rel.gnu.linkonce.b.*)

.rela.bss
 *(.rela.bss .rela.bss.* .rela.gnu.linkonce.b.*)

.rel.ctors
 *(.rel.ctors)

.rela.ctors
 *(.rela.ctors)

.rel.dtors
 *(.rel.dtors)

.rela.dtors
 *(.rela.dtors)

.rel.got
 *(.rel.got)

.rela.got
 *(.rela.got)

.rel.plt
 *(.rel.plt)

.rela.plt
 *(.rela.plt)

.text           0x0000000000004000     0xb2b8
                0x0000000000004000                . = ALIGN (0x2)
 *(.init .init.*)
 *(.init0)
 .init0         0x0000000000004000        0x0 /usr/lib/gcc/msp430/4.6.3/mmpy-16/libcrt0.a(_reset_vector__.o)
                0x0000000000004000                _reset_vector__
 *(.init1)
 .init1         0x0000000000004000        0xc /usr/lib/gcc/msp430/4.6.3/mmpy-16/libcrt0.a(__watchdog_support.o)
                0x0000000000004000                __watchdog_support
 *(.init2)
 .init2         0x000000000000400c        0x4 /usr/lib/gcc/msp430/4.6.3/mmpy-16/libcrt0.a(__init_stack.o)
                0x000000000000400c                __init_stack
 *(.init3)
 .init3         0x0000000000004010        0x0 /usr/lib/gcc/msp430/4.6.3/mmpy-16/libcrt0.a(__low_level_init.o)
                0x0000000000004010                __low_level_init
 *(.init4)
 .init4         0x0000000000004010       0x18 /usr/lib/gcc/msp430/4.6.3/mmpy-16/libcrt0.a(_copy_data.o)
                0x0000000000004010                __do_copy_data
 .init4         0x0000000000004028       0x16 /usr/lib/gcc/msp430/4.6.3/mmpy-16/libcrt0.a(_clear_bss.o)
                0x0000000000004028                __do_clear_bss
 *(.init5)
 *(.init6)
 *(.init7)
 *(.init8)
 *(.init9)
 .init9         0x000000000000403e      0x1d6 obj_sky/contiki-sky-main.o
                0x000000000000403e                main
 *(.fini9)
 .fini9         0x0000000000004214        0x0 /usr/lib/gcc/msp430/4.6.3/mmpy-16/libcrt0.a(__stop_progExec__.o)
                0x0000000000004214                __stop_progExec__
 *(.fini8)
 *(.fini7)
 *(.fini6)
 *(.fini5)
 *(.fini4)
 *(.fini3)
 *(.fini2)
 *(.fini1)
 *(.fini0)
 .fini0         0x0000000000004214        0x6 /usr/lib/gcc/msp430/4.6.3/mmpy-16/libcrt0.a(_endless_loop__.o)
                0x0000000000004214                _endless_loop__
 *(.fini .fini.*)
                0x000000000000421a                . = ALIGN (0x2)
                0x000000000000421a                __ctors_start = .
 *(.ctors)
                0x000000000000421a                __ctors_end = .
                0x000000000000421a                __dtors_start = .
 *(.dtors)
                0x000000000000421a                __dtors_end = .
                0x000000000000421a                . = ALIGN (0x2)
 *(.text .text.* .gnu.linkonce.t.*)
 .text          0x000000000000421a        0x4 /usr/lib/gcc/msp430/4.6.3/mmpy-16/crt0ivtbl16.o
                0x000000000000421a                __isr_14
                0x000000000000421a                __isr_11
                0x000000000000421a                __isr_2
                0x000000000000421a                __isr_7
                0x000000000000421a                __isr_0
                0x000000000000421a                __isr_8
                0x000000000000421a                __isr_3
                0x000000000000421a                __isr_13
                0x000000000000421a                __isr_9
 .text.receiver
                0x000000000000421e       0x14 app-rpl-collect-only.co
 .text.can_send_to
                0x0000000000004232       0x1c app-rpl-collect-only.co
                0x0000000000004232                can_send_to
 .text.app_send_to
                0x000000000000424e      0x130 app-rpl-collect-only.co
                0x000000000000424e                app_send_to
 .text.process_thread_unicast_sender_process
                0x000000000000437e      0x14e app-rpl-collect-only.co
 .text.node_id_restore
                0x00000000000044cc        0xa obj_sky/node-id.o
                0x00000000000044cc                node_id_restore
 .text.orchestra_delete_old_links_sf
                0x00000000000044d6       0xde obj_sky/orchestra.o
 .text.orchestra_delete_old_links
                0x00000000000045b4       0x12 obj_sky/orchestra.o
 .text.orchestra_callback_joining_network_sf
                0x00000000000045c6       0x34 obj_sky/orchestra.o
 .text.orchestra_packet_sent
                0x00000000000045fa       0xce obj_sky/orchestra.o
 .text.orchestra_packet_received
                0x00000000000046c8       0xd4 obj_sky/orchestra.o
 .text.orchestra_callback_joining_network
                0x000000000000479c       0x16 obj_sky/orchestra.o
                0x000000000000479c                orchestra_callback_joining_network
 .text.orchestra_callback_new_time_source
                0x00000000000047b2       0x50 obj_sky/orchestra.o
                0x00000000000047b2                orchestra_callback_new_time_source
 .text.orchestra_init
                0x0000000000004802       0x64 obj_sky/orchestra.o
                0x0000000000004802                orchestra_init
 .text.putchar  0x0000000000004866       0x10 obj_sky/uart1-putchar.o
                0x0000000000004866                putchar
 .text.start_network_layer
                0x0000000000004876       0x18 obj_sky/contiki-sky-main.o
 .text.get_node_id
                0x000000000000488e        0x6 contiki-sky.a(deployment.o)
                0x000000000000488e                get_node_id
 .text.node_id_from_linkaddr
                0x0000000000004894        0xe contiki-sky.a(deployment.o)
                0x0000000000004894                node_id_from_linkaddr
 .text.node_id_from_ipaddr
                0x00000000000048a2       0x16 contiki-sky.a(deployment.o)
                0x00000000000048a2                node_id_from_ipaddr
 .text.get_node_index_from_id
                0x00000000000048b8        0xc contiki-sky.a(deployment.o)
                0x00000000000048b8                get_node_index_from_id
 .text.set_linkaddr_from_id
                0x00000000000048c4       0x26 contiki-sky.a(deployment.o)
                0x00000000000048c4                set_linkaddr_from_id
 .text.set_ipaddr_from_id
                0x00000000000048ea       0x2c contiki-sky.a(deployment.o)
                0x00000000000048ea                set_ipaddr_from_id
 .text.deployment_init
                0x0000000000004916       0xd4 contiki-sky.a(deployment.o)
                0x0000000000004916                deployment_init
 .text.rpl_print_neighbor_list
                0x00000000000049ea       0xe4 contiki-sky.a(deployment-log.)
                0x00000000000049ea                rpl_print_neighbor_list
 .text.process_thread_log_process
                0x0000000000004ace       0x62 contiki-sky.a(deployment-log.)
 .text.appdata_copy
                0x0000000000004b30       0x1c contiki-sky.a(deployment-log.)
                0x0000000000004b30                appdata_copy
 .text.appdataptr_from_buffer
                0x0000000000004b4c       0x38 contiki-sky.a(deployment-log.)
                0x0000000000004b4c                appdataptr_from_buffer
 .text.appdataptr_from_uip
                0x0000000000004b84        0xe contiki-sky.a(deployment-log.)
                0x0000000000004b84                appdataptr_from_uip
 .text.appdataptr_from_packetbuf
                0x0000000000004b92       0x16 contiki-sky.a(deployment-log.)
                0x0000000000004b92                appdataptr_from_packetbuf
 .text.log_appdataptr
                0x0000000000004ba8       0x96 contiki-sky.a(deployment-log.)
                0x0000000000004ba8                log_appdataptr
 .text.log_start
                0x0000000000004c3e        0xc contiki-sky.a(deployment-log.)
                0x0000000000004c3e                log_start
 .text.simple_energest_init
                0x0000000000004c4a       0x4e contiki-sky.a(simple-energest)
                0x0000000000004c4a                simple_energest_init
 .text.simple_energest_step
                0x0000000000004c98      0x11c contiki-sky.a(simple-energest)
                0x0000000000004c98                simple_energest_step
 .text.init_platform
                0x0000000000004db4        0xc contiki-sky.a(contiki-sky-pla)
                0x0000000000004db4                init_platform
 .text.status   0x0000000000004dc0       0x16 contiki-sky.a(button-sensor.o)
 .text.configure
                0x0000000000004dd6       0x52 contiki-sky.a(button-sensor.o)
 .text.value    0x0000000000004e28       0x22 contiki-sky.a(button-sensor.o)
 .text.irq_p2   0x0000000000004e4a       0x8a contiki-sky.a(button-sensor.o)
                0x0000000000004e4a                irq_p2
                0x0000000000004e4a                __isr_1
 .text.owreadb  0x0000000000004ed4       0x52 contiki-sky.a(ds2411.o)
 .text.ds2411_init
                0x0000000000004f26      0x122 contiki-sky.a(ds2411.o)
                0x0000000000004f26                ds2411_init
 .text.xmem_init
                0x0000000000005048       0x3e contiki-sky.a(xmem.o)
                0x0000000000005048                xmem_init
 .text.process_thread_sensors_process
                0x0000000000005086       0xbe contiki-sky.a(sensors.o)
 .text.sensors_changed
                0x0000000000005144       0x2a contiki-sky.a(sensors.o)
                0x0000000000005144                sensors_changed
 .text.get_object
                0x000000000000516e        0x4 contiki-sky.a(cc2420.o)
 .text.set_object
                0x0000000000005172        0x4 contiki-sky.a(cc2420.o)
 .text.strobe   0x0000000000005176       0x20 contiki-sky.a(cc2420.o)
 .text.status   0x0000000000005196       0x26 contiki-sky.a(cc2420.o)
 .text.getreg   0x00000000000051bc       0x54 contiki-sky.a(cc2420.o)
 .text.setreg   0x0000000000005210       0x52 contiki-sky.a(cc2420.o)
 .text.write_ram
                0x0000000000005262       0x80 contiki-sky.a(cc2420.o)
 .text.write_fifo_buf
                0x00000000000052e2       0x40 contiki-sky.a(cc2420.o)
 .text.get_status
                0x0000000000005322       0x24 contiki-sky.a(cc2420.o)
 .text.cc2420_receiving_packet
                0x0000000000005346        0xe contiki-sky.a(cc2420.o)
 .text.pending_packet
                0x0000000000005354        0x8 contiki-sky.a(cc2420.o)
 .text.on       0x000000000000535c       0x26 contiki-sky.a(cc2420.o)
 .text.wait_for_transmission
                0x0000000000005382       0x22 contiki-sky.a(cc2420.o)
 .text.wait_for_status
                0x00000000000053a4       0x2a contiki-sky.a(cc2420.o)
 .text.getrxdata
                0x00000000000053ce       0x56 contiki-sky.a(cc2420.o)
 .text.flushrx  0x0000000000005424       0x1a contiki-sky.a(cc2420.o)
 .text.off      0x000000000000543e       0x62 contiki-sky.a(cc2420.o)
 .text.RELEASE_LOCK
                0x00000000000054a0       0x28 contiki-sky.a(cc2420.o)
 .text.set_key  0x00000000000054c8       0x18 contiki-sky.a(cc2420.o)
 .text.cc2420_prepare
                0x00000000000054e0       0x3c contiki-sky.a(cc2420.o)
 .text.cc2420_on
                0x000000000000551c       0x22 contiki-sky.a(cc2420.o)
                0x000000000000551c                cc2420_on
 .text.cc2420_transmit
                0x000000000000553e       0xc8 contiki-sky.a(cc2420.o)
 .text.cc2420_send
                0x0000000000005606       0x12 contiki-sky.a(cc2420.o)
 .text.cc2420_off
                0x0000000000005618       0x30 contiki-sky.a(cc2420.o)
                0x0000000000005618                cc2420_off
 .text.cc2420_cca
                0x0000000000005648       0x5e contiki-sky.a(cc2420.o)
 .text.cc2420_read
                0x00000000000056a6       0xbc contiki-sky.a(cc2420.o)
 .text.process_thread_cc2420_process
                0x0000000000005762       0x52 contiki-sky.a(cc2420.o)
 .text.encrypt  0x00000000000057b4       0x8e contiki-sky.a(cc2420.o)
 .text.cc2420_set_channel
                0x0000000000005842       0x3c contiki-sky.a(cc2420.o)
                0x0000000000005842                cc2420_set_channel
 .text.cc2420_set_pan_addr
                0x000000000000587e       0x4c contiki-sky.a(cc2420.o)
                0x000000000000587e                cc2420_set_pan_addr
 .text.cc2420_interrupt
                0x00000000000058ca       0x18 contiki-sky.a(cc2420.o)
                0x00000000000058ca                cc2420_interrupt
 .text.cc2420_set_txpower
                0x00000000000058e2       0x2e contiki-sky.a(cc2420.o)
                0x00000000000058e2                cc2420_set_txpower
 .text.set_value
                0x0000000000005910       0x78 contiki-sky.a(cc2420.o)
 .text.cc2420_get_txpower
                0x0000000000005988       0x1e contiki-sky.a(cc2420.o)
                0x0000000000005988                cc2420_get_txpower
 .text.cc2420_rssi
                0x00000000000059a6       0x4c contiki-sky.a(cc2420.o)
                0x00000000000059a6                cc2420_rssi
 .text.get_value
                0x00000000000059f2       0x8a contiki-sky.a(cc2420.o)
 .text.cc2420_set_cca_threshold
                0x0000000000005a7c       0x16 contiki-sky.a(cc2420.o)
                0x0000000000005a7c                cc2420_set_cca_threshold
 .text.cc2420_sfd_sync
                0x0000000000005a92       0x48 contiki-sky.a(cc2420.o)
                0x0000000000005a92                cc2420_sfd_sync
 .text.cc2420_read_sfd_timer
                0x0000000000005ada        0x6 contiki-sky.a(cc2420.o)
                0x0000000000005ada                cc2420_read_sfd_timer
 .text.cc2420_address_decode
                0x0000000000005ae0       0x74 contiki-sky.a(cc2420.o)
                0x0000000000005ae0                cc2420_address_decode
 .text.cc2420_set_interrupt_enable
                0x0000000000005b54       0x4a contiki-sky.a(cc2420.o)
                0x0000000000005b54                cc2420_set_interrupt_enable
 .text.cc2420_init
                0x0000000000005b9e      0x122 contiki-sky.a(cc2420.o)
                0x0000000000005b9e                cc2420_init
 .text.cc2420_port1_interrupt
                0x0000000000005cc0       0x62 contiki-sky.a(cc2420-arch.o)
                0x0000000000005cc0                __isr_4
                0x0000000000005cc0                cc2420_port1_interrupt
 .text.cc2420_arch_init
                0x0000000000005d22       0x1e contiki-sky.a(cc2420-arch.o)
                0x0000000000005d22                cc2420_arch_init
 .text.cc2420_timerb1_interrupt
                0x0000000000005d40       0x70 contiki-sky.a(cc2420-arch-sfd)
                0x0000000000005d40                cc2420_timerb1_interrupt
                0x0000000000005d40                __isr_12
 .text.cc2420_arch_sfd_init
                0x0000000000005db0       0x26 contiki-sky.a(cc2420-arch-sfd)
                0x0000000000005db0                cc2420_arch_sfd_init
 .text.uart1_active
                0x0000000000005dd6       0x1a contiki-sky.a(uart1.o)
                0x0000000000005dd6                uart1_active
 .text.uart1_writeb
                0x0000000000005df0       0x1a contiki-sky.a(uart1.o)
                0x0000000000005df0                uart1_writeb
 .text.uart1_init
                0x0000000000005e0a       0xf6 contiki-sky.a(uart1.o)
                0x0000000000005e0a                uart1_init
 .text.msp430_init_dco
                0x0000000000005f00       0x84 contiki-sky.a(msp430.o)
                0x0000000000005f00                msp430_init_dco
 .text.msp430_add_lpm_req
                0x0000000000005f84        0xc contiki-sky.a(msp430.o)
                0x0000000000005f84                msp430_add_lpm_req
 .text.msp430_cpu_init
                0x0000000000005f90       0x2a contiki-sky.a(msp430.o)
                0x0000000000005f90                msp430_cpu_init
 .text.splhigh_
                0x0000000000005fba        0x8 contiki-sky.a(msp430.o)
                0x0000000000005fba                splhigh_
 .text.timera1  0x0000000000005fc2      0x11e contiki-sky.a(clock.o)
                0x0000000000005fc2                __isr_5
                0x0000000000005fc2                timera1
 .text.clock_time
                0x00000000000060e0       0x1a contiki-sky.a(clock.o)
                0x00000000000060e0                clock_time
 .text.clock_init
                0x00000000000060fa       0x28 contiki-sky.a(clock.o)
                0x00000000000060fa                clock_init
 .text.clock_delay
                0x0000000000006122        0xc contiki-sky.a(clock.o)
                0x0000000000006122                clock_delay
 .text.clock_seconds
                0x000000000000612e       0x1a contiki-sky.a(clock.o)
                0x000000000000612e                clock_seconds
 .text.show_leds
                0x0000000000006148       0xf6 contiki-sky.a(leds.o)
 .text.leds_init
                0x000000000000623e        0xa contiki-sky.a(leds.o)
                0x000000000000623e                leds_init
 .text.leds_on  0x0000000000006248        0xa contiki-sky.a(leds.o)
                0x0000000000006248                leds_on
 .text.leds_off
                0x0000000000006252        0xe contiki-sky.a(leds.o)
                0x0000000000006252                leds_off
 .text.leds_toggle
                0x0000000000006260        0xa contiki-sky.a(leds.o)
                0x0000000000006260                leds_toggle
 .text.leds_blink
                0x000000000000626a       0x20 contiki-sky.a(leds.o)
                0x000000000000626a                leds_blink
 .text.leds_arch_init
                0x000000000000628a        0xe contiki-sky.a(leds-arch.o)
                0x000000000000628a                leds_arch_init
 .text.leds_arch_set
                0x0000000000006298       0x3a contiki-sky.a(leds-arch.o)
                0x0000000000006298                leds_arch_set
 .text.printstring
                0x00000000000062d2       0x18 contiki-sky.a(watchdog.o)
 .text.hexprint
                0x00000000000062ea       0x52 contiki-sky.a(watchdog.o)
 .text.watchdog_interrupt
                0x000000000000633c       0x90 contiki-sky.a(watchdog.o)
                0x000000000000633c                __isr_10
                0x000000000000633c                watchdog_interrupt
 .text.watchdog_start
                0x00000000000063cc       0x14 contiki-sky.a(watchdog.o)
                0x00000000000063cc                watchdog_start
 .text.watchdog_periodic
                0x00000000000063e0       0x12 contiki-sky.a(watchdog.o)
                0x00000000000063e0                watchdog_periodic
 .text.watchdog_stop
                0x00000000000063f2       0x16 contiki-sky.a(watchdog.o)
                0x00000000000063f2                watchdog_stop
 .text.watchdog_init
                0x0000000000006408       0x14 contiki-sky.a(watchdog.o)
                0x0000000000006408                watchdog_init
 .text.rtimer_arch_init
                0x000000000000641c        0xe contiki-sky.a(rtimer-arch.o)
                0x000000000000641c                rtimer_arch_init
 .text.rtimer_arch_now
                0x000000000000642a        0xe contiki-sky.a(rtimer-arch.o)
                0x000000000000642a                rtimer_arch_now
 .text.timera0  0x0000000000006438       0x7c contiki-sky.a(rtimer-arch.o)
                0x0000000000006438                __isr_6
                0x0000000000006438                timera0
 .text.rtimer_arch_schedule
                0x00000000000064b4        0x6 contiki-sky.a(rtimer-arch.o)
                0x00000000000064b4                rtimer_arch_schedule
 .text.autostart_start
                0x00000000000064ba       0x16 contiki-sky.a(autostart.o)
                0x00000000000064ba                autostart_start
 .text.process_thread_ctimer_process
                0x00000000000064d0       0xa4 contiki-sky.a(ctimer.o)
 .text.ctimer_init
                0x0000000000006574       0x18 contiki-sky.a(ctimer.o)
                0x0000000000006574                ctimer_init
 .text.ctimer_set
                0x000000000000658c       0x50 contiki-sky.a(ctimer.o)
                0x000000000000658c                ctimer_set
 .text.ctimer_reset
                0x00000000000065dc       0x30 contiki-sky.a(ctimer.o)
                0x00000000000065dc                ctimer_reset
 .text.ctimer_stop
                0x000000000000660c       0x28 contiki-sky.a(ctimer.o)
                0x000000000000660c                ctimer_stop
 .text.energest_init
                0x0000000000006634       0x28 contiki-sky.a(energest.o)
                0x0000000000006634                energest_init
 .text.energest_type_time
                0x000000000000665c       0x46 contiki-sky.a(energest.o)
                0x000000000000665c                energest_type_time
 .text.energest_type_set
                0x00000000000066a2        0xe contiki-sky.a(energest.o)
                0x00000000000066a2                energest_type_set
 .text.energest_flush
                0x00000000000066b0       0x48 contiki-sky.a(energest.o)
                0x00000000000066b0                energest_flush
 .text.update_time
                0x00000000000066f8       0x78 contiki-sky.a(etimer.o)
 .text.etimer_request_poll
                0x0000000000006770        0xa contiki-sky.a(etimer.o)
                0x0000000000006770                etimer_request_poll
 .text.process_thread_etimer_process
                0x000000000000677a       0xc8 contiki-sky.a(etimer.o)
 .text.add_timer
                0x0000000000006842       0x40 contiki-sky.a(etimer.o)
 .text.etimer_set
                0x0000000000006882       0x12 contiki-sky.a(etimer.o)
                0x0000000000006882                etimer_set
 .text.etimer_reset
                0x0000000000006894       0x12 contiki-sky.a(etimer.o)
                0x0000000000006894                etimer_reset
 .text.etimer_expired
                0x00000000000068a6        0xe contiki-sky.a(etimer.o)
                0x00000000000068a6                etimer_expired
 .text.etimer_pending
                0x00000000000068b4        0xc contiki-sky.a(etimer.o)
                0x00000000000068b4                etimer_pending
 .text.etimer_next_expiration_time
                0x00000000000068c0       0x16 contiki-sky.a(etimer.o)
                0x00000000000068c0                etimer_next_expiration_time
 .text.etimer_stop
                0x00000000000068d6       0x3c contiki-sky.a(etimer.o)
                0x00000000000068d6                etimer_stop
 .text.call_process
                0x0000000000006912       0x48 contiki-sky.a(process.o)
 .text.exit_process
                0x000000000000695a       0x94 contiki-sky.a(process.o)
 .text.do_poll  0x00000000000069ee       0x30 contiki-sky.a(process.o)
 .text.process_alloc_event
                0x0000000000006a1e        0xe contiki-sky.a(process.o)
                0x0000000000006a1e                process_alloc_event
 .text.process_init
                0x0000000000006a2c       0x1c contiki-sky.a(process.o)
                0x0000000000006a2c                process_init
 .text.process_run
                0x0000000000006a48       0xa2 contiki-sky.a(process.o)
                0x0000000000006a48                process_run
 .text.process_nevents
                0x0000000000006aea        0xe contiki-sky.a(process.o)
                0x0000000000006aea                process_nevents
 .text.process_post
                0x0000000000006af8       0x54 contiki-sky.a(process.o)
                0x0000000000006af8                process_post
 .text.process_post_synch
                0x0000000000006b4c       0x12 contiki-sky.a(process.o)
                0x0000000000006b4c                process_post_synch
 .text.process_start
                0x0000000000006b5e       0x32 contiki-sky.a(process.o)
                0x0000000000006b5e                process_start
 .text.process_poll
                0x0000000000006b90       0x18 contiki-sky.a(process.o)
                0x0000000000006b90                process_poll
 .text.rtimer_init
                0x0000000000006ba8        0x6 contiki-sky.a(rtimer.o)
                0x0000000000006ba8                rtimer_init
 .text.rtimer_set
                0x0000000000006bae       0x24 contiki-sky.a(rtimer.o)
                0x0000000000006bae                rtimer_set
 .text.rtimer_run_next
                0x0000000000006bd2       0x26 contiki-sky.a(rtimer.o)
                0x0000000000006bd2                rtimer_run_next
 .text.timer_set
                0x0000000000006bf8       0x1c contiki-sky.a(timer.o)
                0x0000000000006bf8                timer_set
 .text.timer_reset
                0x0000000000006c14        0xe contiki-sky.a(timer.o)
                0x0000000000006c14                timer_reset
 .text.timer_expired
                0x0000000000006c22       0x2a contiki-sky.a(timer.o)
                0x0000000000006c22                timer_expired
 .text.list_init
                0x0000000000006c4c        0x6 contiki-sky.a(list.o)
                0x0000000000006c4c                list_init
 .text.list_head
                0x0000000000006c52        0x4 contiki-sky.a(list.o)
                0x0000000000006c52                list_head
 .text.list_tail
                0x0000000000006c56       0x12 contiki-sky.a(list.o)
                0x0000000000006c56                list_tail
 .text.list_remove
                0x0000000000006c68       0x34 contiki-sky.a(list.o)
                0x0000000000006c68                list_remove
 .text.list_push
                0x0000000000006c9c       0x1a contiki-sky.a(list.o)
                0x0000000000006c9c                list_push
 .text.list_add
                0x0000000000006cb6       0x2a contiki-sky.a(list.o)
                0x0000000000006cb6                list_add
 .text.list_length
                0x0000000000006ce0       0x10 contiki-sky.a(list.o)
                0x0000000000006ce0                list_length
 .text.list_item_next
                0x0000000000006cf0        0xc contiki-sky.a(list.o)
                0x0000000000006cf0                list_item_next
 .text.memb_init
                0x0000000000006cfc       0x36 contiki-sky.a(memb.o)
                0x0000000000006cfc                memb_init
 .text.memb_alloc
                0x0000000000006d32       0x3e contiki-sky.a(memb.o)
                0x0000000000006d32                memb_alloc
 .text.memb_free
                0x0000000000006d70       0x3a contiki-sky.a(memb.o)
                0x0000000000006d70                memb_free
 .text.memb_inmemb
                0x0000000000006daa       0x2e contiki-sky.a(memb.o)
                0x0000000000006daa                memb_inmemb
 .text.random_init
                0x0000000000006dd8        0x6 contiki-sky.a(random.o)
                0x0000000000006dd8                random_init
 .text.random_rand
                0x0000000000006dde        0x6 contiki-sky.a(random.o)
                0x0000000000006dde                random_rand
 .text.uip_ds6_list_loop
                0x0000000000006de4       0x86 contiki-sky.a(uip-ds6.o)
                0x0000000000006de4                uip_ds6_list_loop
 .text.uip_ds6_prefix_add
                0x0000000000006e6a       0x80 contiki-sky.a(uip-ds6.o)
                0x0000000000006e6a                uip_ds6_prefix_add
 .text.uip_ds6_is_addr_onlink
                0x0000000000006eea       0x54 contiki-sky.a(uip-ds6.o)
                0x0000000000006eea                uip_ds6_is_addr_onlink
 .text.uip_ds6_addr_lookup
                0x0000000000006f3e       0x28 contiki-sky.a(uip-ds6.o)
                0x0000000000006f3e                uip_ds6_addr_lookup
 .text.uip_ds6_get_link_local
                0x0000000000006f66       0x3e contiki-sky.a(uip-ds6.o)
                0x0000000000006f66                uip_ds6_get_link_local
 .text.uip_ds6_maddr_add
                0x0000000000006fa4       0x4a contiki-sky.a(uip-ds6.o)
                0x0000000000006fa4                uip_ds6_maddr_add
 .text.uip_ds6_addr_add
                0x0000000000006fee       0xc2 contiki-sky.a(uip-ds6.o)
                0x0000000000006fee                uip_ds6_addr_add
 .text.uip_ds6_maddr_lookup
                0x00000000000070b0       0x28 contiki-sky.a(uip-ds6.o)
                0x00000000000070b0                uip_ds6_maddr_lookup
 .text.uip_ds6_addr_rm
                0x00000000000070d8       0x54 contiki-sky.a(uip-ds6.o)
                0x00000000000070d8                uip_ds6_addr_rm
 .text.uip_ds6_periodic
                0x000000000000712c       0x4a contiki-sky.a(uip-ds6.o)
                0x000000000000712c                uip_ds6_periodic
 .text.uip_ds6_set_addr_iid
                0x0000000000007176       0x14 contiki-sky.a(uip-ds6.o)
                0x0000000000007176                uip_ds6_set_addr_iid
 .text.get_match_length
                0x000000000000718a       0x3e contiki-sky.a(uip-ds6.o)
                0x000000000000718a                get_match_length
 .text.uip_ds6_select_src
                0x00000000000071c8       0xaa contiki-sky.a(uip-ds6.o)
                0x00000000000071c8                uip_ds6_select_src
 .text.uip_ds6_compute_reachable_time
                0x0000000000007272       0x3e contiki-sky.a(uip-ds6.o)
                0x0000000000007272                uip_ds6_compute_reachable_time
 .text.uip_ds6_init
                0x00000000000072b0      0x154 contiki-sky.a(uip-ds6.o)
                0x00000000000072b0                uip_ds6_init
 .text.call_route_callback
                0x0000000000007404       0x4a contiki-sky.a(uip-ds6-route.o)
 .text.uip_ds6_route_init
                0x000000000000744e       0x1a contiki-sky.a(uip-ds6-route.o)
                0x000000000000744e                uip_ds6_route_init
 .text.uip_ds6_defrt_rm
                0x0000000000007468       0x58 contiki-sky.a(uip-ds6-route.o)
                0x0000000000007468                uip_ds6_defrt_rm
 .text.uip_ds6_defrt_lookup
                0x00000000000074c0       0x36 contiki-sky.a(uip-ds6-route.o)
                0x00000000000074c0                uip_ds6_defrt_lookup
 .text.uip_ds6_defrt_add
                0x00000000000074f6       0x84 contiki-sky.a(uip-ds6-route.o)
                0x00000000000074f6                uip_ds6_defrt_add
 .text.uip_ds6_defrt_choose
                0x000000000000757a       0x3a contiki-sky.a(uip-ds6-route.o)
                0x000000000000757a                uip_ds6_defrt_choose
 .text.uip_ds6_defrt_periodic
                0x00000000000075b4       0x38 contiki-sky.a(uip-ds6-route.o)
                0x00000000000075b4                uip_ds6_defrt_periodic
 .text.chksum   0x00000000000075ec       0x32 contiki-sky.a(uip6.o)
 .text.ext_hdr_options_process
                0x000000000000761e       0xda contiki-sky.a(uip6.o)
 .text.uip_icmp6chksum
                0x00000000000076f8       0x56 contiki-sky.a(uip6.o)
                0x00000000000076f8                uip_icmp6chksum
 .text.uip_init
                0x000000000000774e       0x40 contiki-sky.a(uip6.o)
                0x000000000000774e                uip_init
 .text.remove_ext_hdr
                0x000000000000778e       0x5a contiki-sky.a(uip6.o)
                0x000000000000778e                remove_ext_hdr
 .text.uip_udp_new
                0x00000000000077e8       0xce contiki-sky.a(uip6.o)
                0x00000000000077e8                uip_udp_new
 .text.uip_process
                0x00000000000078b6      0x47e contiki-sky.a(uip6.o)
                0x00000000000078b6                uip_process
 .text.uip_htonl
                0x0000000000007d34       0x2e contiki-sky.a(uip6.o)
                0x0000000000007d34                uip_htonl
 .text.uip_ds6_nbr_rm
                0x0000000000007d62       0x1a contiki-sky.a(uip-ds6-nbr.o)
                0x0000000000007d62                uip_ds6_nbr_rm
 .text.uip_ds6_neighbors_init
                0x0000000000007d7c        0xe contiki-sky.a(uip-ds6-nbr.o)
                0x0000000000007d7c                uip_ds6_neighbors_init
 .text.uip_ds6_nbr_add
                0x0000000000007d8a       0x60 contiki-sky.a(uip-ds6-nbr.o)
                0x0000000000007d8a                uip_ds6_nbr_add
 .text.uip_ds6_nbr_get_ll
                0x0000000000007dea        0xc contiki-sky.a(uip-ds6-nbr.o)
                0x0000000000007dea                uip_ds6_nbr_get_ll
 .text.uip_ds6_nbr_num
                0x0000000000007df6       0x24 contiki-sky.a(uip-ds6-nbr.o)
                0x0000000000007df6                uip_ds6_nbr_num
 .text.uip_ds6_nbr_lookup
                0x0000000000007e1a       0x42 contiki-sky.a(uip-ds6-nbr.o)
                0x0000000000007e1a                uip_ds6_nbr_lookup
 .text.uip_ds6_nbr_ll_lookup
                0x0000000000007e5c        0xc contiki-sky.a(uip-ds6-nbr.o)
                0x0000000000007e5c                uip_ds6_nbr_ll_lookup
 .text.uip_ds6_nbr_ipaddr_from_lladdr
                0x0000000000007e68        0x6 contiki-sky.a(uip-ds6-nbr.o)
                0x0000000000007e68                uip_ds6_nbr_ipaddr_from_lladdr
 .text.uip_ds6_nbr_lladdr_from_ipaddr
                0x0000000000007e6e       0x12 contiki-sky.a(uip-ds6-nbr.o)
                0x0000000000007e6e                uip_ds6_nbr_lladdr_from_ipaddr
 .text.uip_ds6_link_neighbor_callback
                0x0000000000007e80       0x2a contiki-sky.a(uip-ds6-nbr.o)
                0x0000000000007e80                uip_ds6_link_neighbor_callback
 .text.uip_ds6_neighbor_periodic
                0x0000000000007eaa       0x60 contiki-sky.a(uip-ds6-nbr.o)
                0x0000000000007eaa                uip_ds6_neighbor_periodic
 .text.uip_nd6_init
                0x0000000000007f0a        0x2 contiki-sky.a(uip-nd6.o)
                0x0000000000007f0a                uip_nd6_init
 .text.addr_context_lookup_by_number
                0x0000000000007f0c       0x36 contiki-sky.a(sicslowpan.o)
 .text.compress_addr_64
                0x0000000000007f42       0xae contiki-sky.a(sicslowpan.o)
 .text.uncompress_addr
                0x0000000000007ff0       0xb4 contiki-sky.a(sicslowpan.o)
 .text.sicslowpan_init
                0x00000000000080a4       0x26 contiki-sky.a(sicslowpan.o)
                0x00000000000080a4                sicslowpan_init
 .text.addr_context_lookup_by_prefix
                0x00000000000080ca       0x4c contiki-sky.a(sicslowpan.o)
 .text.output   0x0000000000008116      0x57c contiki-sky.a(sicslowpan.o)
 .text.packet_sent
                0x0000000000008692       0x78 contiki-sky.a(sicslowpan.o)
 .text.input    0x000000000000870a      0x4e2 contiki-sky.a(sicslowpan.o)
 .text.rime_sniffer_add
                0x0000000000008bec        0x6 contiki-sky.a(sicslowpan.o)
                0x0000000000008bec                rime_sniffer_add
 .text.tcpip_output
                0x0000000000008bf2       0x10 contiki-sky.a(tcpip.o)
                0x0000000000008bf2                tcpip_output
 .text.tcpip_set_outputfunc
                0x0000000000008c02        0x6 contiki-sky.a(tcpip.o)
                0x0000000000008c02                tcpip_set_outputfunc
 .text.udp_new  0x0000000000008c08       0x1a contiki-sky.a(tcpip.o)
                0x0000000000008c08                udp_new
 .text.tcpip_input
                0x0000000000008c22       0x16 contiki-sky.a(tcpip.o)
                0x0000000000008c22                tcpip_input
 .text.tcpip_ipv6_output
                0x0000000000008c38       0xd2 contiki-sky.a(tcpip.o)
                0x0000000000008c38                tcpip_ipv6_output
 .text.process_thread_tcpip_process
                0x0000000000008d0a       0xcc contiki-sky.a(tcpip.o)
 .text.tcpip_uipcall
                0x0000000000008dd6       0x2a contiki-sky.a(tcpip.o)
                0x0000000000008dd6                tcpip_uipcall
 .text.process_thread_simple_udp_process
                0x0000000000008e00       0xac contiki-sky.a(simple-udp.o)
 .text.simple_udp_sendto
                0x0000000000008eac       0x30 contiki-sky.a(simple-udp.o)
                0x0000000000008eac                simple_udp_sendto
 .text.simple_udp_register
                0x0000000000008edc       0x9a contiki-sky.a(simple-udp.o)
                0x0000000000008edc                simple_udp_register
 .text.lollipop_greater_than
                0x0000000000008f76       0x44 contiki-sky.a(rpl-dag.o)
 .text.best_parent
                0x0000000000008fba       0x56 contiki-sky.a(rpl-dag.o)
 .text.set_ip_from_prefix
                0x0000000000009010       0x38 contiki-sky.a(rpl-dag.o)
 .text.check_prefix
                0x0000000000009048       0x80 contiki-sky.a(rpl-dag.o)
 .text.find_parent_any_dag_any_instance
                0x00000000000090c8       0x14 contiki-sky.a(rpl-dag.o)
 .text.rpl_dag_init
                0x00000000000090dc        0xe contiki-sky.a(rpl-dag.o)
                0x00000000000090dc                rpl_dag_init
 .text.rpl_get_parent_ipaddr
                0x00000000000090ea       0x10 contiki-sky.a(rpl-dag.o)
                0x00000000000090ea                rpl_get_parent_ipaddr
 .text.rpl_set_preferred_parent
                0x00000000000090fa       0xd4 contiki-sky.a(rpl-dag.o)
 .text.handle_probing_timer
                0x00000000000091ce       0xae contiki-sky.a(rpl-dag.o)
 .text.rpl_set_prefix
                0x000000000000927c       0x8e contiki-sky.a(rpl-dag.o)
                0x000000000000927c                rpl_set_prefix
 .text.rpl_set_default_route
                0x000000000000930a       0x4e contiki-sky.a(rpl-dag.o)
                0x000000000000930a                rpl_set_default_route
 .text.rpl_alloc_instance
                0x0000000000009358       0x2c contiki-sky.a(rpl-dag.o)
                0x0000000000009358                rpl_alloc_instance
 .text.rpl_init_link_metric
                0x0000000000009384       0x3c contiki-sky.a(rpl-dag.o)
                0x0000000000009384                rpl_init_link_metric
 .text.rpl_add_parent
                0x00000000000093c0       0x6e contiki-sky.a(rpl-dag.o)
                0x00000000000093c0                rpl_add_parent
 .text.rpl_find_parent
                0x000000000000942e       0x1a contiki-sky.a(rpl-dag.o)
                0x000000000000942e                rpl_find_parent
 .text.rpl_find_parent_any_dag
                0x0000000000009448       0x22 contiki-sky.a(rpl-dag.o)
                0x0000000000009448                rpl_find_parent_any_dag
 .text.rpl_select_parent
                0x000000000000946a       0x82 contiki-sky.a(rpl-dag.o)
                0x000000000000946a                rpl_select_parent
 .text.rpl_select_dag
                0x00000000000094ec      0x17e contiki-sky.a(rpl-dag.o)
                0x00000000000094ec                rpl_select_dag
 .text.rpl_nullify_parent
                0x000000000000966a       0x40 contiki-sky.a(rpl-dag.o)
                0x000000000000966a                rpl_nullify_parent
 .text.rpl_remove_parent
                0x00000000000096aa       0x16 contiki-sky.a(rpl-dag.o)
                0x00000000000096aa                rpl_remove_parent
 .text.nbr_callback
                0x00000000000096c0        0x6 contiki-sky.a(rpl-dag.o)
 .text.remove_parents.constprop.2
                0x00000000000096c6       0x32 contiki-sky.a(rpl-dag.o)
 .text.rpl_free_dag
                0x00000000000096f8       0x36 contiki-sky.a(rpl-dag.o)
                0x00000000000096f8                rpl_free_dag
 .text.rpl_free_instance
                0x000000000000972e       0x5c contiki-sky.a(rpl-dag.o)
                0x000000000000972e                rpl_free_instance
 .text.rpl_get_any_dag
                0x000000000000978a       0x18 contiki-sky.a(rpl-dag.o)
                0x000000000000978a                rpl_get_any_dag
 .text.rpl_get_instance
                0x00000000000097a2       0x1a contiki-sky.a(rpl-dag.o)
                0x00000000000097a2                rpl_get_instance
 .text.get_dag  0x00000000000097bc       0x38 contiki-sky.a(rpl-dag.o)
 .text.rpl_alloc_dag
                0x00000000000097f4       0x66 contiki-sky.a(rpl-dag.o)
                0x00000000000097f4                rpl_alloc_dag
 .text.rpl_set_root
                0x000000000000985a       0xc6 contiki-sky.a(rpl-dag.o)
                0x000000000000985a                rpl_set_root
 .text.rpl_find_of
                0x0000000000009920       0x10 contiki-sky.a(rpl-dag.o)
                0x0000000000009920                rpl_find_of
 .text.rpl_join_instance
                0x0000000000009930       0xfe contiki-sky.a(rpl-dag.o)
                0x0000000000009930                rpl_join_instance
 .text.rpl_local_repair
                0x0000000000009a2e       0x32 contiki-sky.a(rpl-dag.o)
                0x0000000000009a2e                rpl_local_repair
 .text.rpl_process_parent_event
                0x0000000000009a60       0x46 contiki-sky.a(rpl-dag.o)
                0x0000000000009a60                rpl_process_parent_event
 .text.rpl_recalculate_ranks
                0x0000000000009aa6       0x48 contiki-sky.a(rpl-dag.o)
                0x0000000000009aa6                rpl_recalculate_ranks
 .text.rpl_process_dio
                0x0000000000009aee      0x234 contiki-sky.a(rpl-dag.o)
                0x0000000000009aee                rpl_process_dio
 .text.rpl_dag_parents_num
                0x0000000000009d22       0x24 contiki-sky.a(rpl-dag.o)
                0x0000000000009d22                rpl_dag_parents_num
 .text.new_dio_interval
                0x0000000000009d46       0xac contiki-sky.a(rpl-timers.o)
 .text.handle_periodic_timer
                0x0000000000009df2       0x12 contiki-sky.a(rpl-timers.o)
 .text.handle_dio_timer
                0x0000000000009e04       0x78 contiki-sky.a(rpl-timers.o)
 .text.rpl_reset_periodic_timer
                0x0000000000009e7c       0x60 contiki-sky.a(rpl-timers.o)
                0x0000000000009e7c                rpl_reset_periodic_timer
 .text.rpl_reset_dio_timer
                0x0000000000009edc       0x18 contiki-sky.a(rpl-timers.o)
                0x0000000000009edc                rpl_reset_dio_timer
 .text.rpl_verify_header
                0x0000000000009ef4      0x102 contiki-sky.a(rpl-ext-header.)
                0x0000000000009ef4                rpl_verify_header
 .text.rpl_update_header_empty
                0x0000000000009ff6       0xd6 contiki-sky.a(rpl-ext-header.)
                0x0000000000009ff6                rpl_update_header_empty
 .text.rpl_update_header_final
                0x000000000000a0cc       0x94 contiki-sky.a(rpl-ext-header.)
                0x000000000000a0cc                rpl_update_header_final
 .text.rpl_invert_header
                0x000000000000a160       0x7a contiki-sky.a(rpl-ext-header.)
                0x000000000000a160                rpl_invert_header
 .text.rpl_insert_header
                0x000000000000a1da       0x12 contiki-sky.a(rpl-ext-header.)
                0x000000000000a1da                rpl_insert_header
 .text.rpl_purge_routes
                0x000000000000a1ec        0x2 contiki-sky.a(rpl.o)
                0x000000000000a1ec                rpl_purge_routes
 .text.rpl_remove_routes
                0x000000000000a1ee        0x2 contiki-sky.a(rpl.o)
                0x000000000000a1ee                rpl_remove_routes
 .text.rpl_link_neighbor_callback
                0x000000000000a1f0       0x88 contiki-sky.a(rpl.o)
                0x000000000000a1f0                rpl_link_neighbor_callback
 .text.rpl_ipv6_neighbor_callback
                0x000000000000a278       0x1e contiki-sky.a(rpl.o)
                0x000000000000a278                rpl_ipv6_neighbor_callback
 .text.rpl_init
                0x000000000000a296       0x4a contiki-sky.a(rpl.o)
                0x000000000000a296                rpl_init
 .text.reset    0x000000000000a2e0        0x2 contiki-sky.a(rpl-of-etx-exp.)
 .text.neighbor_link_callback
                0x000000000000a2e2       0x86 contiki-sky.a(rpl-of-etx-exp.)
 .text.calculate_rank
                0x000000000000a368       0x34 contiki-sky.a(rpl-of-etx-exp.)
 .text.best_parent
                0x000000000000a39c       0x56 contiki-sky.a(rpl-of-etx-exp.)
 .text.update_metric_container
                0x000000000000a3f2        0x6 contiki-sky.a(rpl-of-etx-exp.)
 .text.best_dag
                0x000000000000a3f8       0x34 contiki-sky.a(rpl-of-etx-exp.)
 .text.send_packet
                0x000000000000a42c        0x2 contiki-sky.a(nordc.o)
 .text.send_list
                0x000000000000a42e        0x2 contiki-sky.a(nordc.o)
 .text.packet_input
                0x000000000000a430        0x2 contiki-sky.a(nordc.o)
 .text.on       0x000000000000a432        0x4 contiki-sky.a(nordc.o)
 .text.off      0x000000000000a436        0x4 contiki-sky.a(nordc.o)
 .text.channel_check_interval
                0x000000000000a43a        0x4 contiki-sky.a(nordc.o)
 .text.init     0x000000000000a43e        0x2 contiki-sky.a(nordc.o)
 .text.parse    0x000000000000a440       0x88 contiki-sky.a(framer-802154.o)
 .text.create_frame.isra.0
                0x000000000000a4c8      0x100 contiki-sky.a(framer-802154.o)
 .text.create   0x000000000000a5c8        0x8 contiki-sky.a(framer-802154.o)
 .text.hdr_length
                0x000000000000a5d0        0x8 contiki-sky.a(framer-802154.o)
 .text.framer_canonical_create_and_secure
                0x000000000000a5d8       0x20 contiki-sky.a(framer.o)
                0x000000000000a5d8                framer_canonical_create_and_secure
 .text.queuebuf_init
                0x000000000000a5f8       0x1a contiki-sky.a(queuebuf.o)
                0x000000000000a5f8                queuebuf_init
 .text.queuebuf_new_from_packetbuf
                0x000000000000a612       0x88 contiki-sky.a(queuebuf.o)
                0x000000000000a612                queuebuf_new_from_packetbuf
 .text.queuebuf_free
                0x000000000000a69a       0x40 contiki-sky.a(queuebuf.o)
                0x000000000000a69a                queuebuf_free
 .text.queuebuf_to_packetbuf
                0x000000000000a6da       0x6e contiki-sky.a(queuebuf.o)
                0x000000000000a6da                queuebuf_to_packetbuf
 .text.queuebuf_dataptr
                0x000000000000a748       0x30 contiki-sky.a(queuebuf.o)
                0x000000000000a748                queuebuf_dataptr
 .text.queuebuf_datalen
                0x000000000000a778        0x8 contiki-sky.a(queuebuf.o)
                0x000000000000a778                queuebuf_datalen
 .text.queuebuf_addr
                0x000000000000a780       0x16 contiki-sky.a(queuebuf.o)
                0x000000000000a780                queuebuf_addr
 .text.index_from_key
                0x000000000000a796       0x48 contiki-sky.a(nbr-table.o)
 .text.item_from_key
                0x000000000000a7de       0x34 contiki-sky.a(nbr-table.o)
 .text.nbr_set_bit
                0x000000000000a812       0x8e contiki-sky.a(nbr-table.o)
 .text.index_from_lladdr
                0x000000000000a8a0       0x42 contiki-sky.a(nbr-table.o)
 .text.nbr_get_bit.constprop.0
                0x000000000000a8e2       0x62 contiki-sky.a(nbr-table.o)
 .text.nbr_table_register
                0x000000000000a944       0x28 contiki-sky.a(nbr-table.o)
                0x000000000000a944                nbr_table_register
 .text.nbr_table_next
                0x000000000000a96c       0x90 contiki-sky.a(nbr-table.o)
                0x000000000000a96c                nbr_table_next
 .text.nbr_table_head
                0x000000000000a9fc       0x36 contiki-sky.a(nbr-table.o)
                0x000000000000a9fc                nbr_table_head
 .text.nbr_table_add_lladdr
                0x000000000000aa32      0x144 contiki-sky.a(nbr-table.o)
                0x000000000000aa32                nbr_table_add_lladdr
 .text.nbr_table_get_from_lladdr
                0x000000000000ab76       0x48 contiki-sky.a(nbr-table.o)
                0x000000000000ab76                nbr_table_get_from_lladdr
 .text.nbr_table_remove
                0x000000000000abbe       0x32 contiki-sky.a(nbr-table.o)
                0x000000000000abbe                nbr_table_remove
 .text.nbr_table_lock
                0x000000000000abf0       0x10 contiki-sky.a(nbr-table.o)
                0x000000000000abf0                nbr_table_lock
 .text.nbr_table_unlock
                0x000000000000ac00       0x10 contiki-sky.a(nbr-table.o)
                0x000000000000ac00                nbr_table_unlock
 .text.nbr_table_get_lladdr
                0x000000000000ac10       0x5a contiki-sky.a(nbr-table.o)
                0x000000000000ac10                nbr_table_get_lladdr
 .text.packetbuf_copyto_hdr
                0x000000000000ac6a       0x1c contiki-sky.a(packetbuf.o)
                0x000000000000ac6a                packetbuf_copyto_hdr
 .text.packetbuf_copyto
                0x000000000000ac86       0x52 contiki-sky.a(packetbuf.o)
                0x000000000000ac86                packetbuf_copyto
 .text.packetbuf_hdrreduce
                0x000000000000acd8       0x1a contiki-sky.a(packetbuf.o)
                0x000000000000acd8                packetbuf_hdrreduce
 .text.packetbuf_set_datalen
                0x000000000000acf2        0x6 contiki-sky.a(packetbuf.o)
                0x000000000000acf2                packetbuf_set_datalen
 .text.packetbuf_dataptr
                0x000000000000acf8        0xe contiki-sky.a(packetbuf.o)
                0x000000000000acf8                packetbuf_dataptr
 .text.packetbuf_hdrptr
                0x000000000000ad06        0xa contiki-sky.a(packetbuf.o)
                0x000000000000ad06                packetbuf_hdrptr
 .text.packetbuf_is_reference
                0x000000000000ad10        0xe contiki-sky.a(packetbuf.o)
                0x000000000000ad10                packetbuf_is_reference
 .text.packetbuf_compact
                0x000000000000ad1e       0x48 contiki-sky.a(packetbuf.o)
                0x000000000000ad1e                packetbuf_compact
 .text.packetbuf_reference_ptr
                0x000000000000ad66        0x6 contiki-sky.a(packetbuf.o)
                0x000000000000ad66                packetbuf_reference_ptr
 .text.packetbuf_datalen
                0x000000000000ad6c        0x6 contiki-sky.a(packetbuf.o)
                0x000000000000ad6c                packetbuf_datalen
 .text.packetbuf_hdrlen
                0x000000000000ad72       0x10 contiki-sky.a(packetbuf.o)
                0x000000000000ad72                packetbuf_hdrlen
 .text.packetbuf_totlen
                0x000000000000ad82        0xc contiki-sky.a(packetbuf.o)
                0x000000000000ad82                packetbuf_totlen
 .text.packetbuf_hdralloc
                0x000000000000ad8e       0x2e contiki-sky.a(packetbuf.o)
                0x000000000000ad8e                packetbuf_hdralloc
 .text.packetbuf_attr_clear
                0x000000000000adbc       0x36 contiki-sky.a(packetbuf.o)
                0x000000000000adbc                packetbuf_attr_clear
 .text.packetbuf_clear
                0x000000000000adf2       0x1a contiki-sky.a(packetbuf.o)
                0x000000000000adf2                packetbuf_clear
 .text.packetbuf_copyfrom
                0x000000000000ae0c       0x2e contiki-sky.a(packetbuf.o)
                0x000000000000ae0c                packetbuf_copyfrom
 .text.packetbuf_attr_copyto
                0x000000000000ae3a       0x22 contiki-sky.a(packetbuf.o)
                0x000000000000ae3a                packetbuf_attr_copyto
 .text.packetbuf_attr_copyfrom
                0x000000000000ae5c       0x24 contiki-sky.a(packetbuf.o)
                0x000000000000ae5c                packetbuf_attr_copyfrom
 .text.packetbuf_holds_broadcast
                0x000000000000ae80        0xe contiki-sky.a(packetbuf.o)
                0x000000000000ae80                packetbuf_holds_broadcast
 .text.linkaddr_copy
                0x000000000000ae8e        0x8 contiki-sky.a(linkaddr.o)
                0x000000000000ae8e                linkaddr_copy
 .text.linkaddr_cmp
                0x000000000000ae96       0x12 contiki-sky.a(linkaddr.o)
                0x000000000000ae96                linkaddr_cmp
 .text.linkaddr_set_node_addr
                0x000000000000aea8        0xc contiki-sky.a(linkaddr.o)
                0x000000000000aea8                linkaddr_set_node_addr
 .text.off      0x000000000000aeb4        0x6 contiki-sky.a(tsch.o)
 .text.channel_check_interval
                0x000000000000aeba        0x4 contiki-sky.a(tsch.o)
 .text.check_timer_miss
                0x000000000000aebe       0x2e contiki-sky.a(tsch.o)
 .text.turn_off
                0x000000000000aeec        0x4 contiki-sky.a(tsch.o)
 .text.turn_on  0x000000000000aef0       0x18 contiki-sky.a(tsch.o)
 .text.packet_input
                0x000000000000af08       0xf2 contiki-sky.a(tsch.o)
 .text.send_packet
                0x000000000000affa       0xbc contiki-sky.a(tsch.o)
 .text.tsch_reset
                0x000000000000b0b6       0x52 contiki-sky.a(tsch.o)
 .text.tsch_init
                0x000000000000b108       0x50 contiki-sky.a(tsch.o)
 .text.process_thread_tsch_send_eb_process
                0x000000000000b158      0x154 contiki-sky.a(tsch.o)
 .text.tsch_schedule_keepalive
                0x000000000000b2ac       0x40 contiki-sky.a(tsch.o)
 .text.keepalive_packet_sent
                0x000000000000b2ec        0xe contiki-sky.a(tsch.o)
 .text.keepalive_send
                0x000000000000b2fa       0x2c contiki-sky.a(tsch.o)
 .text.tsch_schedule_link_operation.constprop.4
                0x000000000000b326       0x7c contiki-sky.a(tsch.o)
 .text.tsch_is_locked
                0x000000000000b3a2        0x6 contiki-sky.a(tsch.o)
                0x000000000000b3a2                tsch_is_locked
 .text.tsch_get_lock
                0x000000000000b3a8       0xa0 contiki-sky.a(tsch.o)
                0x000000000000b3a8                tsch_get_lock
 .text.process_thread_tsch_pending_events_process
                0x000000000000b448      0x212 contiki-sky.a(tsch.o)
 .text.tsch_release_lock
                0x000000000000b65a        0x6 contiki-sky.a(tsch.o)
                0x000000000000b65a                tsch_release_lock
 .text.tsch_calculate_channel
                0x000000000000b660       0x62 contiki-sky.a(tsch.o)
                0x000000000000b660                tsch_calculate_channel
 .text.hop_channel.constprop.8
                0x000000000000b6c2       0x24 contiki-sky.a(tsch.o)
 .text.process_thread_tsch_process
                0x000000000000b6e6      0x2ce contiki-sky.a(tsch.o)
 .text.tsch_link_operation
                0x000000000000b9b4      0xa96 contiki-sky.a(tsch.o)
 .text.tsch_set_eb_period
                0x000000000000c44a       0x10 contiki-sky.a(tsch.o)
                0x000000000000c44a                tsch_set_eb_period
 .text.tsch_dump_status
                0x000000000000c45a       0x4a contiki-sky.a(tsch.o)
                0x000000000000c45a                tsch_dump_status
 .text.tsch_queue_get_nbr
                0x000000000000c4a4       0x3e contiki-sky.a(tsch-queue.o)
                0x000000000000c4a4                tsch_queue_get_nbr
 .text.tsch_queue_add_nbr
                0x000000000000c4e2       0x88 contiki-sky.a(tsch-queue.o)
                0x000000000000c4e2                tsch_queue_add_nbr
 .text.tsch_queue_get_time_source
                0x000000000000c56a       0x26 contiki-sky.a(tsch-queue.o)
                0x000000000000c56a                tsch_queue_get_time_source
 .text.tsch_queue_update_time_source
                0x000000000000c590       0x88 contiki-sky.a(tsch-queue.o)
                0x000000000000c590                tsch_queue_update_time_source
 .text.tsch_queue_add_packet
                0x000000000000c618       0x96 contiki-sky.a(tsch-queue.o)
                0x000000000000c618                tsch_queue_add_packet
 .text.tsch_queue_packet_count
                0x000000000000c6ae       0x26 contiki-sky.a(tsch-queue.o)
                0x000000000000c6ae                tsch_queue_packet_count
 .text.tsch_queue_remove_packet_from_queue
                0x000000000000c6d4       0x32 contiki-sky.a(tsch-queue.o)
                0x000000000000c6d4                tsch_queue_remove_packet_from_queue
 .text.tsch_queue_free_packet
                0x000000000000c706       0x1c contiki-sky.a(tsch-queue.o)
                0x000000000000c706                tsch_queue_free_packet
 .text.tsch_queue_is_empty
                0x000000000000c722       0x2c contiki-sky.a(tsch-queue.o)
                0x000000000000c722                tsch_queue_is_empty
 .text.tsch_queue_flush_nbr_queue
                0x000000000000c74e       0x40 contiki-sky.a(tsch-queue.o)
 .text.tsch_queue_remove_nbr
                0x000000000000c78e       0x32 contiki-sky.a(tsch-queue.o)
 .text.tsch_queue_free_unused_neighbors
                0x000000000000c7c0       0x48 contiki-sky.a(tsch-queue.o)
                0x000000000000c7c0                tsch_queue_free_unused_neighbors
 .text.tsch_queue_get_packet_for_nbr
                0x000000000000c808       0x42 contiki-sky.a(tsch-queue.o)
                0x000000000000c808                tsch_queue_get_packet_for_nbr
 .text.tsch_queue_get_unicast_packet_for_any
                0x000000000000c84a       0x54 contiki-sky.a(tsch-queue.o)
                0x000000000000c84a                tsch_queue_get_unicast_packet_for_any
 .text.tsch_queue_backoff_reset
                0x000000000000c89e        0xa contiki-sky.a(tsch-queue.o)
                0x000000000000c89e                tsch_queue_backoff_reset
 .text.tsch_queue_backoff_inc
                0x000000000000c8a8       0x60 contiki-sky.a(tsch-queue.o)
                0x000000000000c8a8                tsch_queue_backoff_inc
 .text.tsch_queue_update_all_backoff_windows
                0x000000000000c908       0x5e contiki-sky.a(tsch-queue.o)
                0x000000000000c908                tsch_queue_update_all_backoff_windows
 .text.tsch_queue_init
                0x000000000000c966       0x4c contiki-sky.a(tsch-queue.o)
                0x000000000000c966                tsch_queue_init
 .text.tsch_schedule_get_slotframe_from_handle
                0x000000000000c9b2       0x2c contiki-sky.a(tsch-schedule.o)
                0x000000000000c9b2                tsch_schedule_get_slotframe_from_handle
 .text.tsch_schedule_add_slotframe
                0x000000000000c9de       0x78 contiki-sky.a(tsch-schedule.o)
                0x000000000000c9de                tsch_schedule_add_slotframe
 .text.tsch_schedule_remove_link
                0x000000000000ca56       0x82 contiki-sky.a(tsch-schedule.o)
                0x000000000000ca56                tsch_schedule_remove_link
 .text.tsch_schedule_get_link_from_timeslot
                0x000000000000cad8       0x36 contiki-sky.a(tsch-schedule.o)
                0x000000000000cad8                tsch_schedule_get_link_from_timeslot
 .text.tsch_schedule_remove_link_from_timeslot
                0x000000000000cb0e       0x26 contiki-sky.a(tsch-schedule.o)
                0x000000000000cb0e                tsch_schedule_remove_link_from_timeslot
 .text.tsch_schedule_add_link
                0x000000000000cb34       0xba contiki-sky.a(tsch-schedule.o)
                0x000000000000cb34                tsch_schedule_add_link
 .text.tsch_schedule_get_next_active_link
                0x000000000000cbee       0xc0 contiki-sky.a(tsch-schedule.o)
                0x000000000000cbee                tsch_schedule_get_next_active_link
 .text.tsch_schedule_init
                0x000000000000ccae       0x2c contiki-sky.a(tsch-schedule.o)
                0x000000000000ccae                tsch_schedule_init
 .text.tsch_packet_parse_sync_ack
                0x000000000000ccda       0xe2 contiki-sky.a(tsch-packet.o)
                0x000000000000ccda                tsch_packet_parse_sync_ack
 .text.tsch_packet_make_sync_ack
                0x000000000000cdbc       0xb8 contiki-sky.a(tsch-packet.o)
                0x000000000000cdbc                tsch_packet_make_sync_ack
 .text.tsch_packet_parse_frame_type_from_fcf_lsb
                0x000000000000ce74       0x50 contiki-sky.a(tsch-packet.o)
                0x000000000000ce74                tsch_packet_parse_frame_type_from_fcf_lsb
 .text.tsch_packet_parse_frame_type
                0x000000000000cec4       0x1e contiki-sky.a(tsch-packet.o)
                0x000000000000cec4                tsch_packet_parse_frame_type
 .text.tsch_packet_extract_addresses
                0x000000000000cee2       0x9a contiki-sky.a(tsch-packet.o)
                0x000000000000cee2                tsch_packet_extract_addresses
 .text.tsch_packet_make_eb
                0x000000000000cf7c      0x100 contiki-sky.a(tsch-packet.o)
                0x000000000000cf7c                tsch_packet_make_eb
 .text.tsch_packet_update_eb
                0x000000000000d07c       0x68 contiki-sky.a(tsch-packet.o)
                0x000000000000d07c                tsch_packet_update_eb
 .text.tsch_parse_eb
                0x000000000000d0e4      0x156 contiki-sky.a(tsch-packet.o)
                0x000000000000d0e4                tsch_parse_eb
 .text.tsch_rpl_callback_joining_network
                0x000000000000d23a        0x2 contiki-sky.a(tsch-rpl.o)
                0x000000000000d23a                tsch_rpl_callback_joining_network
 .text.tsch_rpl_callback_leaving_network
                0x000000000000d23c       0x12 contiki-sky.a(tsch-rpl.o)
                0x000000000000d23c                tsch_rpl_callback_leaving_network
 .text.tsch_rpl_callback_new_dio_interval
                0x000000000000d24e       0x32 contiki-sky.a(tsch-rpl.o)
                0x000000000000d24e                tsch_rpl_callback_new_dio_interval
 .text.tsch_rpl_callback_parent_switch
                0x000000000000d280       0x24 contiki-sky.a(tsch-rpl.o)
                0x000000000000d280                tsch_rpl_callback_parent_switch
 .text.tsch_log_process_pending
                0x000000000000d2a4      0x178 contiki-sky.a(tsch-log.o)
                0x000000000000d2a4                tsch_log_process_pending
 .text.tsch_log_prepare_add
                0x000000000000d41c       0x4c contiki-sky.a(tsch-log.o)
                0x000000000000d41c                tsch_log_prepare_add
 .text.tsch_log_commit
                0x000000000000d468       0x12 contiki-sky.a(tsch-log.o)
                0x000000000000d468                tsch_log_commit
 .text.tsch_log_init
                0x000000000000d47a        0xe contiki-sky.a(tsch-log.o)
                0x000000000000d47a                tsch_log_init
 .text.bootstrap
                0x000000000000d488        0x4 contiki-sky.a(nullsec.o)
 .text.send     0x000000000000d48c        0x6 contiki-sky.a(nullsec.o)
 .text.on_frame_created
                0x000000000000d492        0x4 contiki-sky.a(nullsec.o)
 .text.input    0x000000000000d496        0x6 contiki-sky.a(nullsec.o)
 .text.get_overhead
                0x000000000000d49c        0x4 contiki-sky.a(nullsec.o)
 .text.spi_init
                0x000000000000d4a0       0x32 contiki-sky.a(spi.o)
                0x000000000000d4a0                spi_init
 .text.stimer_set
                0x000000000000d4d2       0x1c contiki-sky.a(stimer.o)
                0x000000000000d4d2                stimer_set
 .text.stimer_expired
                0x000000000000d4ee       0x30 contiki-sky.a(stimer.o)
                0x000000000000d4ee                stimer_expired
 .text.ringbufindex_init
                0x000000000000d51e       0x10 contiki-sky.a(ringbufindex.o)
                0x000000000000d51e                ringbufindex_init
 .text.ringbufindex_put
                0x000000000000d52e       0x28 contiki-sky.a(ringbufindex.o)
                0x000000000000d52e                ringbufindex_put
 .text.ringbufindex_peek_put
                0x000000000000d556       0x20 contiki-sky.a(ringbufindex.o)
                0x000000000000d556                ringbufindex_peek_put
 .text.ringbufindex_get
                0x000000000000d576       0x2c contiki-sky.a(ringbufindex.o)
                0x000000000000d576                ringbufindex_get
 .text.ringbufindex_peek_get
                0x000000000000d5a2       0x1c contiki-sky.a(ringbufindex.o)
                0x000000000000d5a2                ringbufindex_peek_get
 .text.ringbufindex_elements
                0x000000000000d5be       0x10 contiki-sky.a(ringbufindex.o)
                0x000000000000d5be                ringbufindex_elements
 .text.ringbufindex_empty
                0x000000000000d5ce       0x16 contiki-sky.a(ringbufindex.o)
                0x000000000000d5ce                ringbufindex_empty
 .text.echo_reply_input
                0x000000000000d5e4      0x112 contiki-sky.a(uip-icmp6.o)
 .text.echo_request_input
                0x000000000000d6f6      0x12c contiki-sky.a(uip-icmp6.o)
 .text.uip_icmp6_input
                0x000000000000d822       0x44 contiki-sky.a(uip-icmp6.o)
                0x000000000000d822                uip_icmp6_input
 .text.uip_icmp6_register_input_handler
                0x000000000000d866        0xc contiki-sky.a(uip-icmp6.o)
                0x000000000000d866                uip_icmp6_register_input_handler
 .text.uip_icmp6_error_output
                0x000000000000d872      0x17a contiki-sky.a(uip-icmp6.o)
                0x000000000000d872                uip_icmp6_error_output
 .text.uip_icmp6_send
                0x000000000000d9ec       0x96 contiki-sky.a(uip-icmp6.o)
                0x000000000000d9ec                uip_icmp6_send
 .text.uip_icmp6_init
                0x000000000000da82       0x12 contiki-sky.a(uip-icmp6.o)
                0x000000000000da82                uip_icmp6_init
 .text.uip_udp_packet_send
                0x000000000000da94       0x2e contiki-sky.a(uip-udp-packet.)
                0x000000000000da94                uip_udp_packet_send
 .text.uip_udp_packet_sendto
                0x000000000000dac2       0x66 contiki-sky.a(uip-udp-packet.)
                0x000000000000dac2                uip_udp_packet_sendto
 .text.get32    0x000000000000db28       0x46 contiki-sky.a(rpl-icmp6.o)
 .text.set32    0x000000000000db6e       0x2a contiki-sky.a(rpl-icmp6.o)
 .text.set16    0x000000000000db98       0x10 contiki-sky.a(rpl-icmp6.o)
 .text.dio_input
                0x000000000000dba8      0x288 contiki-sky.a(rpl-icmp6.o)
 .text.dio_output
                0x000000000000de30      0x270 contiki-sky.a(rpl-icmp6.o)
                0x000000000000de30                dio_output
 .text.rpl_icmp6_register_handlers
                0x000000000000e0a0        0xa contiki-sky.a(rpl-icmp6.o)
                0x000000000000e0a0                rpl_icmp6_register_handlers
 .text.field_len
                0x000000000000e0aa       0x98 contiki-sky.a(frame802154.o)
 .text.frame802154_hdrlen
                0x000000000000e142       0x2e contiki-sky.a(frame802154.o)
                0x000000000000e142                frame802154_hdrlen
 .text.frame802154_create
                0x000000000000e170      0x146 contiki-sky.a(frame802154.o)
                0x000000000000e170                frame802154_create
 .text.frame802154_parse
                0x000000000000e2b6      0x1da contiki-sky.a(frame802154.o)
                0x000000000000e2b6                frame802154_parse
 .text.mac_call_sent_callback
                0x000000000000e490       0x14 contiki-sky.a(mac.o)
                0x000000000000e490                mac_call_sent_callback
 .text.libgcc   0x000000000000e4a4       0x2c /usr/lib/gcc/msp430/4.6.3/mmpy-16/libgcc.a(_mulsi3.o)
                0x000000000000e4a4                __mulsi3
 .text.libgcc   0x000000000000e4d0       0x22 /usr/lib/gcc/msp430/4.6.3/mmpy-16/libgcc.a(_udivmod16.o)
                0x000000000000e4d0                __udivhi3
                0x000000000000e4d0                __ext_udivmod16
                0x000000000000e4ea                __umodhi3
 .text.libgcc   0x000000000000e4f2       0x3a /usr/lib/gcc/msp430/4.6.3/mmpy-16/libgcc.a(_divmod16.o)
                0x000000000000e4f2                __ext_divmod16
                0x000000000000e4f2                __divhi3
                0x000000000000e524                __modhi3
 .text.libgcc   0x000000000000e52c       0x40 /usr/lib/gcc/msp430/4.6.3/mmpy-16/libgcc.a(_udivmod32.o)
                0x000000000000e52c                __udivsi3
                0x000000000000e52c                __ext_udivmod32
                0x000000000000e562                __umodsi3
 .text.libgcc   0x000000000000e56c       0x4c /usr/lib/gcc/msp430/4.6.3/mmpy-16/libgcc.a(_divmod32.o)
                0x000000000000e56c                __ext_divmod32
                0x000000000000e56c                __divsi3
                0x000000000000e5ae                __modsi3
 .text          0x000000000000e5b8       0x20 /usr/lib/gcc/msp430/4.6.3/../../../../msp430/lib/mmpy-16/libc.a(memcmp.o)
                0x000000000000e5b8                memcmp
 .text          0x000000000000e5d8       0xfa /usr/lib/gcc/msp430/4.6.3/../../../../msp430/lib/mmpy-16/libc.a(memcpy.o)
                0x000000000000e5d8                memcpy
 .text          0x000000000000e6d2       0xfa /usr/lib/gcc/msp430/4.6.3/../../../../msp430/lib/mmpy-16/libc.a(memmove.o)
                0x000000000000e6d2                memmove
 .text          0x000000000000e7cc       0x6a /usr/lib/gcc/msp430/4.6.3/../../../../msp430/lib/mmpy-16/libc.a(memset.o)
                0x000000000000e7cc                memset
 .text          0x000000000000e836       0x1e /usr/lib/gcc/msp430/4.6.3/../../../../msp430/lib/mmpy-16/libc.a(printf.o)
                0x000000000000e836                printf
                0x000000000000e846                vprintf
 .text          0x000000000000e854       0xbc /usr/lib/gcc/msp430/4.6.3/../../../../msp430/lib/mmpy-16/libc.a(sprintf.o)
                0x000000000000e8b2                sprintf
                0x000000000000e8ce                snprintf
                0x000000000000e8e8                vsprintf
                0x000000000000e8fe                vsnprintf
 .text          0x000000000000e910      0x836 /usr/lib/gcc/msp430/4.6.3/../../../../msp430/lib/mmpy-16/libc.a(vuprintf.o)
                0x000000000000eaa8                vuprintf
 .text          0x000000000000f146       0x2c /usr/lib/gcc/msp430/4.6.3/../../../../msp430/lib/mmpy-16/libc.a(puts.o)
                0x000000000000f146                puts
 .text          0x000000000000f172       0x54 /usr/lib/gcc/msp430/4.6.3/../../../../msp430/lib/mmpy-16/libc.a(rand.o)
                0x000000000000f172                rand_r
                0x000000000000f196                rand
                0x000000000000f1bc                srand
 .text.libgcc   0x000000000000f1c6       0xf0 /usr/lib/gcc/msp430/4.6.3/mmpy-16/libgcc.a(_udivmod64.o)
                0x000000000000f1c6                __xabi_udivmod64
                0x000000000000f224                __udivdi3
                0x000000000000f24a                __umoddi3
                0x000000000000f278                __udivmoddi4
 .text.crt0     0x000000000000f2b6        0x2 /usr/lib/gcc/msp430/4.6.3/mmpy-16/libcrt0.a(_unexpected_.o)
                0x000000000000f2b6                _unexpected_
                0x000000000000f2b8                . = ALIGN (0x2)

.rodata         0x000000000000f2b8      0x81a
                0x000000000000f2b8                . = ALIGN (0x2)
 *(.rodata .rodata.* .gnu.linkonce.r.*)
 .rodata        0x000000000000f2b8       0x42 app-rpl-collect-only.co
                0x000000000000f2f6                autostart_processes
 .rodata        0x000000000000f2fa       0x12 obj_sky/contiki-sky-main.o
 .rodata        0x000000000000f30c       0x67 contiki-sky.a(deployment-log.)
 .rodata        0x000000000000f373       0x33 contiki-sky.a(simple-energest)
 .rodata        0x000000000000f3a6       0x10 contiki-sky.a(button-sensor.o)
                0x000000000000f3ae                button_sensor
 .rodata        0x000000000000f3b6       0x4c contiki-sky.a(cc2420.o)
                0x000000000000f3d2                cc2420_aes_128_driver
                0x000000000000f3d6                cc2420_driver
 .rodata        0x000000000000f402       0x2f contiki-sky.a(watchdog.o)
 .rodata        0x000000000000f431       0x12 contiki-sky.a(uip-ds6-route.o)
 *fill*         0x000000000000f443        0x1 00
 .rodata        0x000000000000f444       0x7a contiki-sky.a(sicslowpan.o)
                0x000000000000f4a6                sicslowpan_driver
                0x000000000000f4ac                llprefix
                0x000000000000f4ae                unc_mxconf
                0x000000000000f4b2                unc_ctxconf
                0x000000000000f4b6                unc_llconf
 .rodata        0x000000000000f4be       0x4b contiki-sky.a(tcpip.o)
 .rodata        0x000000000000f509       0x95 contiki-sky.a(rpl-dag.o)
 .rodata        0x000000000000f59e        0xc contiki-sky.a(rpl-timers.o)
 .rodata        0x000000000000f5aa       0x2b contiki-sky.a(rpl-ext-header.)
 *fill*         0x000000000000f5d5        0x1 00
 .rodata        0x000000000000f5d6       0x16 contiki-sky.a(nordc.o)
                0x000000000000f5dc                nordc_driver
 .rodata        0x000000000000f5ec        0x8 contiki-sky.a(framer-802154.o)
                0x000000000000f5ec                framer_802154
 .rodata        0x000000000000f5f4        0x8 contiki-sky.a(linkaddr.o)
                0x000000000000f5f4                linkaddr_null
 .rodata        0x000000000000f5fc      0x228 contiki-sky.a(tsch.o)
                0x000000000000f806                tschmac_driver
                0x000000000000f814                tsch_eb_address
                0x000000000000f81c                tsch_broadcast_address
 .rodata        0x000000000000f824      0x1ba contiki-sky.a(tsch-queue.o)
 .rodata        0x000000000000f9de       0x82 contiki-sky.a(tsch-log.o)
 .rodata        0x000000000000fa60       0x14 contiki-sky.a(nullsec.o)
                0x000000000000fa68                nullsec_driver
 .rodata        0x000000000000fa74       0x55 contiki-sky.a(rpl-icmp6.o)
 .rodata        0x000000000000fac9        0x2 contiki-sky.a(frame802154.o)
 .rodata        0x000000000000facb        0x7 /usr/lib/gcc/msp430/4.6.3/../../../../msp430/lib/mmpy-16/libc.a(vuprintf.o)
                0x000000000000fad2                . = ALIGN (0x2)
                0x000000000000fad2                _etext = .

.data           0x0000000000001100      0x112 load address 0x000000000000fad2
                0x0000000000001100                . = ALIGN (0x2)
                0x0000000000001100                PROVIDE (__data_start, .)
 *(.data .data.* .gnu.linkonce.d.*)
 .data          0x0000000000001100        0x8 app-rpl-collect-only.co
                0x0000000000001100                unicast_sender_process
 .data          0x0000000000001108        0xe obj_sky/orchestra.o
 .data          0x0000000000001116        0x2 contiki-sky.a(deployment.o)
                0x0000000000001116                node_index
 .data          0x0000000000001118        0x8 contiki-sky.a(deployment-log.)
                0x0000000000001118                log_process
 .data          0x0000000000001120        0x4 contiki-sky.a(contiki-sky-pla)
                0x0000000000001120                sensors
 .data          0x0000000000001124        0x8 contiki-sky.a(sensors.o)
                0x0000000000001124                sensors_process
 .data          0x000000000000112c        0xa contiki-sky.a(cc2420.o)
                0x000000000000112e                cc2420_process
 .data          0x0000000000001136        0x2 contiki-sky.a(msp430.o)
 .data          0x0000000000001138        0x8 contiki-sky.a(ctimer.o)
                0x0000000000001138                ctimer_process
 .data          0x0000000000001140        0x8 contiki-sky.a(etimer.o)
                0x0000000000001140                etimer_process
 .data          0x0000000000001148        0x8 contiki-sky.a(uip-ds6-route.o)
 .data          0x0000000000001150        0xa contiki-sky.a(uip-ds6-nbr.o)
                0x0000000000001150                ds6_neighbors
 .data          0x000000000000115a        0x8 contiki-sky.a(tcpip.o)
                0x000000000000115a                tcpip_process
 .data          0x0000000000001162        0x8 contiki-sky.a(simple-udp.o)
                0x0000000000001162                simple_udp_process
 .data          0x000000000000116a        0xa contiki-sky.a(rpl-dag.o)
                0x000000000000116a                rpl_parents
 .data          0x0000000000001174        0xe contiki-sky.a(rpl-of-etx-exp.)
                0x0000000000001174                rpl_of_etx_exp
 .data          0x0000000000001182       0x18 contiki-sky.a(queuebuf.o)
 .data          0x000000000000119a        0x8 contiki-sky.a(nbr-table.o)
 .data          0x00000000000011a2       0x2a contiki-sky.a(tsch.o)
                0x00000000000011a2                tsch_pending_events_process
                0x00000000000011aa                tsch_process
                0x00000000000011b2                tsch_send_eb_process
                0x00000000000011ba                hopping_sequence_list
 .data          0x00000000000011cc       0x10 contiki-sky.a(tsch-queue.o)
 .data          0x00000000000011dc       0x20 contiki-sky.a(tsch-schedule.o)
 .data          0x00000000000011fc        0xc contiki-sky.a(uip-icmp6.o)
 .data          0x0000000000001208        0x6 contiki-sky.a(rpl-icmp6.o)
 .data          0x000000000000120e        0x4 /usr/lib/gcc/msp430/4.6.3/../../../../msp430/lib/mmpy-16/libc.a(rand.o)
                0x0000000000001212                . = ALIGN (0x2)
                0x0000000000001212                _edata = .
                0x000000000000fad2                PROVIDE (__data_load_start, LOADADDR (.data))
                0x0000000000000112                PROVIDE (__data_size, SIZEOF (.data))

.bss            0x0000000000001212     0x238c load address 0x000000000000fbe4
                0x0000000000001212                PROVIDE (__bss_start, .)
 *(.bss .bss.*)
 .bss           0x0000000000001212       0x3c app-rpl-collect-only.co
 .bss           0x000000000000124e        0x2 obj_sky/node-id.o
                0x000000000000124e                node_id
 .bss           0x0000000000001250      0x12c obj_sky/orchestra.o
 .bss           0x000000000000137c        0x4 obj_sky/contiki-sky-main.o
 .bss           0x0000000000001380       0x10 contiki-sky.a(deployment.o)
 .bss           0x0000000000001390        0xc contiki-sky.a(deployment-log.)
 .bss           0x000000000000139c       0x26 contiki-sky.a(simple-energest)
 .bss           0x00000000000013c2        0x8 contiki-sky.a(button-sensor.o)
 .bss           0x00000000000013ca        0x6 contiki-sky.a(sensors.o)
 .bss           0x00000000000013d0        0x8 contiki-sky.a(cc2420.o)
 .bss           0x00000000000013d8       0x9a contiki-sky.a(uart1.o)
 .bss           0x0000000000001472        0xa contiki-sky.a(clock.o)
 .bss           0x000000000000147c        0x1 contiki-sky.a(leds.o)
 *fill*         0x000000000000147d        0x1 00
 .bss           0x000000000000147e        0x6 contiki-sky.a(watchdog.o)
 .bss           0x0000000000001484        0x4 contiki-sky.a(ctimer.o)
 .bss           0x0000000000001488        0x6 contiki-sky.a(etimer.o)
 .bss           0x000000000000148e       0x42 contiki-sky.a(process.o)
                0x000000000000148e                process_current
                0x0000000000001490                process_list
 .bss           0x00000000000014d0        0x2 contiki-sky.a(rtimer.o)
 .bss           0x00000000000014d2       0x18 contiki-sky.a(uip-ds6.o)
 .bss           0x00000000000014ea       0x3e contiki-sky.a(uip-ds6-route.o)
 .bss           0x0000000000001528        0xa contiki-sky.a(uip6.o)
                0x0000000000001528                uip_ext_opt_offset
                0x000000000000152a                uip_ext_len
                0x000000000000152c                uip_ext_bitmap
 .bss           0x0000000000001532      0x318 contiki-sky.a(uip-ds6-nbr.o)
 .bss           0x000000000000184a       0x24 contiki-sky.a(sicslowpan.o)
 .bss           0x000000000000186e        0xe contiki-sky.a(tcpip.o)
 .bss           0x000000000000187c       0xa2 contiki-sky.a(simple-udp.o)
 .bss           0x000000000000191e      0x134 contiki-sky.a(rpl-dag.o)
 .bss           0x0000000000001a52       0x18 contiki-sky.a(rpl-timers.o)
 .bss           0x0000000000001a6a        0x2 contiki-sky.a(framer-802154.o)
 .bss           0x0000000000001a6c      0xa8e contiki-sky.a(queuebuf.o)
 .bss           0x00000000000024fa      0x132 contiki-sky.a(nbr-table.o)
 .bss           0x000000000000262c       0xb8 contiki-sky.a(packetbuf.o)
 .bss           0x00000000000026e4      0x1ac contiki-sky.a(tsch.o)
                0x00000000000026e4                associated
                0x00000000000026e6                tsch_is_coordinator
 .bss           0x0000000000002890      0x1e4 contiki-sky.a(tsch-queue.o)
 .bss           0x0000000000002a74      0x362 contiki-sky.a(tsch-schedule.o)
 .bss           0x0000000000002dd6      0x248 contiki-sky.a(tsch-log.o)
 .bss           0x000000000000301e       0x14 contiki-sky.a(uip-icmp6.o)
 .bss           0x0000000000003032        0x4 /usr/lib/gcc/msp430/4.6.3/../../../../msp430/lib/mmpy-16/libc.a(sprintf.o)
 *(COMMON)
 COMMON         0x0000000000003036        0x2 contiki-sky.a(contiki-sky-pla)
                0x0000000000003036                sensors_flags